ARM GAS  /tmp/ccZHsI4n.s 			page 1


   1              		.cpu cortex-m3
   2              		.arch armv7-m
   3              		.fpu softvfp
   4              		.eabi_attribute 20, 1
   5              		.eabi_attribute 21, 1
   6              		.eabi_attribute 23, 3
   7              		.eabi_attribute 24, 1
   8              		.eabi_attribute 25, 1
   9              		.eabi_attribute 26, 1
  10              		.eabi_attribute 30, 1
  11              		.eabi_attribute 34, 1
  12              		.eabi_attribute 18, 4
  13              		.file	"lsm6ds0.c"
  14              		.text
  15              	.Ltext0:
  16              		.cfi_sections	.debug_frame
  17              		.file 1 "Core/Src/lsm6ds0.c"
  18              		.section	.text.LSM6DS0_begin,"ax",%progbits
  19              		.align	1
  20              		.global	LSM6DS0_begin
  21              		.syntax unified
  22              		.thumb
  23              		.thumb_func
  25              	LSM6DS0_begin:
  26              	.LFB65:
   1:Core/Src/lsm6ds0.c **** #include "lsm6ds0.h"
   2:Core/Src/lsm6ds0.c **** 
   3:Core/Src/lsm6ds0.c **** int LSM6DS0_begin(void){
  27              		.loc 1 3 24 view -0
  28              		.cfi_startproc
  29              		@ args = 0, pretend = 0, frame = 8
  30              		@ frame_needed = 0, uses_anonymous_args = 0
  31 0000 00B5     		push	{lr}
  32              		.cfi_def_cfa_offset 4
  33              		.cfi_offset 14, -4
  34 0002 87B0     		sub	sp, sp, #28
  35              		.cfi_def_cfa_offset 32
   4:Core/Src/lsm6ds0.c ****   uint8_t data=0;
  36              		.loc 1 4 3 view .LVU1
  37              		.loc 1 4 11 is_stmt 0 view .LVU2
  38 0004 0023     		movs	r3, #0
  39 0006 8DF81730 		strb	r3, [sp, #23]
   5:Core/Src/lsm6ds0.c **** 
   6:Core/Src/lsm6ds0.c ****     // Check WHO_AM_I register
   7:Core/Src/lsm6ds0.c ****   HAL_I2C_Mem_Read(&hi2c1, 0xD7, WHO_AM_I, 1, &data, 1, HAL_MAX_DELAY);
  40              		.loc 1 7 3 is_stmt 1 view .LVU3
  41 000a 4FF0FF33 		mov	r3, #-1
  42 000e 0293     		str	r3, [sp, #8]
  43 0010 0123     		movs	r3, #1
  44 0012 0193     		str	r3, [sp, #4]
  45 0014 0DF11702 		add	r2, sp, #23
  46 0018 0092     		str	r2, [sp]
  47 001a 0F22     		movs	r2, #15
  48 001c D721     		movs	r1, #215
  49 001e 0648     		ldr	r0, .L5
  50 0020 FFF7FEFF 		bl	HAL_I2C_Mem_Read
  51              	.LVL0:
ARM GAS  /tmp/ccZHsI4n.s 			page 2


   8:Core/Src/lsm6ds0.c ****   if (data != 0x6C) {
  52              		.loc 1 8 3 view .LVU4
  53              		.loc 1 8 12 is_stmt 0 view .LVU5
  54 0024 9DF81730 		ldrb	r3, [sp, #23]	@ zero_extendqisi2
  55              		.loc 1 8 6 view .LVU6
  56 0028 6C2B     		cmp	r3, #108
  57 002a 03D1     		bne	.L3
   9:Core/Src/lsm6ds0.c ****       // Handle error
  10:Core/Src/lsm6ds0.c ****       // HAL_GPIO_WritePin(LED_GPIO_Port,LED_Pin,SET);
  11:Core/Src/lsm6ds0.c ****     return 0;
  12:Core/Src/lsm6ds0.c ****   
  13:Core/Src/lsm6ds0.c ****   }
  14:Core/Src/lsm6ds0.c ****   return 1;
  58              		.loc 1 14 10 view .LVU7
  59 002c 0120     		movs	r0, #1
  60              	.L1:
  15:Core/Src/lsm6ds0.c **** }
  61              		.loc 1 15 1 view .LVU8
  62 002e 07B0     		add	sp, sp, #28
  63              		.cfi_remember_state
  64              		.cfi_def_cfa_offset 4
  65              		@ sp needed
  66 0030 5DF804FB 		ldr	pc, [sp], #4
  67              	.L3:
  68              		.cfi_restore_state
  11:Core/Src/lsm6ds0.c ****   
  69              		.loc 1 11 12 view .LVU9
  70 0034 0020     		movs	r0, #0
  71 0036 FAE7     		b	.L1
  72              	.L6:
  73              		.align	2
  74              	.L5:
  75 0038 00000000 		.word	hi2c1
  76              		.cfi_endproc
  77              	.LFE65:
  79              		.section	.text.LSM6DS0_Init,"ax",%progbits
  80              		.align	1
  81              		.global	LSM6DS0_Init
  82              		.syntax unified
  83              		.thumb
  84              		.thumb_func
  86              	LSM6DS0_Init:
  87              	.LFB66:
  16:Core/Src/lsm6ds0.c **** 
  17:Core/Src/lsm6ds0.c **** void LSM6DS0_Init(void) {
  88              		.loc 1 17 25 is_stmt 1 view -0
  89              		.cfi_startproc
  90              		@ args = 0, pretend = 0, frame = 8
  91              		@ frame_needed = 0, uses_anonymous_args = 0
  92 0000 F0B5     		push	{r4, r5, r6, r7, lr}
  93              		.cfi_def_cfa_offset 20
  94              		.cfi_offset 4, -20
  95              		.cfi_offset 5, -16
  96              		.cfi_offset 6, -12
  97              		.cfi_offset 7, -8
  98              		.cfi_offset 14, -4
  99 0002 87B0     		sub	sp, sp, #28
ARM GAS  /tmp/ccZHsI4n.s 			page 3


 100              		.cfi_def_cfa_offset 48
  18:Core/Src/lsm6ds0.c ****     uint8_t data=0;
 101              		.loc 1 18 5 view .LVU11
 102              		.loc 1 18 13 is_stmt 0 view .LVU12
 103 0004 0023     		movs	r3, #0
 104 0006 8DF81730 		strb	r3, [sp, #23]
  19:Core/Src/lsm6ds0.c **** 
  20:Core/Src/lsm6ds0.c ****     // Initialize Gyroscope
  21:Core/Src/lsm6ds0.c ****     data = 0x6C; // 416 Hz, 2000 dps
 105              		.loc 1 21 5 is_stmt 1 view .LVU13
 106              		.loc 1 21 10 is_stmt 0 view .LVU14
 107 000a 6C23     		movs	r3, #108
 108 000c 8DF81730 		strb	r3, [sp, #23]
  22:Core/Src/lsm6ds0.c ****     HAL_I2C_Mem_Write(&hi2c1, LSM6DS0_ADDR, CTRL_REG2_G, 1, &data, 1, HAL_MAX_DELAY);
 109              		.loc 1 22 5 is_stmt 1 view .LVU15
 110 0010 0E4D     		ldr	r5, .L9
 111 0012 4FF0FF37 		mov	r7, #-1
 112 0016 0297     		str	r7, [sp, #8]
 113 0018 0124     		movs	r4, #1
 114 001a 0194     		str	r4, [sp, #4]
 115 001c 0DF11706 		add	r6, sp, #23
 116 0020 0096     		str	r6, [sp]
 117 0022 2346     		mov	r3, r4
 118 0024 1122     		movs	r2, #17
 119 0026 D621     		movs	r1, #214
 120 0028 2846     		mov	r0, r5
 121 002a FFF7FEFF 		bl	HAL_I2C_Mem_Write
 122              	.LVL1:
  23:Core/Src/lsm6ds0.c **** 
  24:Core/Src/lsm6ds0.c ****     // Initialize Accelerometer
  25:Core/Src/lsm6ds0.c ****     // HAL_I2C_Mem_Write(&hi2c1, LSM6DS0_ADDR, CTRL_REG1_XL, 1, &data1, 1, HAL_MAX_DELAY);
  26:Core/Src/lsm6ds0.c ****     data = 0x60; // 416 Hz, +/- 2g
 123              		.loc 1 26 5 view .LVU16
 124              		.loc 1 26 10 is_stmt 0 view .LVU17
 125 002e 6023     		movs	r3, #96
 126 0030 8DF81730 		strb	r3, [sp, #23]
  27:Core/Src/lsm6ds0.c ****     HAL_I2C_Mem_Write(&hi2c1, LSM6DS0_ADDR, CTRL_REG1_XL, 1, &data, 1, HAL_MAX_DELAY);
 127              		.loc 1 27 5 is_stmt 1 view .LVU18
 128 0034 0297     		str	r7, [sp, #8]
 129 0036 0194     		str	r4, [sp, #4]
 130 0038 0096     		str	r6, [sp]
 131 003a 2346     		mov	r3, r4
 132 003c 1022     		movs	r2, #16
 133 003e D621     		movs	r1, #214
 134 0040 2846     		mov	r0, r5
 135 0042 FFF7FEFF 		bl	HAL_I2C_Mem_Write
 136              	.LVL2:
  28:Core/Src/lsm6ds0.c **** }
 137              		.loc 1 28 1 is_stmt 0 view .LVU19
 138 0046 07B0     		add	sp, sp, #28
 139              		.cfi_def_cfa_offset 20
 140              		@ sp needed
 141 0048 F0BD     		pop	{r4, r5, r6, r7, pc}
 142              	.L10:
 143 004a 00BF     		.align	2
 144              	.L9:
 145 004c 00000000 		.word	hi2c1
ARM GAS  /tmp/ccZHsI4n.s 			page 4


 146              		.cfi_endproc
 147              	.LFE66:
 149              		.section	.text.check_Gyro_Init,"ax",%progbits
 150              		.align	1
 151              		.global	check_Gyro_Init
 152              		.syntax unified
 153              		.thumb
 154              		.thumb_func
 156              	check_Gyro_Init:
 157              	.LFB67:
  29:Core/Src/lsm6ds0.c **** 
  30:Core/Src/lsm6ds0.c **** int check_Gyro_Init(){
 158              		.loc 1 30 22 is_stmt 1 view -0
 159              		.cfi_startproc
 160              		@ args = 0, pretend = 0, frame = 8
 161              		@ frame_needed = 0, uses_anonymous_args = 0
 162 0000 00B5     		push	{lr}
 163              		.cfi_def_cfa_offset 4
 164              		.cfi_offset 14, -4
 165 0002 87B0     		sub	sp, sp, #28
 166              		.cfi_def_cfa_offset 32
  31:Core/Src/lsm6ds0.c ****   uint8_t data=0;
 167              		.loc 1 31 3 view .LVU21
 168              		.loc 1 31 11 is_stmt 0 view .LVU22
 169 0004 0023     		movs	r3, #0
 170 0006 8DF81730 		strb	r3, [sp, #23]
  32:Core/Src/lsm6ds0.c **** 
  33:Core/Src/lsm6ds0.c ****     // Check WHO_AM_I register
  34:Core/Src/lsm6ds0.c ****   HAL_I2C_Mem_Read(&hi2c1, 0xD7, CTRL_REG2_G, 1, &data, 1, HAL_MAX_DELAY);
 171              		.loc 1 34 3 is_stmt 1 view .LVU23
 172 000a 4FF0FF33 		mov	r3, #-1
 173 000e 0293     		str	r3, [sp, #8]
 174 0010 0123     		movs	r3, #1
 175 0012 0193     		str	r3, [sp, #4]
 176 0014 0DF11702 		add	r2, sp, #23
 177 0018 0092     		str	r2, [sp]
 178 001a 1122     		movs	r2, #17
 179 001c D721     		movs	r1, #215
 180 001e 0648     		ldr	r0, .L15
 181 0020 FFF7FEFF 		bl	HAL_I2C_Mem_Read
 182              	.LVL3:
  35:Core/Src/lsm6ds0.c ****   if(data !=0x6C){
 183              		.loc 1 35 3 view .LVU24
 184              		.loc 1 35 11 is_stmt 0 view .LVU25
 185 0024 9DF81730 		ldrb	r3, [sp, #23]	@ zero_extendqisi2
 186              		.loc 1 35 5 view .LVU26
 187 0028 6C2B     		cmp	r3, #108
 188 002a 03D0     		beq	.L13
  36:Core/Src/lsm6ds0.c ****     return 0;
 189              		.loc 1 36 12 view .LVU27
 190 002c 0020     		movs	r0, #0
 191              	.L11:
  37:Core/Src/lsm6ds0.c ****   }else{
  38:Core/Src/lsm6ds0.c ****     return 1;
  39:Core/Src/lsm6ds0.c ****   }
  40:Core/Src/lsm6ds0.c **** 
  41:Core/Src/lsm6ds0.c **** }
ARM GAS  /tmp/ccZHsI4n.s 			page 5


 192              		.loc 1 41 1 view .LVU28
 193 002e 07B0     		add	sp, sp, #28
 194              		.cfi_remember_state
 195              		.cfi_def_cfa_offset 4
 196              		@ sp needed
 197 0030 5DF804FB 		ldr	pc, [sp], #4
 198              	.L13:
 199              		.cfi_restore_state
  38:Core/Src/lsm6ds0.c ****   }
 200              		.loc 1 38 12 view .LVU29
 201 0034 0120     		movs	r0, #1
 202 0036 FAE7     		b	.L11
 203              	.L16:
 204              		.align	2
 205              	.L15:
 206 0038 00000000 		.word	hi2c1
 207              		.cfi_endproc
 208              	.LFE67:
 210              		.section	.text.check_XL_Init,"ax",%progbits
 211              		.align	1
 212              		.global	check_XL_Init
 213              		.syntax unified
 214              		.thumb
 215              		.thumb_func
 217              	check_XL_Init:
 218              	.LFB68:
  42:Core/Src/lsm6ds0.c **** 
  43:Core/Src/lsm6ds0.c **** int check_XL_Init(){
 219              		.loc 1 43 20 is_stmt 1 view -0
 220              		.cfi_startproc
 221              		@ args = 0, pretend = 0, frame = 8
 222              		@ frame_needed = 0, uses_anonymous_args = 0
 223 0000 00B5     		push	{lr}
 224              		.cfi_def_cfa_offset 4
 225              		.cfi_offset 14, -4
 226 0002 87B0     		sub	sp, sp, #28
 227              		.cfi_def_cfa_offset 32
  44:Core/Src/lsm6ds0.c ****   uint8_t data=0;
 228              		.loc 1 44 3 view .LVU31
 229              		.loc 1 44 11 is_stmt 0 view .LVU32
 230 0004 0023     		movs	r3, #0
 231 0006 8DF81730 		strb	r3, [sp, #23]
  45:Core/Src/lsm6ds0.c **** 
  46:Core/Src/lsm6ds0.c ****     // Check WHO_AM_I register
  47:Core/Src/lsm6ds0.c ****   HAL_I2C_Mem_Read(&hi2c1, 0xD7, CTRL_REG1_XL, 1, &data, 1, HAL_MAX_DELAY);
 232              		.loc 1 47 3 is_stmt 1 view .LVU33
 233 000a 4FF0FF33 		mov	r3, #-1
 234 000e 0293     		str	r3, [sp, #8]
 235 0010 0123     		movs	r3, #1
 236 0012 0193     		str	r3, [sp, #4]
 237 0014 0DF11702 		add	r2, sp, #23
 238 0018 0092     		str	r2, [sp]
 239 001a 1022     		movs	r2, #16
 240 001c D721     		movs	r1, #215
 241 001e 0648     		ldr	r0, .L21
 242 0020 FFF7FEFF 		bl	HAL_I2C_Mem_Read
 243              	.LVL4:
ARM GAS  /tmp/ccZHsI4n.s 			page 6


  48:Core/Src/lsm6ds0.c ****   if(data !=0x60){
 244              		.loc 1 48 3 view .LVU34
 245              		.loc 1 48 11 is_stmt 0 view .LVU35
 246 0024 9DF81730 		ldrb	r3, [sp, #23]	@ zero_extendqisi2
 247              		.loc 1 48 5 view .LVU36
 248 0028 602B     		cmp	r3, #96
 249 002a 03D0     		beq	.L19
  49:Core/Src/lsm6ds0.c ****     return 0;
 250              		.loc 1 49 12 view .LVU37
 251 002c 0020     		movs	r0, #0
 252              	.L17:
  50:Core/Src/lsm6ds0.c ****   }else{
  51:Core/Src/lsm6ds0.c ****     return 1;
  52:Core/Src/lsm6ds0.c ****   }
  53:Core/Src/lsm6ds0.c **** 
  54:Core/Src/lsm6ds0.c **** }
 253              		.loc 1 54 1 view .LVU38
 254 002e 07B0     		add	sp, sp, #28
 255              		.cfi_remember_state
 256              		.cfi_def_cfa_offset 4
 257              		@ sp needed
 258 0030 5DF804FB 		ldr	pc, [sp], #4
 259              	.L19:
 260              		.cfi_restore_state
  51:Core/Src/lsm6ds0.c ****   }
 261              		.loc 1 51 12 view .LVU39
 262 0034 0120     		movs	r0, #1
 263 0036 FAE7     		b	.L17
 264              	.L22:
 265              		.align	2
 266              	.L21:
 267 0038 00000000 		.word	hi2c1
 268              		.cfi_endproc
 269              	.LFE68:
 271              		.global	__aeabi_ui2f
 272              		.global	__aeabi_fmul
 273              		.section	.text.LSM6DS0_ReadTemperature_C,"ax",%progbits
 274              		.align	1
 275              		.global	LSM6DS0_ReadTemperature_C
 276              		.syntax unified
 277              		.thumb
 278              		.thumb_func
 280              	LSM6DS0_ReadTemperature_C:
 281              	.LFB69:
  55:Core/Src/lsm6ds0.c **** 
  56:Core/Src/lsm6ds0.c **** float LSM6DS0_ReadTemperature_C() {
 282              		.loc 1 56 35 is_stmt 1 view -0
 283              		.cfi_startproc
 284              		@ args = 0, pretend = 0, frame = 8
 285              		@ frame_needed = 0, uses_anonymous_args = 0
 286 0000 70B5     		push	{r4, r5, r6, lr}
 287              		.cfi_def_cfa_offset 16
 288              		.cfi_offset 4, -16
 289              		.cfi_offset 5, -12
 290              		.cfi_offset 6, -8
 291              		.cfi_offset 14, -4
 292 0002 86B0     		sub	sp, sp, #24
ARM GAS  /tmp/ccZHsI4n.s 			page 7


 293              		.cfi_def_cfa_offset 40
  57:Core/Src/lsm6ds0.c **** 
  58:Core/Src/lsm6ds0.c **** 	  uint8_t Out_Temp_L = 0;
 294              		.loc 1 58 4 view .LVU41
 295              		.loc 1 58 12 is_stmt 0 view .LVU42
 296 0004 0023     		movs	r3, #0
 297 0006 8DF81730 		strb	r3, [sp, #23]
  59:Core/Src/lsm6ds0.c **** 	  uint8_t Out_Temp_H = 0;
 298              		.loc 1 59 4 is_stmt 1 view .LVU43
 299              		.loc 1 59 12 is_stmt 0 view .LVU44
 300 000a 8DF81630 		strb	r3, [sp, #22]
  60:Core/Src/lsm6ds0.c ****     uint16_t Raw_Temp=0;
 301              		.loc 1 60 5 is_stmt 1 view .LVU45
 302              	.LVL5:
  61:Core/Src/lsm6ds0.c ****     float degreeCelsius =0;
 303              		.loc 1 61 5 view .LVU46
  62:Core/Src/lsm6ds0.c **** 
  63:Core/Src/lsm6ds0.c ****     HAL_I2C_Mem_Read(&hi2c1, LSM6DS0_ADDR,OUT_TEMP_L, I2C_MEMADD_SIZE_8BIT, &Out_Temp_L, 1, HAL_MAX
 304              		.loc 1 63 5 view .LVU47
 305 000e 144D     		ldr	r5, .L25
 306 0010 4FF0FF36 		mov	r6, #-1
 307 0014 0296     		str	r6, [sp, #8]
 308 0016 0124     		movs	r4, #1
 309 0018 0194     		str	r4, [sp, #4]
 310 001a 0DF11703 		add	r3, sp, #23
 311 001e 0093     		str	r3, [sp]
 312 0020 2346     		mov	r3, r4
 313 0022 2022     		movs	r2, #32
 314 0024 D621     		movs	r1, #214
 315 0026 2846     		mov	r0, r5
 316 0028 FFF7FEFF 		bl	HAL_I2C_Mem_Read
 317              	.LVL6:
  64:Core/Src/lsm6ds0.c ****     HAL_I2C_Mem_Read(&hi2c1, LSM6DS0_ADDR,OUT_TEMP_H, I2C_MEMADD_SIZE_8BIT, &Out_Temp_H, 1, HAL_MAX
 318              		.loc 1 64 5 view .LVU48
 319 002c 0296     		str	r6, [sp, #8]
 320 002e 0194     		str	r4, [sp, #4]
 321 0030 0DF11603 		add	r3, sp, #22
 322 0034 0093     		str	r3, [sp]
 323 0036 2346     		mov	r3, r4
 324 0038 2122     		movs	r2, #33
 325 003a D621     		movs	r1, #214
 326 003c 2846     		mov	r0, r5
 327 003e FFF7FEFF 		bl	HAL_I2C_Mem_Read
 328              	.LVL7:
  65:Core/Src/lsm6ds0.c ****     Raw_Temp = ((Out_Temp_H<<8)| Out_Temp_L);
 329              		.loc 1 65 5 view .LVU49
 330              		.loc 1 65 32 is_stmt 0 view .LVU50
 331 0042 9DF81600 		ldrb	r0, [sp, #22]	@ zero_extendqisi2
 332 0046 9DF81730 		ldrb	r3, [sp, #23]	@ zero_extendqisi2
 333              	.LVL8:
  66:Core/Src/lsm6ds0.c ****     degreeCelsius = (float)Raw_Temp/256;
 334              		.loc 1 66 5 is_stmt 1 view .LVU51
 335              		.loc 1 66 21 is_stmt 0 view .LVU52
 336 004a 43EA0020 		orr	r0, r3, r0, lsl #8
 337              	.LVL9:
 338              		.loc 1 66 21 view .LVU53
 339 004e FFF7FEFF 		bl	__aeabi_ui2f
ARM GAS  /tmp/ccZHsI4n.s 			page 8


 340              	.LVL10:
 341              		.loc 1 66 19 view .LVU54
 342 0052 4FF06E51 		mov	r1, #998244352
 343 0056 FFF7FEFF 		bl	__aeabi_fmul
 344              	.LVL11:
  67:Core/Src/lsm6ds0.c ****     return (degreeCelsius);
 345              		.loc 1 67 5 is_stmt 1 view .LVU55
  68:Core/Src/lsm6ds0.c **** }
 346              		.loc 1 68 1 is_stmt 0 view .LVU56
 347 005a 06B0     		add	sp, sp, #24
 348              		.cfi_def_cfa_offset 16
 349              		@ sp needed
 350 005c 70BD     		pop	{r4, r5, r6, pc}
 351              	.L26:
 352 005e 00BF     		.align	2
 353              	.L25:
 354 0060 00000000 		.word	hi2c1
 355              		.cfi_endproc
 356              	.LFE69:
 358              		.global	__aeabi_i2f
 359              		.section	.text.LSM6DS0_ReadGyro_X,"ax",%progbits
 360              		.align	1
 361              		.global	LSM6DS0_ReadGyro_X
 362              		.syntax unified
 363              		.thumb
 364              		.thumb_func
 366              	LSM6DS0_ReadGyro_X:
 367              	.LFB70:
  69:Core/Src/lsm6ds0.c **** // float LSM6DS0_ReadTemperature_C(void) {
  70:Core/Src/lsm6ds0.c **** //     uint8_t tempData[2];
  71:Core/Src/lsm6ds0.c **** //     HAL_I2C_Mem_Read(&hi2c1, LSM6DS0_ADDR, OUT_TEMP_L, 1, tempData, 2, HAL_MAX_DELAY);
  72:Core/Src/lsm6ds0.c **** //     int16_t tempRaw = (int16_t)((tempData[1] << 8) | tempData[0]);
  73:Core/Src/lsm6ds0.c **** //     return 25.0f + (tempRaw / 16.0f); // Temperature in °C
  74:Core/Src/lsm6ds0.c **** // }
  75:Core/Src/lsm6ds0.c **** 
  76:Core/Src/lsm6ds0.c **** float LSM6DS0_ReadGyro_X() {
 368              		.loc 1 76 28 is_stmt 1 view -0
 369              		.cfi_startproc
 370              		@ args = 0, pretend = 0, frame = 8
 371              		@ frame_needed = 0, uses_anonymous_args = 0
 372 0000 70B5     		push	{r4, r5, r6, lr}
 373              		.cfi_def_cfa_offset 16
 374              		.cfi_offset 4, -16
 375              		.cfi_offset 5, -12
 376              		.cfi_offset 6, -8
 377              		.cfi_offset 14, -4
 378 0002 86B0     		sub	sp, sp, #24
 379              		.cfi_def_cfa_offset 40
  77:Core/Src/lsm6ds0.c ****     uint8_t Out_X_G_L = 0;
 380              		.loc 1 77 5 view .LVU58
 381              		.loc 1 77 13 is_stmt 0 view .LVU59
 382 0004 0023     		movs	r3, #0
 383 0006 8DF81730 		strb	r3, [sp, #23]
  78:Core/Src/lsm6ds0.c **** 	  uint8_t Out_X_G_H = 0;
 384              		.loc 1 78 4 is_stmt 1 view .LVU60
 385              		.loc 1 78 12 is_stmt 0 view .LVU61
 386 000a 8DF81630 		strb	r3, [sp, #22]
ARM GAS  /tmp/ccZHsI4n.s 			page 9


  79:Core/Src/lsm6ds0.c ****     int16_t Raw_X = 0;
 387              		.loc 1 79 5 is_stmt 1 view .LVU62
 388              	.LVL12:
  80:Core/Src/lsm6ds0.c ****     float Gyro_X = 0;
 389              		.loc 1 80 5 view .LVU63
  81:Core/Src/lsm6ds0.c **** 
  82:Core/Src/lsm6ds0.c ****     HAL_I2C_Mem_Read(&hi2c1, LSM6DS0_ADDR, LSM6DS0_OUT_X_G_L, I2C_MEMADD_SIZE_8BIT, &Out_X_G_L, 1, 
 390              		.loc 1 82 5 view .LVU64
 391 000e 144D     		ldr	r5, .L29
 392 0010 4FF0FF36 		mov	r6, #-1
 393 0014 0296     		str	r6, [sp, #8]
 394 0016 0124     		movs	r4, #1
 395 0018 0194     		str	r4, [sp, #4]
 396 001a 0DF11703 		add	r3, sp, #23
 397 001e 0093     		str	r3, [sp]
 398 0020 2346     		mov	r3, r4
 399 0022 2222     		movs	r2, #34
 400 0024 D621     		movs	r1, #214
 401 0026 2846     		mov	r0, r5
 402 0028 FFF7FEFF 		bl	HAL_I2C_Mem_Read
 403              	.LVL13:
  83:Core/Src/lsm6ds0.c ****     HAL_I2C_Mem_Read(&hi2c1, LSM6DS0_ADDR, LSM6DS0_OUT_X_G_H, I2C_MEMADD_SIZE_8BIT, &Out_X_G_H, 1, 
 404              		.loc 1 83 5 view .LVU65
 405 002c 0296     		str	r6, [sp, #8]
 406 002e 0194     		str	r4, [sp, #4]
 407 0030 0DF11603 		add	r3, sp, #22
 408 0034 0093     		str	r3, [sp]
 409 0036 2346     		mov	r3, r4
 410 0038 2322     		movs	r2, #35
 411 003a D621     		movs	r1, #214
 412 003c 2846     		mov	r0, r5
 413 003e FFF7FEFF 		bl	HAL_I2C_Mem_Read
 414              	.LVL14:
  84:Core/Src/lsm6ds0.c ****     Raw_X = ((Out_X_G_H<<8)| Out_X_G_L);
 415              		.loc 1 84 5 view .LVU66
 416              		.loc 1 84 28 is_stmt 0 view .LVU67
 417 0042 9DF81630 		ldrb	r3, [sp, #22]	@ zero_extendqisi2
 418 0046 1B02     		lsls	r3, r3, #8
 419 0048 1BB2     		sxth	r3, r3
 420 004a 9DF81700 		ldrb	r0, [sp, #23]	@ zero_extendqisi2
 421              	.LVL15:
  85:Core/Src/lsm6ds0.c ****     Gyro_X = (float)Raw_X*70;
 422              		.loc 1 85 5 is_stmt 1 view .LVU68
 423              		.loc 1 85 14 is_stmt 0 view .LVU69
 424 004e 1843     		orrs	r0, r0, r3
 425              	.LVL16:
 426              		.loc 1 85 14 view .LVU70
 427 0050 FFF7FEFF 		bl	__aeabi_i2f
 428              	.LVL17:
 429              		.loc 1 85 12 view .LVU71
 430 0054 0349     		ldr	r1, .L29+4
 431 0056 FFF7FEFF 		bl	__aeabi_fmul
 432              	.LVL18:
  86:Core/Src/lsm6ds0.c ****     return (Gyro_X);
 433              		.loc 1 86 5 is_stmt 1 view .LVU72
  87:Core/Src/lsm6ds0.c **** }
 434              		.loc 1 87 1 is_stmt 0 view .LVU73
ARM GAS  /tmp/ccZHsI4n.s 			page 10


 435 005a 06B0     		add	sp, sp, #24
 436              		.cfi_def_cfa_offset 16
 437              		@ sp needed
 438 005c 70BD     		pop	{r4, r5, r6, pc}
 439              	.L30:
 440 005e 00BF     		.align	2
 441              	.L29:
 442 0060 00000000 		.word	hi2c1
 443 0064 00008C42 		.word	1116471296
 444              		.cfi_endproc
 445              	.LFE70:
 447              		.section	.text.LSM6DS0_ReadGyro_Y,"ax",%progbits
 448              		.align	1
 449              		.global	LSM6DS0_ReadGyro_Y
 450              		.syntax unified
 451              		.thumb
 452              		.thumb_func
 454              	LSM6DS0_ReadGyro_Y:
 455              	.LFB71:
  88:Core/Src/lsm6ds0.c **** float LSM6DS0_ReadGyro_Y() {
 456              		.loc 1 88 28 is_stmt 1 view -0
 457              		.cfi_startproc
 458              		@ args = 0, pretend = 0, frame = 8
 459              		@ frame_needed = 0, uses_anonymous_args = 0
 460 0000 70B5     		push	{r4, r5, r6, lr}
 461              		.cfi_def_cfa_offset 16
 462              		.cfi_offset 4, -16
 463              		.cfi_offset 5, -12
 464              		.cfi_offset 6, -8
 465              		.cfi_offset 14, -4
 466 0002 86B0     		sub	sp, sp, #24
 467              		.cfi_def_cfa_offset 40
  89:Core/Src/lsm6ds0.c ****     uint8_t Out_Y_G_L = 0;
 468              		.loc 1 89 5 view .LVU75
 469              		.loc 1 89 13 is_stmt 0 view .LVU76
 470 0004 0023     		movs	r3, #0
 471 0006 8DF81730 		strb	r3, [sp, #23]
  90:Core/Src/lsm6ds0.c **** 	  uint8_t Out_Y_G_H = 0;
 472              		.loc 1 90 4 is_stmt 1 view .LVU77
 473              		.loc 1 90 12 is_stmt 0 view .LVU78
 474 000a 8DF81630 		strb	r3, [sp, #22]
  91:Core/Src/lsm6ds0.c ****     int16_t Raw_Y = 0;
 475              		.loc 1 91 5 is_stmt 1 view .LVU79
 476              	.LVL19:
  92:Core/Src/lsm6ds0.c ****     float Gyro_Y = 0;
 477              		.loc 1 92 5 view .LVU80
  93:Core/Src/lsm6ds0.c **** 
  94:Core/Src/lsm6ds0.c ****     HAL_I2C_Mem_Read(&hi2c1, LSM6DS0_ADDR, LSM6DS0_OUT_Y_G_L, I2C_MEMADD_SIZE_8BIT, &Out_Y_G_L, 1, 
 478              		.loc 1 94 5 view .LVU81
 479 000e 144D     		ldr	r5, .L33
 480 0010 4FF0FF36 		mov	r6, #-1
 481 0014 0296     		str	r6, [sp, #8]
 482 0016 0124     		movs	r4, #1
 483 0018 0194     		str	r4, [sp, #4]
 484 001a 0DF11703 		add	r3, sp, #23
 485 001e 0093     		str	r3, [sp]
 486 0020 2346     		mov	r3, r4
ARM GAS  /tmp/ccZHsI4n.s 			page 11


 487 0022 2422     		movs	r2, #36
 488 0024 D621     		movs	r1, #214
 489 0026 2846     		mov	r0, r5
 490 0028 FFF7FEFF 		bl	HAL_I2C_Mem_Read
 491              	.LVL20:
  95:Core/Src/lsm6ds0.c ****     HAL_I2C_Mem_Read(&hi2c1, LSM6DS0_ADDR, LSM6DS0_OUT_Y_G_H, I2C_MEMADD_SIZE_8BIT, &Out_Y_G_H, 1, 
 492              		.loc 1 95 5 view .LVU82
 493 002c 0296     		str	r6, [sp, #8]
 494 002e 0194     		str	r4, [sp, #4]
 495 0030 0DF11603 		add	r3, sp, #22
 496 0034 0093     		str	r3, [sp]
 497 0036 2346     		mov	r3, r4
 498 0038 2522     		movs	r2, #37
 499 003a D621     		movs	r1, #214
 500 003c 2846     		mov	r0, r5
 501 003e FFF7FEFF 		bl	HAL_I2C_Mem_Read
 502              	.LVL21:
  96:Core/Src/lsm6ds0.c ****     Raw_Y = ((Out_Y_G_H<<8)| Out_Y_G_L);
 503              		.loc 1 96 5 view .LVU83
 504              		.loc 1 96 28 is_stmt 0 view .LVU84
 505 0042 9DF81630 		ldrb	r3, [sp, #22]	@ zero_extendqisi2
 506 0046 1B02     		lsls	r3, r3, #8
 507 0048 1BB2     		sxth	r3, r3
 508 004a 9DF81700 		ldrb	r0, [sp, #23]	@ zero_extendqisi2
 509              	.LVL22:
  97:Core/Src/lsm6ds0.c ****     Gyro_Y = (float)Raw_Y*70;
 510              		.loc 1 97 5 is_stmt 1 view .LVU85
 511              		.loc 1 97 14 is_stmt 0 view .LVU86
 512 004e 1843     		orrs	r0, r0, r3
 513              	.LVL23:
 514              		.loc 1 97 14 view .LVU87
 515 0050 FFF7FEFF 		bl	__aeabi_i2f
 516              	.LVL24:
 517              		.loc 1 97 12 view .LVU88
 518 0054 0349     		ldr	r1, .L33+4
 519 0056 FFF7FEFF 		bl	__aeabi_fmul
 520              	.LVL25:
  98:Core/Src/lsm6ds0.c ****     return (Gyro_Y);
 521              		.loc 1 98 5 is_stmt 1 view .LVU89
  99:Core/Src/lsm6ds0.c **** }
 522              		.loc 1 99 1 is_stmt 0 view .LVU90
 523 005a 06B0     		add	sp, sp, #24
 524              		.cfi_def_cfa_offset 16
 525              		@ sp needed
 526 005c 70BD     		pop	{r4, r5, r6, pc}
 527              	.L34:
 528 005e 00BF     		.align	2
 529              	.L33:
 530 0060 00000000 		.word	hi2c1
 531 0064 00008C42 		.word	1116471296
 532              		.cfi_endproc
 533              	.LFE71:
 535              		.section	.text.LSM6DS0_ReadGyro_Z,"ax",%progbits
 536              		.align	1
 537              		.global	LSM6DS0_ReadGyro_Z
 538              		.syntax unified
 539              		.thumb
ARM GAS  /tmp/ccZHsI4n.s 			page 12


 540              		.thumb_func
 542              	LSM6DS0_ReadGyro_Z:
 543              	.LFB72:
 100:Core/Src/lsm6ds0.c **** float LSM6DS0_ReadGyro_Z() {
 544              		.loc 1 100 28 is_stmt 1 view -0
 545              		.cfi_startproc
 546              		@ args = 0, pretend = 0, frame = 8
 547              		@ frame_needed = 0, uses_anonymous_args = 0
 548 0000 70B5     		push	{r4, r5, r6, lr}
 549              		.cfi_def_cfa_offset 16
 550              		.cfi_offset 4, -16
 551              		.cfi_offset 5, -12
 552              		.cfi_offset 6, -8
 553              		.cfi_offset 14, -4
 554 0002 86B0     		sub	sp, sp, #24
 555              		.cfi_def_cfa_offset 40
 101:Core/Src/lsm6ds0.c ****     uint8_t Out_Z_G_L = 0;
 556              		.loc 1 101 5 view .LVU92
 557              		.loc 1 101 13 is_stmt 0 view .LVU93
 558 0004 0023     		movs	r3, #0
 559 0006 8DF81730 		strb	r3, [sp, #23]
 102:Core/Src/lsm6ds0.c **** 	  uint8_t Out_Z_G_H = 0;
 560              		.loc 1 102 4 is_stmt 1 view .LVU94
 561              		.loc 1 102 12 is_stmt 0 view .LVU95
 562 000a 8DF81630 		strb	r3, [sp, #22]
 103:Core/Src/lsm6ds0.c ****     int16_t Raw_Z = 0;
 563              		.loc 1 103 5 is_stmt 1 view .LVU96
 564              	.LVL26:
 104:Core/Src/lsm6ds0.c ****     float Gyro_Z = 0;
 565              		.loc 1 104 5 view .LVU97
 105:Core/Src/lsm6ds0.c **** 
 106:Core/Src/lsm6ds0.c ****     HAL_I2C_Mem_Read(&hi2c1, LSM6DS0_ADDR, LSM6DS0_OUT_Z_G_L, I2C_MEMADD_SIZE_8BIT, &Out_Z_G_L, 1, 
 566              		.loc 1 106 5 view .LVU98
 567 000e 144D     		ldr	r5, .L37
 568 0010 4FF0FF36 		mov	r6, #-1
 569 0014 0296     		str	r6, [sp, #8]
 570 0016 0124     		movs	r4, #1
 571 0018 0194     		str	r4, [sp, #4]
 572 001a 0DF11703 		add	r3, sp, #23
 573 001e 0093     		str	r3, [sp]
 574 0020 2346     		mov	r3, r4
 575 0022 2622     		movs	r2, #38
 576 0024 D621     		movs	r1, #214
 577 0026 2846     		mov	r0, r5
 578 0028 FFF7FEFF 		bl	HAL_I2C_Mem_Read
 579              	.LVL27:
 107:Core/Src/lsm6ds0.c ****     HAL_I2C_Mem_Read(&hi2c1, LSM6DS0_ADDR, LSM6DS0_OUT_Z_G_H, I2C_MEMADD_SIZE_8BIT, &Out_Z_G_H, 1, 
 580              		.loc 1 107 5 view .LVU99
 581 002c 0296     		str	r6, [sp, #8]
 582 002e 0194     		str	r4, [sp, #4]
 583 0030 0DF11603 		add	r3, sp, #22
 584 0034 0093     		str	r3, [sp]
 585 0036 2346     		mov	r3, r4
 586 0038 2722     		movs	r2, #39
 587 003a D621     		movs	r1, #214
 588 003c 2846     		mov	r0, r5
 589 003e FFF7FEFF 		bl	HAL_I2C_Mem_Read
ARM GAS  /tmp/ccZHsI4n.s 			page 13


 590              	.LVL28:
 108:Core/Src/lsm6ds0.c ****     Raw_Z = ((Out_Z_G_H<<8)| Out_Z_G_L);
 591              		.loc 1 108 5 view .LVU100
 592              		.loc 1 108 28 is_stmt 0 view .LVU101
 593 0042 9DF81630 		ldrb	r3, [sp, #22]	@ zero_extendqisi2
 594 0046 1B02     		lsls	r3, r3, #8
 595 0048 1BB2     		sxth	r3, r3
 596 004a 9DF81700 		ldrb	r0, [sp, #23]	@ zero_extendqisi2
 597              	.LVL29:
 109:Core/Src/lsm6ds0.c ****     Gyro_Z = (float)Raw_Z*70;
 598              		.loc 1 109 5 is_stmt 1 view .LVU102
 599              		.loc 1 109 14 is_stmt 0 view .LVU103
 600 004e 1843     		orrs	r0, r0, r3
 601              	.LVL30:
 602              		.loc 1 109 14 view .LVU104
 603 0050 FFF7FEFF 		bl	__aeabi_i2f
 604              	.LVL31:
 605              		.loc 1 109 12 view .LVU105
 606 0054 0349     		ldr	r1, .L37+4
 607 0056 FFF7FEFF 		bl	__aeabi_fmul
 608              	.LVL32:
 110:Core/Src/lsm6ds0.c ****     return (Gyro_Z);
 609              		.loc 1 110 5 is_stmt 1 view .LVU106
 111:Core/Src/lsm6ds0.c **** }
 610              		.loc 1 111 1 is_stmt 0 view .LVU107
 611 005a 06B0     		add	sp, sp, #24
 612              		.cfi_def_cfa_offset 16
 613              		@ sp needed
 614 005c 70BD     		pop	{r4, r5, r6, pc}
 615              	.L38:
 616 005e 00BF     		.align	2
 617              	.L37:
 618 0060 00000000 		.word	hi2c1
 619 0064 00008C42 		.word	1116471296
 620              		.cfi_endproc
 621              	.LFE72:
 623              		.section	.text.LSM6DS0_ReadAccel_X,"ax",%progbits
 624              		.align	1
 625              		.global	LSM6DS0_ReadAccel_X
 626              		.syntax unified
 627              		.thumb
 628              		.thumb_func
 630              	LSM6DS0_ReadAccel_X:
 631              	.LFB73:
 112:Core/Src/lsm6ds0.c **** 
 113:Core/Src/lsm6ds0.c **** 
 114:Core/Src/lsm6ds0.c **** float LSM6DS0_ReadAccel_X(void) {
 632              		.loc 1 114 33 is_stmt 1 view -0
 633              		.cfi_startproc
 634              		@ args = 0, pretend = 0, frame = 8
 635              		@ frame_needed = 0, uses_anonymous_args = 0
 636 0000 70B5     		push	{r4, r5, r6, lr}
 637              		.cfi_def_cfa_offset 16
 638              		.cfi_offset 4, -16
 639              		.cfi_offset 5, -12
 640              		.cfi_offset 6, -8
 641              		.cfi_offset 14, -4
ARM GAS  /tmp/ccZHsI4n.s 			page 14


 642 0002 86B0     		sub	sp, sp, #24
 643              		.cfi_def_cfa_offset 40
 115:Core/Src/lsm6ds0.c ****     uint8_t Out_X_XL_L = 0;
 644              		.loc 1 115 5 view .LVU109
 645              		.loc 1 115 13 is_stmt 0 view .LVU110
 646 0004 0023     		movs	r3, #0
 647 0006 8DF81730 		strb	r3, [sp, #23]
 116:Core/Src/lsm6ds0.c **** 	  uint8_t Out_X_XL_H = 0;
 648              		.loc 1 116 4 is_stmt 1 view .LVU111
 649              		.loc 1 116 12 is_stmt 0 view .LVU112
 650 000a 8DF81630 		strb	r3, [sp, #22]
 117:Core/Src/lsm6ds0.c ****     int16_t Raw_X = 0;
 651              		.loc 1 117 5 is_stmt 1 view .LVU113
 652              	.LVL33:
 118:Core/Src/lsm6ds0.c ****     float Acceleration_X = 0;
 653              		.loc 1 118 5 view .LVU114
 119:Core/Src/lsm6ds0.c **** 
 120:Core/Src/lsm6ds0.c ****     HAL_I2C_Mem_Read(&hi2c1, LSM6DS0_ADDR, OUT_X_L_XL, I2C_MEMADD_SIZE_8BIT, &Out_X_XL_L, 1, HAL_MA
 654              		.loc 1 120 5 view .LVU115
 655 000e 144D     		ldr	r5, .L41
 656 0010 4FF0FF36 		mov	r6, #-1
 657 0014 0296     		str	r6, [sp, #8]
 658 0016 0124     		movs	r4, #1
 659 0018 0194     		str	r4, [sp, #4]
 660 001a 0DF11703 		add	r3, sp, #23
 661 001e 0093     		str	r3, [sp]
 662 0020 2346     		mov	r3, r4
 663 0022 2822     		movs	r2, #40
 664 0024 D621     		movs	r1, #214
 665 0026 2846     		mov	r0, r5
 666 0028 FFF7FEFF 		bl	HAL_I2C_Mem_Read
 667              	.LVL34:
 121:Core/Src/lsm6ds0.c ****     HAL_I2C_Mem_Read(&hi2c1, LSM6DS0_ADDR, OUT_X_H_XL, I2C_MEMADD_SIZE_8BIT, &Out_X_XL_H, 1, HAL_MA
 668              		.loc 1 121 5 view .LVU116
 669 002c 0296     		str	r6, [sp, #8]
 670 002e 0194     		str	r4, [sp, #4]
 671 0030 0DF11603 		add	r3, sp, #22
 672 0034 0093     		str	r3, [sp]
 673 0036 2346     		mov	r3, r4
 674 0038 2922     		movs	r2, #41
 675 003a D621     		movs	r1, #214
 676 003c 2846     		mov	r0, r5
 677 003e FFF7FEFF 		bl	HAL_I2C_Mem_Read
 678              	.LVL35:
 122:Core/Src/lsm6ds0.c **** 
 123:Core/Src/lsm6ds0.c ****     Raw_X = ((Out_X_XL_H << 8) | Out_X_XL_L);
 679              		.loc 1 123 5 view .LVU117
 680              		.loc 1 123 32 is_stmt 0 view .LVU118
 681 0042 9DF81630 		ldrb	r3, [sp, #22]	@ zero_extendqisi2
 682 0046 1B02     		lsls	r3, r3, #8
 683 0048 1BB2     		sxth	r3, r3
 684 004a 9DF81700 		ldrb	r0, [sp, #23]	@ zero_extendqisi2
 685              	.LVL36:
 124:Core/Src/lsm6ds0.c ****     Acceleration_X = (float)Raw_X*0.061f;
 686              		.loc 1 124 5 is_stmt 1 view .LVU119
 687              		.loc 1 124 22 is_stmt 0 view .LVU120
 688 004e 1843     		orrs	r0, r0, r3
ARM GAS  /tmp/ccZHsI4n.s 			page 15


 689              	.LVL37:
 690              		.loc 1 124 22 view .LVU121
 691 0050 FFF7FEFF 		bl	__aeabi_i2f
 692              	.LVL38:
 693              		.loc 1 124 20 view .LVU122
 694 0054 0349     		ldr	r1, .L41+4
 695 0056 FFF7FEFF 		bl	__aeabi_fmul
 696              	.LVL39:
 125:Core/Src/lsm6ds0.c ****     return (Acceleration_X);
 697              		.loc 1 125 5 is_stmt 1 view .LVU123
 126:Core/Src/lsm6ds0.c **** }
 698              		.loc 1 126 1 is_stmt 0 view .LVU124
 699 005a 06B0     		add	sp, sp, #24
 700              		.cfi_def_cfa_offset 16
 701              		@ sp needed
 702 005c 70BD     		pop	{r4, r5, r6, pc}
 703              	.L42:
 704 005e 00BF     		.align	2
 705              	.L41:
 706 0060 00000000 		.word	hi2c1
 707 0064 23DB793D 		.word	1031396131
 708              		.cfi_endproc
 709              	.LFE73:
 711              		.section	.text.LSM6DS0_ReadAccel_Y,"ax",%progbits
 712              		.align	1
 713              		.global	LSM6DS0_ReadAccel_Y
 714              		.syntax unified
 715              		.thumb
 716              		.thumb_func
 718              	LSM6DS0_ReadAccel_Y:
 719              	.LFB74:
 127:Core/Src/lsm6ds0.c **** float LSM6DS0_ReadAccel_Y(void) {
 720              		.loc 1 127 33 is_stmt 1 view -0
 721              		.cfi_startproc
 722              		@ args = 0, pretend = 0, frame = 8
 723              		@ frame_needed = 0, uses_anonymous_args = 0
 724 0000 70B5     		push	{r4, r5, r6, lr}
 725              		.cfi_def_cfa_offset 16
 726              		.cfi_offset 4, -16
 727              		.cfi_offset 5, -12
 728              		.cfi_offset 6, -8
 729              		.cfi_offset 14, -4
 730 0002 86B0     		sub	sp, sp, #24
 731              		.cfi_def_cfa_offset 40
 128:Core/Src/lsm6ds0.c ****     uint8_t Out_Y_XL_L = 0;
 732              		.loc 1 128 5 view .LVU126
 733              		.loc 1 128 13 is_stmt 0 view .LVU127
 734 0004 0023     		movs	r3, #0
 735 0006 8DF81730 		strb	r3, [sp, #23]
 129:Core/Src/lsm6ds0.c **** 	  uint8_t Out_Y_XL_H = 0;
 736              		.loc 1 129 4 is_stmt 1 view .LVU128
 737              		.loc 1 129 12 is_stmt 0 view .LVU129
 738 000a 8DF81630 		strb	r3, [sp, #22]
 130:Core/Src/lsm6ds0.c ****     int16_t Raw_Y = 0;
 739              		.loc 1 130 5 is_stmt 1 view .LVU130
 740              	.LVL40:
 131:Core/Src/lsm6ds0.c ****     float Acceleration_Y = 0;
ARM GAS  /tmp/ccZHsI4n.s 			page 16


 741              		.loc 1 131 5 view .LVU131
 132:Core/Src/lsm6ds0.c **** 
 133:Core/Src/lsm6ds0.c ****     HAL_I2C_Mem_Read(&hi2c1, LSM6DS0_ADDR, OUT_Y_L_XL, I2C_MEMADD_SIZE_8BIT, &Out_Y_XL_L, 1, HAL_MA
 742              		.loc 1 133 5 view .LVU132
 743 000e 144D     		ldr	r5, .L45
 744 0010 4FF0FF36 		mov	r6, #-1
 745 0014 0296     		str	r6, [sp, #8]
 746 0016 0124     		movs	r4, #1
 747 0018 0194     		str	r4, [sp, #4]
 748 001a 0DF11703 		add	r3, sp, #23
 749 001e 0093     		str	r3, [sp]
 750 0020 2346     		mov	r3, r4
 751 0022 2A22     		movs	r2, #42
 752 0024 D621     		movs	r1, #214
 753 0026 2846     		mov	r0, r5
 754 0028 FFF7FEFF 		bl	HAL_I2C_Mem_Read
 755              	.LVL41:
 134:Core/Src/lsm6ds0.c ****     HAL_I2C_Mem_Read(&hi2c1, LSM6DS0_ADDR, OUT_Y_H_XL, I2C_MEMADD_SIZE_8BIT, &Out_Y_XL_H, 1, HAL_MA
 756              		.loc 1 134 5 view .LVU133
 757 002c 0296     		str	r6, [sp, #8]
 758 002e 0194     		str	r4, [sp, #4]
 759 0030 0DF11603 		add	r3, sp, #22
 760 0034 0093     		str	r3, [sp]
 761 0036 2346     		mov	r3, r4
 762 0038 2B22     		movs	r2, #43
 763 003a D621     		movs	r1, #214
 764 003c 2846     		mov	r0, r5
 765 003e FFF7FEFF 		bl	HAL_I2C_Mem_Read
 766              	.LVL42:
 135:Core/Src/lsm6ds0.c **** 
 136:Core/Src/lsm6ds0.c ****     Raw_Y = ((Out_Y_XL_H << 8) | Out_Y_XL_L);
 767              		.loc 1 136 5 view .LVU134
 768              		.loc 1 136 32 is_stmt 0 view .LVU135
 769 0042 9DF81630 		ldrb	r3, [sp, #22]	@ zero_extendqisi2
 770 0046 1B02     		lsls	r3, r3, #8
 771 0048 1BB2     		sxth	r3, r3
 772 004a 9DF81700 		ldrb	r0, [sp, #23]	@ zero_extendqisi2
 773              	.LVL43:
 137:Core/Src/lsm6ds0.c ****     Acceleration_Y = (float)Raw_Y*0.061f;
 774              		.loc 1 137 5 is_stmt 1 view .LVU136
 775              		.loc 1 137 22 is_stmt 0 view .LVU137
 776 004e 1843     		orrs	r0, r0, r3
 777              	.LVL44:
 778              		.loc 1 137 22 view .LVU138
 779 0050 FFF7FEFF 		bl	__aeabi_i2f
 780              	.LVL45:
 781              		.loc 1 137 20 view .LVU139
 782 0054 0349     		ldr	r1, .L45+4
 783 0056 FFF7FEFF 		bl	__aeabi_fmul
 784              	.LVL46:
 138:Core/Src/lsm6ds0.c ****     return (Acceleration_Y);
 785              		.loc 1 138 5 is_stmt 1 view .LVU140
 139:Core/Src/lsm6ds0.c **** }
 786              		.loc 1 139 1 is_stmt 0 view .LVU141
 787 005a 06B0     		add	sp, sp, #24
 788              		.cfi_def_cfa_offset 16
 789              		@ sp needed
ARM GAS  /tmp/ccZHsI4n.s 			page 17


 790 005c 70BD     		pop	{r4, r5, r6, pc}
 791              	.L46:
 792 005e 00BF     		.align	2
 793              	.L45:
 794 0060 00000000 		.word	hi2c1
 795 0064 23DB793D 		.word	1031396131
 796              		.cfi_endproc
 797              	.LFE74:
 799              		.section	.text.LSM6DS0_ReadAccel_Z,"ax",%progbits
 800              		.align	1
 801              		.global	LSM6DS0_ReadAccel_Z
 802              		.syntax unified
 803              		.thumb
 804              		.thumb_func
 806              	LSM6DS0_ReadAccel_Z:
 807              	.LFB75:
 140:Core/Src/lsm6ds0.c **** float LSM6DS0_ReadAccel_Z(void) {
 808              		.loc 1 140 33 is_stmt 1 view -0
 809              		.cfi_startproc
 810              		@ args = 0, pretend = 0, frame = 8
 811              		@ frame_needed = 0, uses_anonymous_args = 0
 812 0000 70B5     		push	{r4, r5, r6, lr}
 813              		.cfi_def_cfa_offset 16
 814              		.cfi_offset 4, -16
 815              		.cfi_offset 5, -12
 816              		.cfi_offset 6, -8
 817              		.cfi_offset 14, -4
 818 0002 86B0     		sub	sp, sp, #24
 819              		.cfi_def_cfa_offset 40
 141:Core/Src/lsm6ds0.c ****     uint8_t Out_Z_XL_L = 0;
 820              		.loc 1 141 5 view .LVU143
 821              		.loc 1 141 13 is_stmt 0 view .LVU144
 822 0004 0023     		movs	r3, #0
 823 0006 8DF81730 		strb	r3, [sp, #23]
 142:Core/Src/lsm6ds0.c **** 	  uint8_t Out_Z_XL_H = 0;
 824              		.loc 1 142 4 is_stmt 1 view .LVU145
 825              		.loc 1 142 12 is_stmt 0 view .LVU146
 826 000a 8DF81630 		strb	r3, [sp, #22]
 143:Core/Src/lsm6ds0.c ****     int16_t Raw_Z = 0;
 827              		.loc 1 143 5 is_stmt 1 view .LVU147
 828              	.LVL47:
 144:Core/Src/lsm6ds0.c ****     float Acceleration_Z = 0;
 829              		.loc 1 144 5 view .LVU148
 145:Core/Src/lsm6ds0.c **** 
 146:Core/Src/lsm6ds0.c ****     HAL_I2C_Mem_Read(&hi2c1, LSM6DS0_ADDR, OUT_Z_L_XL, I2C_MEMADD_SIZE_8BIT, &Out_Z_XL_L, 1, HAL_MA
 830              		.loc 1 146 5 view .LVU149
 831 000e 144D     		ldr	r5, .L49
 832 0010 4FF0FF36 		mov	r6, #-1
 833 0014 0296     		str	r6, [sp, #8]
 834 0016 0124     		movs	r4, #1
 835 0018 0194     		str	r4, [sp, #4]
 836 001a 0DF11703 		add	r3, sp, #23
 837 001e 0093     		str	r3, [sp]
 838 0020 2346     		mov	r3, r4
 839 0022 2C22     		movs	r2, #44
 840 0024 D621     		movs	r1, #214
 841 0026 2846     		mov	r0, r5
ARM GAS  /tmp/ccZHsI4n.s 			page 18


 842 0028 FFF7FEFF 		bl	HAL_I2C_Mem_Read
 843              	.LVL48:
 147:Core/Src/lsm6ds0.c ****     HAL_I2C_Mem_Read(&hi2c1, LSM6DS0_ADDR, OUT_Z_H_XL, I2C_MEMADD_SIZE_8BIT, &Out_Z_XL_H, 1, HAL_MA
 844              		.loc 1 147 5 view .LVU150
 845 002c 0296     		str	r6, [sp, #8]
 846 002e 0194     		str	r4, [sp, #4]
 847 0030 0DF11603 		add	r3, sp, #22
 848 0034 0093     		str	r3, [sp]
 849 0036 2346     		mov	r3, r4
 850 0038 2D22     		movs	r2, #45
 851 003a D621     		movs	r1, #214
 852 003c 2846     		mov	r0, r5
 853 003e FFF7FEFF 		bl	HAL_I2C_Mem_Read
 854              	.LVL49:
 148:Core/Src/lsm6ds0.c **** 
 149:Core/Src/lsm6ds0.c ****     Raw_Z = ((Out_Z_XL_H << 8) | Out_Z_XL_L);
 855              		.loc 1 149 5 view .LVU151
 856              		.loc 1 149 32 is_stmt 0 view .LVU152
 857 0042 9DF81630 		ldrb	r3, [sp, #22]	@ zero_extendqisi2
 858 0046 1B02     		lsls	r3, r3, #8
 859 0048 1BB2     		sxth	r3, r3
 860 004a 9DF81700 		ldrb	r0, [sp, #23]	@ zero_extendqisi2
 861              	.LVL50:
 150:Core/Src/lsm6ds0.c ****     Acceleration_Z = (float)Raw_Z*0.061f;
 862              		.loc 1 150 5 is_stmt 1 view .LVU153
 863              		.loc 1 150 22 is_stmt 0 view .LVU154
 864 004e 1843     		orrs	r0, r0, r3
 865              	.LVL51:
 866              		.loc 1 150 22 view .LVU155
 867 0050 FFF7FEFF 		bl	__aeabi_i2f
 868              	.LVL52:
 869              		.loc 1 150 20 view .LVU156
 870 0054 0349     		ldr	r1, .L49+4
 871 0056 FFF7FEFF 		bl	__aeabi_fmul
 872              	.LVL53:
 151:Core/Src/lsm6ds0.c ****     return (Acceleration_Z);
 873              		.loc 1 151 5 is_stmt 1 view .LVU157
 152:Core/Src/lsm6ds0.c **** }...
 874              		.loc 1 152 1 is_stmt 0 view .LVU158
 875 005a 06B0     		add	sp, sp, #24
 876              		.cfi_def_cfa_offset 16
 877              		@ sp needed
 878 005c 70BD     		pop	{r4, r5, r6, pc}
 879              	.L50:
 880 005e 00BF     		.align	2
 881              	.L49:
 882 0060 00000000 		.word	hi2c1
 883 0064 23DB793D 		.word	1031396131
 884              		.cfi_endproc
 885              	.LFE75:
 887              		.text
 888              	.Letext0:
 889              		.file 2 "/home/sarthak/.config/Code/User/globalStorage/bmd.stm32-for-vscode/@xpack-dev-tools/arm-n
 890              		.file 3 "/home/sarthak/.config/Code/User/globalStorage/bmd.stm32-for-vscode/@xpack-dev-tools/arm-n
 891              		.file 4 "Drivers/CMSIS/Device/ST/STM32F1xx/Include/stm32f103x6.h"
 892              		.file 5 "Drivers/STM32F1xx_HAL_Driver/Inc/stm32f1xx_hal_def.h"
 893              		.file 6 "Drivers/STM32F1xx_HAL_Driver/Inc/stm32f1xx_hal_dma.h"
ARM GAS  /tmp/ccZHsI4n.s 			page 19


 894              		.file 7 "Drivers/STM32F1xx_HAL_Driver/Inc/stm32f1xx_hal_i2c.h"
 895              		.file 8 "Core/Inc/i2c.h"
ARM GAS  /tmp/ccZHsI4n.s 			page 20


DEFINED SYMBOLS
                            *ABS*:00000000 lsm6ds0.c
     /tmp/ccZHsI4n.s:19     .text.LSM6DS0_begin:00000000 $t
     /tmp/ccZHsI4n.s:25     .text.LSM6DS0_begin:00000000 LSM6DS0_begin
     /tmp/ccZHsI4n.s:75     .text.LSM6DS0_begin:00000038 $d
     /tmp/ccZHsI4n.s:80     .text.LSM6DS0_Init:00000000 $t
     /tmp/ccZHsI4n.s:86     .text.LSM6DS0_Init:00000000 LSM6DS0_Init
     /tmp/ccZHsI4n.s:145    .text.LSM6DS0_Init:0000004c $d
     /tmp/ccZHsI4n.s:150    .text.check_Gyro_Init:00000000 $t
     /tmp/ccZHsI4n.s:156    .text.check_Gyro_Init:00000000 check_Gyro_Init
     /tmp/ccZHsI4n.s:206    .text.check_Gyro_Init:00000038 $d
     /tmp/ccZHsI4n.s:211    .text.check_XL_Init:00000000 $t
     /tmp/ccZHsI4n.s:217    .text.check_XL_Init:00000000 check_XL_Init
     /tmp/ccZHsI4n.s:267    .text.check_XL_Init:00000038 $d
     /tmp/ccZHsI4n.s:274    .text.LSM6DS0_ReadTemperature_C:00000000 $t
     /tmp/ccZHsI4n.s:280    .text.LSM6DS0_ReadTemperature_C:00000000 LSM6DS0_ReadTemperature_C
     /tmp/ccZHsI4n.s:354    .text.LSM6DS0_ReadTemperature_C:00000060 $d
     /tmp/ccZHsI4n.s:360    .text.LSM6DS0_ReadGyro_X:00000000 $t
     /tmp/ccZHsI4n.s:366    .text.LSM6DS0_ReadGyro_X:00000000 LSM6DS0_ReadGyro_X
     /tmp/ccZHsI4n.s:442    .text.LSM6DS0_ReadGyro_X:00000060 $d
     /tmp/ccZHsI4n.s:448    .text.LSM6DS0_ReadGyro_Y:00000000 $t
     /tmp/ccZHsI4n.s:454    .text.LSM6DS0_ReadGyro_Y:00000000 LSM6DS0_ReadGyro_Y
     /tmp/ccZHsI4n.s:530    .text.LSM6DS0_ReadGyro_Y:00000060 $d
     /tmp/ccZHsI4n.s:536    .text.LSM6DS0_ReadGyro_Z:00000000 $t
     /tmp/ccZHsI4n.s:542    .text.LSM6DS0_ReadGyro_Z:00000000 LSM6DS0_ReadGyro_Z
     /tmp/ccZHsI4n.s:618    .text.LSM6DS0_ReadGyro_Z:00000060 $d
     /tmp/ccZHsI4n.s:624    .text.LSM6DS0_ReadAccel_X:00000000 $t
     /tmp/ccZHsI4n.s:630    .text.LSM6DS0_ReadAccel_X:00000000 LSM6DS0_ReadAccel_X
     /tmp/ccZHsI4n.s:706    .text.LSM6DS0_ReadAccel_X:00000060 $d
     /tmp/ccZHsI4n.s:712    .text.LSM6DS0_ReadAccel_Y:00000000 $t
     /tmp/ccZHsI4n.s:718    .text.LSM6DS0_ReadAccel_Y:00000000 LSM6DS0_ReadAccel_Y
     /tmp/ccZHsI4n.s:794    .text.LSM6DS0_ReadAccel_Y:00000060 $d
     /tmp/ccZHsI4n.s:800    .text.LSM6DS0_ReadAccel_Z:00000000 $t
     /tmp/ccZHsI4n.s:806    .text.LSM6DS0_ReadAccel_Z:00000000 LSM6DS0_ReadAccel_Z
     /tmp/ccZHsI4n.s:882    .text.LSM6DS0_ReadAccel_Z:00000060 $d

UNDEFINED SYMBOLS
HAL_I2C_Mem_Read
hi2c1
HAL_I2C_Mem_Write
__aeabi_ui2f
__aeabi_fmul
__aeabi_i2f
