ARM GAS  /tmp/cc8u3hvJ.s 			page 1


   1              		.cpu cortex-m3
   2              		.eabi_attribute 20, 1
   3              		.eabi_attribute 21, 1
   4              		.eabi_attribute 23, 3
   5              		.eabi_attribute 24, 1
   6              		.eabi_attribute 25, 1
   7              		.eabi_attribute 26, 1
   8              		.eabi_attribute 30, 1
   9              		.eabi_attribute 34, 1
  10              		.eabi_attribute 18, 4
  11              		.file	"lsmds0.c"
  12              		.text
  13              	.Ltext0:
  14              		.cfi_sections	.debug_frame
  15              		.section	.text.LSM6DS0_begin,"ax",%progbits
  16              		.align	1
  17              		.global	LSM6DS0_begin
  18              		.arch armv7-m
  19              		.syntax unified
  20              		.thumb
  21              		.thumb_func
  22              		.fpu softvfp
  24              	LSM6DS0_begin:
  25              	.LFB65:
  26              		.file 1 "Core/Src/lsmds0.c"
   1:Core/Src/lsmds0.c **** #include "lsm6ds0.h"
   2:Core/Src/lsmds0.c **** 
   3:Core/Src/lsmds0.c **** 
   4:Core/Src/lsmds0.c **** int LSM6DS0_begin(void){
  27              		.loc 1 4 24 view -0
  28              		.cfi_startproc
  29              		@ args = 0, pretend = 0, frame = 8
  30              		@ frame_needed = 0, uses_anonymous_args = 0
  31 0000 00B5     		push	{lr}
  32              	.LCFI0:
  33              		.cfi_def_cfa_offset 4
  34              		.cfi_offset 14, -4
  35 0002 87B0     		sub	sp, sp, #28
  36              	.LCFI1:
  37              		.cfi_def_cfa_offset 32
   5:Core/Src/lsmds0.c ****   uint8_t data=0;
  38              		.loc 1 5 3 view .LVU1
  39              		.loc 1 5 11 is_stmt 0 view .LVU2
  40 0004 0023     		movs	r3, #0
  41 0006 8DF81730 		strb	r3, [sp, #23]
   6:Core/Src/lsmds0.c **** 
   7:Core/Src/lsmds0.c ****     // Check WHO_AM_I register
   8:Core/Src/lsmds0.c ****   HAL_I2C_Mem_Read(&hi2c1, 0xD7, WHO_AM_I, 1, &data, 1, HAL_MAX_DELAY);
  42              		.loc 1 8 3 is_stmt 1 view .LVU3
  43 000a 4FF0FF33 		mov	r3, #-1
  44 000e 0293     		str	r3, [sp, #8]
  45 0010 0123     		movs	r3, #1
  46 0012 0193     		str	r3, [sp, #4]
  47 0014 0DF11702 		add	r2, sp, #23
  48 0018 0092     		str	r2, [sp]
  49 001a 0F22     		movs	r2, #15
  50 001c D721     		movs	r1, #215
ARM GAS  /tmp/cc8u3hvJ.s 			page 2


  51 001e 0648     		ldr	r0, .L5
  52 0020 FFF7FEFF 		bl	HAL_I2C_Mem_Read
  53              	.LVL0:
   9:Core/Src/lsmds0.c ****   if (data != 0x6C) {
  54              		.loc 1 9 3 view .LVU4
  55              		.loc 1 9 12 is_stmt 0 view .LVU5
  56 0024 9DF81730 		ldrb	r3, [sp, #23]	@ zero_extendqisi2
  57              		.loc 1 9 6 view .LVU6
  58 0028 6C2B     		cmp	r3, #108
  59 002a 03D1     		bne	.L3
  10:Core/Src/lsmds0.c ****       // Handle error
  11:Core/Src/lsmds0.c ****       // HAL_GPIO_WritePin(LED_GPIO_Port,LED_Pin,SET);
  12:Core/Src/lsmds0.c ****     return 0;
  13:Core/Src/lsmds0.c ****   
  14:Core/Src/lsmds0.c ****   }
  15:Core/Src/lsmds0.c ****   return 1;
  60              		.loc 1 15 10 view .LVU7
  61 002c 0120     		movs	r0, #1
  62              	.L1:
  16:Core/Src/lsmds0.c **** }
  63              		.loc 1 16 1 view .LVU8
  64 002e 07B0     		add	sp, sp, #28
  65              	.LCFI2:
  66              		.cfi_remember_state
  67              		.cfi_def_cfa_offset 4
  68              		@ sp needed
  69 0030 5DF804FB 		ldr	pc, [sp], #4
  70              	.L3:
  71              	.LCFI3:
  72              		.cfi_restore_state
  12:Core/Src/lsmds0.c ****   
  73              		.loc 1 12 12 view .LVU9
  74 0034 0020     		movs	r0, #0
  75 0036 FAE7     		b	.L1
  76              	.L6:
  77              		.align	2
  78              	.L5:
  79 0038 00000000 		.word	hi2c1
  80              		.cfi_endproc
  81              	.LFE65:
  83              		.section	.text.LSM6DS0_Init,"ax",%progbits
  84              		.align	1
  85              		.global	LSM6DS0_Init
  86              		.syntax unified
  87              		.thumb
  88              		.thumb_func
  89              		.fpu softvfp
  91              	LSM6DS0_Init:
  92              	.LFB66:
  17:Core/Src/lsmds0.c **** void LSM6DS0_Init(void) {
  93              		.loc 1 17 25 is_stmt 1 view -0
  94              		.cfi_startproc
  95              		@ args = 0, pretend = 0, frame = 8
  96              		@ frame_needed = 0, uses_anonymous_args = 0
  97 0000 F0B5     		push	{r4, r5, r6, r7, lr}
  98              	.LCFI4:
  99              		.cfi_def_cfa_offset 20
ARM GAS  /tmp/cc8u3hvJ.s 			page 3


 100              		.cfi_offset 4, -20
 101              		.cfi_offset 5, -16
 102              		.cfi_offset 6, -12
 103              		.cfi_offset 7, -8
 104              		.cfi_offset 14, -4
 105 0002 87B0     		sub	sp, sp, #28
 106              	.LCFI5:
 107              		.cfi_def_cfa_offset 48
  18:Core/Src/lsmds0.c ****     uint8_t data=0;
 108              		.loc 1 18 5 view .LVU11
 109              		.loc 1 18 13 is_stmt 0 view .LVU12
 110 0004 0023     		movs	r3, #0
 111 0006 8DF81730 		strb	r3, [sp, #23]
  19:Core/Src/lsmds0.c **** 
  20:Core/Src/lsmds0.c ****     // Initialize Gyroscope
  21:Core/Src/lsmds0.c ****     data = 0x6C; // 416 Hz, 2000 dps
 112              		.loc 1 21 5 is_stmt 1 view .LVU13
 113              		.loc 1 21 10 is_stmt 0 view .LVU14
 114 000a 6C23     		movs	r3, #108
 115 000c 8DF81730 		strb	r3, [sp, #23]
  22:Core/Src/lsmds0.c ****     HAL_I2C_Mem_Write(&hi2c1, LSM6DS0_ADDR, CTRL_REG2_G, 1, &data, 1, HAL_MAX_DELAY);
 116              		.loc 1 22 5 is_stmt 1 view .LVU15
 117 0010 0E4D     		ldr	r5, .L9
 118 0012 4FF0FF37 		mov	r7, #-1
 119 0016 0297     		str	r7, [sp, #8]
 120 0018 0124     		movs	r4, #1
 121 001a 0194     		str	r4, [sp, #4]
 122 001c 0DF11706 		add	r6, sp, #23
 123 0020 0096     		str	r6, [sp]
 124 0022 2346     		mov	r3, r4
 125 0024 1122     		movs	r2, #17
 126 0026 D621     		movs	r1, #214
 127 0028 2846     		mov	r0, r5
 128 002a FFF7FEFF 		bl	HAL_I2C_Mem_Write
 129              	.LVL1:
  23:Core/Src/lsmds0.c **** 
  24:Core/Src/lsmds0.c ****     // Initialize Accelerometer
  25:Core/Src/lsmds0.c ****     // HAL_I2C_Mem_Write(&hi2c1, LSM6DS0_ADDR, CTRL_REG1_XL, 1, &data1, 1, HAL_MAX_DELAY);
  26:Core/Src/lsmds0.c ****     data = 0x60; // 416 Hz, +/- 2g
 130              		.loc 1 26 5 view .LVU16
 131              		.loc 1 26 10 is_stmt 0 view .LVU17
 132 002e 6023     		movs	r3, #96
 133 0030 8DF81730 		strb	r3, [sp, #23]
  27:Core/Src/lsmds0.c ****     HAL_I2C_Mem_Write(&hi2c1, LSM6DS0_ADDR, CTRL_REG1_XL, 1, &data, 1, HAL_MAX_DELAY);
 134              		.loc 1 27 5 is_stmt 1 view .LVU18
 135 0034 0297     		str	r7, [sp, #8]
 136 0036 0194     		str	r4, [sp, #4]
 137 0038 0096     		str	r6, [sp]
 138 003a 2346     		mov	r3, r4
 139 003c 1022     		movs	r2, #16
 140 003e D621     		movs	r1, #214
 141 0040 2846     		mov	r0, r5
 142 0042 FFF7FEFF 		bl	HAL_I2C_Mem_Write
 143              	.LVL2:
  28:Core/Src/lsmds0.c **** }
 144              		.loc 1 28 1 is_stmt 0 view .LVU19
 145 0046 07B0     		add	sp, sp, #28
ARM GAS  /tmp/cc8u3hvJ.s 			page 4


 146              	.LCFI6:
 147              		.cfi_def_cfa_offset 20
 148              		@ sp needed
 149 0048 F0BD     		pop	{r4, r5, r6, r7, pc}
 150              	.L10:
 151 004a 00BF     		.align	2
 152              	.L9:
 153 004c 00000000 		.word	hi2c1
 154              		.cfi_endproc
 155              	.LFE66:
 157              		.section	.text.check_Gyro_Init,"ax",%progbits
 158              		.align	1
 159              		.global	check_Gyro_Init
 160              		.syntax unified
 161              		.thumb
 162              		.thumb_func
 163              		.fpu softvfp
 165              	check_Gyro_Init:
 166              	.LFB67:
  29:Core/Src/lsmds0.c **** int check_Gyro_Init(){
 167              		.loc 1 29 22 is_stmt 1 view -0
 168              		.cfi_startproc
 169              		@ args = 0, pretend = 0, frame = 8
 170              		@ frame_needed = 0, uses_anonymous_args = 0
 171 0000 00B5     		push	{lr}
 172              	.LCFI7:
 173              		.cfi_def_cfa_offset 4
 174              		.cfi_offset 14, -4
 175 0002 87B0     		sub	sp, sp, #28
 176              	.LCFI8:
 177              		.cfi_def_cfa_offset 32
  30:Core/Src/lsmds0.c ****   uint8_t data=0;
 178              		.loc 1 30 3 view .LVU21
 179              		.loc 1 30 11 is_stmt 0 view .LVU22
 180 0004 0023     		movs	r3, #0
 181 0006 8DF81730 		strb	r3, [sp, #23]
  31:Core/Src/lsmds0.c **** 
  32:Core/Src/lsmds0.c ****     // Check WHO_AM_I register
  33:Core/Src/lsmds0.c ****   HAL_I2C_Mem_Read(&hi2c1, 0xD7, CTRL_REG2_G, 1, &data, 1, HAL_MAX_DELAY);
 182              		.loc 1 33 3 is_stmt 1 view .LVU23
 183 000a 4FF0FF33 		mov	r3, #-1
 184 000e 0293     		str	r3, [sp, #8]
 185 0010 0123     		movs	r3, #1
 186 0012 0193     		str	r3, [sp, #4]
 187 0014 0DF11702 		add	r2, sp, #23
 188 0018 0092     		str	r2, [sp]
 189 001a 1122     		movs	r2, #17
 190 001c D721     		movs	r1, #215
 191 001e 0648     		ldr	r0, .L15
 192 0020 FFF7FEFF 		bl	HAL_I2C_Mem_Read
 193              	.LVL3:
  34:Core/Src/lsmds0.c ****   if(data !=0x6C){
 194              		.loc 1 34 3 view .LVU24
 195              		.loc 1 34 11 is_stmt 0 view .LVU25
 196 0024 9DF81730 		ldrb	r3, [sp, #23]	@ zero_extendqisi2
 197              		.loc 1 34 5 view .LVU26
 198 0028 6C2B     		cmp	r3, #108
ARM GAS  /tmp/cc8u3hvJ.s 			page 5


 199 002a 03D0     		beq	.L13
  35:Core/Src/lsmds0.c ****     return 0;
 200              		.loc 1 35 12 view .LVU27
 201 002c 0020     		movs	r0, #0
 202              	.L11:
  36:Core/Src/lsmds0.c ****   }else{
  37:Core/Src/lsmds0.c ****     return 1;
  38:Core/Src/lsmds0.c ****   }
  39:Core/Src/lsmds0.c **** 
  40:Core/Src/lsmds0.c **** }
 203              		.loc 1 40 1 view .LVU28
 204 002e 07B0     		add	sp, sp, #28
 205              	.LCFI9:
 206              		.cfi_remember_state
 207              		.cfi_def_cfa_offset 4
 208              		@ sp needed
 209 0030 5DF804FB 		ldr	pc, [sp], #4
 210              	.L13:
 211              	.LCFI10:
 212              		.cfi_restore_state
  37:Core/Src/lsmds0.c ****   }
 213              		.loc 1 37 12 view .LVU29
 214 0034 0120     		movs	r0, #1
 215 0036 FAE7     		b	.L11
 216              	.L16:
 217              		.align	2
 218              	.L15:
 219 0038 00000000 		.word	hi2c1
 220              		.cfi_endproc
 221              	.LFE67:
 223              		.section	.text.check_XL_Init,"ax",%progbits
 224              		.align	1
 225              		.global	check_XL_Init
 226              		.syntax unified
 227              		.thumb
 228              		.thumb_func
 229              		.fpu softvfp
 231              	check_XL_Init:
 232              	.LFB68:
  41:Core/Src/lsmds0.c **** int check_XL_Init(){
 233              		.loc 1 41 20 is_stmt 1 view -0
 234              		.cfi_startproc
 235              		@ args = 0, pretend = 0, frame = 8
 236              		@ frame_needed = 0, uses_anonymous_args = 0
 237 0000 00B5     		push	{lr}
 238              	.LCFI11:
 239              		.cfi_def_cfa_offset 4
 240              		.cfi_offset 14, -4
 241 0002 87B0     		sub	sp, sp, #28
 242              	.LCFI12:
 243              		.cfi_def_cfa_offset 32
  42:Core/Src/lsmds0.c ****   uint8_t data=0;
 244              		.loc 1 42 3 view .LVU31
 245              		.loc 1 42 11 is_stmt 0 view .LVU32
 246 0004 0023     		movs	r3, #0
 247 0006 8DF81730 		strb	r3, [sp, #23]
  43:Core/Src/lsmds0.c **** 
ARM GAS  /tmp/cc8u3hvJ.s 			page 6


  44:Core/Src/lsmds0.c ****     // Check WHO_AM_I register
  45:Core/Src/lsmds0.c ****   HAL_I2C_Mem_Read(&hi2c1, 0xD7, CTRL_REG1_XL, 1, &data, 1, HAL_MAX_DELAY);
 248              		.loc 1 45 3 is_stmt 1 view .LVU33
 249 000a 4FF0FF33 		mov	r3, #-1
 250 000e 0293     		str	r3, [sp, #8]
 251 0010 0123     		movs	r3, #1
 252 0012 0193     		str	r3, [sp, #4]
 253 0014 0DF11702 		add	r2, sp, #23
 254 0018 0092     		str	r2, [sp]
 255 001a 1022     		movs	r2, #16
 256 001c D721     		movs	r1, #215
 257 001e 0648     		ldr	r0, .L21
 258 0020 FFF7FEFF 		bl	HAL_I2C_Mem_Read
 259              	.LVL4:
  46:Core/Src/lsmds0.c ****   if(data !=0x60){
 260              		.loc 1 46 3 view .LVU34
 261              		.loc 1 46 11 is_stmt 0 view .LVU35
 262 0024 9DF81730 		ldrb	r3, [sp, #23]	@ zero_extendqisi2
 263              		.loc 1 46 5 view .LVU36
 264 0028 602B     		cmp	r3, #96
 265 002a 03D0     		beq	.L19
  47:Core/Src/lsmds0.c ****     return 0;
 266              		.loc 1 47 12 view .LVU37
 267 002c 0020     		movs	r0, #0
 268              	.L17:
  48:Core/Src/lsmds0.c ****   }else{
  49:Core/Src/lsmds0.c ****     return 1;
  50:Core/Src/lsmds0.c ****   }
  51:Core/Src/lsmds0.c **** 
  52:Core/Src/lsmds0.c **** }
 269              		.loc 1 52 1 view .LVU38
 270 002e 07B0     		add	sp, sp, #28
 271              	.LCFI13:
 272              		.cfi_remember_state
 273              		.cfi_def_cfa_offset 4
 274              		@ sp needed
 275 0030 5DF804FB 		ldr	pc, [sp], #4
 276              	.L19:
 277              	.LCFI14:
 278              		.cfi_restore_state
  49:Core/Src/lsmds0.c ****   }
 279              		.loc 1 49 12 view .LVU39
 280 0034 0120     		movs	r0, #1
 281 0036 FAE7     		b	.L17
 282              	.L22:
 283              		.align	2
 284              	.L21:
 285 0038 00000000 		.word	hi2c1
 286              		.cfi_endproc
 287              	.LFE68:
 289              		.global	__aeabi_ui2f
 290              		.global	__aeabi_fmul
 291              		.section	.text.LSM6DS0_ReadTemperature_C,"ax",%progbits
 292              		.align	1
 293              		.global	LSM6DS0_ReadTemperature_C
 294              		.syntax unified
 295              		.thumb
ARM GAS  /tmp/cc8u3hvJ.s 			page 7


 296              		.thumb_func
 297              		.fpu softvfp
 299              	LSM6DS0_ReadTemperature_C:
 300              	.LFB69:
  53:Core/Src/lsmds0.c **** 
  54:Core/Src/lsmds0.c **** float LSM6DS0_ReadTemperature_C() {
 301              		.loc 1 54 35 is_stmt 1 view -0
 302              		.cfi_startproc
 303              		@ args = 0, pretend = 0, frame = 8
 304              		@ frame_needed = 0, uses_anonymous_args = 0
 305 0000 70B5     		push	{r4, r5, r6, lr}
 306              	.LCFI15:
 307              		.cfi_def_cfa_offset 16
 308              		.cfi_offset 4, -16
 309              		.cfi_offset 5, -12
 310              		.cfi_offset 6, -8
 311              		.cfi_offset 14, -4
 312 0002 86B0     		sub	sp, sp, #24
 313              	.LCFI16:
 314              		.cfi_def_cfa_offset 40
  55:Core/Src/lsmds0.c **** 
  56:Core/Src/lsmds0.c **** 	  uint8_t Out_Temp_L = 0;
 315              		.loc 1 56 4 view .LVU41
 316              		.loc 1 56 12 is_stmt 0 view .LVU42
 317 0004 0023     		movs	r3, #0
 318 0006 8DF81730 		strb	r3, [sp, #23]
  57:Core/Src/lsmds0.c **** 	  uint8_t Out_Temp_H = 0;
 319              		.loc 1 57 4 is_stmt 1 view .LVU43
 320              		.loc 1 57 12 is_stmt 0 view .LVU44
 321 000a 8DF81630 		strb	r3, [sp, #22]
  58:Core/Src/lsmds0.c ****     uint16_t Raw_Temp=0;
 322              		.loc 1 58 5 is_stmt 1 view .LVU45
 323              	.LVL5:
  59:Core/Src/lsmds0.c ****     float degreeCelsius =0;
 324              		.loc 1 59 5 view .LVU46
  60:Core/Src/lsmds0.c **** 
  61:Core/Src/lsmds0.c ****     HAL_I2C_Mem_Read(&hi2c1, LSM6DS0_ADDR,OUT_TEMP_L, I2C_MEMADD_SIZE_8BIT, &Out_Temp_L, 1, HAL_MAX
 325              		.loc 1 61 5 view .LVU47
 326 000e 144D     		ldr	r5, .L25
 327 0010 4FF0FF36 		mov	r6, #-1
 328 0014 0296     		str	r6, [sp, #8]
 329 0016 0124     		movs	r4, #1
 330 0018 0194     		str	r4, [sp, #4]
 331 001a 0DF11703 		add	r3, sp, #23
 332 001e 0093     		str	r3, [sp]
 333 0020 2346     		mov	r3, r4
 334 0022 2022     		movs	r2, #32
 335 0024 D621     		movs	r1, #214
 336 0026 2846     		mov	r0, r5
 337 0028 FFF7FEFF 		bl	HAL_I2C_Mem_Read
 338              	.LVL6:
  62:Core/Src/lsmds0.c ****     HAL_I2C_Mem_Read(&hi2c1, LSM6DS0_ADDR,OUT_TEMP_H, I2C_MEMADD_SIZE_8BIT, &Out_Temp_H, 1, HAL_MAX
 339              		.loc 1 62 5 view .LVU48
 340 002c 0296     		str	r6, [sp, #8]
 341 002e 0194     		str	r4, [sp, #4]
 342 0030 0DF11603 		add	r3, sp, #22
 343 0034 0093     		str	r3, [sp]
ARM GAS  /tmp/cc8u3hvJ.s 			page 8


 344 0036 2346     		mov	r3, r4
 345 0038 2122     		movs	r2, #33
 346 003a D621     		movs	r1, #214
 347 003c 2846     		mov	r0, r5
 348 003e FFF7FEFF 		bl	HAL_I2C_Mem_Read
 349              	.LVL7:
  63:Core/Src/lsmds0.c ****     Raw_Temp = ((Out_Temp_H<<8)| Out_Temp_L);
 350              		.loc 1 63 5 view .LVU49
 351              		.loc 1 63 28 is_stmt 0 view .LVU50
 352 0042 9DF81600 		ldrb	r0, [sp, #22]	@ zero_extendqisi2
 353              		.loc 1 63 32 view .LVU51
 354 0046 9DF81730 		ldrb	r3, [sp, #23]	@ zero_extendqisi2
 355              	.LVL8:
  64:Core/Src/lsmds0.c ****     degreeCelsius = (float)Raw_Temp/256;
 356              		.loc 1 64 5 is_stmt 1 view .LVU52
 357              		.loc 1 64 21 is_stmt 0 view .LVU53
 358 004a 43EA0020 		orr	r0, r3, r0, lsl #8
 359              	.LVL9:
 360              		.loc 1 64 21 view .LVU54
 361 004e FFF7FEFF 		bl	__aeabi_ui2f
 362              	.LVL10:
 363              		.loc 1 64 19 view .LVU55
 364 0052 4FF06E51 		mov	r1, #998244352
 365 0056 FFF7FEFF 		bl	__aeabi_fmul
 366              	.LVL11:
  65:Core/Src/lsmds0.c ****     return (degreeCelsius);
 367              		.loc 1 65 5 is_stmt 1 view .LVU56
  66:Core/Src/lsmds0.c **** }
 368              		.loc 1 66 1 is_stmt 0 view .LVU57
 369 005a 06B0     		add	sp, sp, #24
 370              	.LCFI17:
 371              		.cfi_def_cfa_offset 16
 372              		@ sp needed
 373 005c 70BD     		pop	{r4, r5, r6, pc}
 374              	.L26:
 375 005e 00BF     		.align	2
 376              	.L25:
 377 0060 00000000 		.word	hi2c1
 378              		.cfi_endproc
 379              	.LFE69:
 381              		.global	__aeabi_i2f
 382              		.section	.text.LSM6DS0_ReadGyro_X,"ax",%progbits
 383              		.align	1
 384              		.global	LSM6DS0_ReadGyro_X
 385              		.syntax unified
 386              		.thumb
 387              		.thumb_func
 388              		.fpu softvfp
 390              	LSM6DS0_ReadGyro_X:
 391              	.LFB70:
  67:Core/Src/lsmds0.c **** 
  68:Core/Src/lsmds0.c **** float LSM6DS0_ReadGyro_X() {
 392              		.loc 1 68 28 is_stmt 1 view -0
 393              		.cfi_startproc
 394              		@ args = 0, pretend = 0, frame = 8
 395              		@ frame_needed = 0, uses_anonymous_args = 0
 396 0000 70B5     		push	{r4, r5, r6, lr}
ARM GAS  /tmp/cc8u3hvJ.s 			page 9


 397              	.LCFI18:
 398              		.cfi_def_cfa_offset 16
 399              		.cfi_offset 4, -16
 400              		.cfi_offset 5, -12
 401              		.cfi_offset 6, -8
 402              		.cfi_offset 14, -4
 403 0002 86B0     		sub	sp, sp, #24
 404              	.LCFI19:
 405              		.cfi_def_cfa_offset 40
  69:Core/Src/lsmds0.c ****     uint8_t Out_X_G_L = 0;
 406              		.loc 1 69 5 view .LVU59
 407              		.loc 1 69 13 is_stmt 0 view .LVU60
 408 0004 0023     		movs	r3, #0
 409 0006 8DF81730 		strb	r3, [sp, #23]
  70:Core/Src/lsmds0.c **** 	  uint8_t Out_X_G_H = 0;
 410              		.loc 1 70 4 is_stmt 1 view .LVU61
 411              		.loc 1 70 12 is_stmt 0 view .LVU62
 412 000a 8DF81630 		strb	r3, [sp, #22]
  71:Core/Src/lsmds0.c ****     int16_t Raw_X = 0;
 413              		.loc 1 71 5 is_stmt 1 view .LVU63
 414              	.LVL12:
  72:Core/Src/lsmds0.c ****     float Gyro_X = 0;
 415              		.loc 1 72 5 view .LVU64
  73:Core/Src/lsmds0.c **** 
  74:Core/Src/lsmds0.c ****     HAL_I2C_Mem_Read(&hi2c1, LSM6DS0_ADDR, LSM6DS0_OUT_X_G_L, I2C_MEMADD_SIZE_8BIT, &Out_X_G_L, 1, 
 416              		.loc 1 74 5 view .LVU65
 417 000e 144D     		ldr	r5, .L29
 418 0010 4FF0FF36 		mov	r6, #-1
 419 0014 0296     		str	r6, [sp, #8]
 420 0016 0124     		movs	r4, #1
 421 0018 0194     		str	r4, [sp, #4]
 422 001a 0DF11703 		add	r3, sp, #23
 423 001e 0093     		str	r3, [sp]
 424 0020 2346     		mov	r3, r4
 425 0022 2222     		movs	r2, #34
 426 0024 D621     		movs	r1, #214
 427 0026 2846     		mov	r0, r5
 428 0028 FFF7FEFF 		bl	HAL_I2C_Mem_Read
 429              	.LVL13:
  75:Core/Src/lsmds0.c ****     HAL_I2C_Mem_Read(&hi2c1, LSM6DS0_ADDR, LSM6DS0_OUT_X_G_H, I2C_MEMADD_SIZE_8BIT, &Out_X_G_H, 1, 
 430              		.loc 1 75 5 view .LVU66
 431 002c 0296     		str	r6, [sp, #8]
 432 002e 0194     		str	r4, [sp, #4]
 433 0030 0DF11603 		add	r3, sp, #22
 434 0034 0093     		str	r3, [sp]
 435 0036 2346     		mov	r3, r4
 436 0038 2322     		movs	r2, #35
 437 003a D621     		movs	r1, #214
 438 003c 2846     		mov	r0, r5
 439 003e FFF7FEFF 		bl	HAL_I2C_Mem_Read
 440              	.LVL14:
  76:Core/Src/lsmds0.c ****     Raw_X = ((Out_X_G_H<<8)| Out_X_G_L);
 441              		.loc 1 76 5 view .LVU67
 442              		.loc 1 76 24 is_stmt 0 view .LVU68
 443 0042 9DF81630 		ldrb	r3, [sp, #22]	@ zero_extendqisi2
 444 0046 1B02     		lsls	r3, r3, #8
 445              		.loc 1 76 28 view .LVU69
ARM GAS  /tmp/cc8u3hvJ.s 			page 10


 446 0048 1BB2     		sxth	r3, r3
 447 004a 9DF81700 		ldrb	r0, [sp, #23]	@ zero_extendqisi2
 448              	.LVL15:
  77:Core/Src/lsmds0.c ****     Gyro_X = (float)Raw_X*70;
 449              		.loc 1 77 5 is_stmt 1 view .LVU70
 450              		.loc 1 77 14 is_stmt 0 view .LVU71
 451 004e 1843     		orrs	r0, r0, r3
 452              	.LVL16:
 453              		.loc 1 77 14 view .LVU72
 454 0050 FFF7FEFF 		bl	__aeabi_i2f
 455              	.LVL17:
 456              		.loc 1 77 12 view .LVU73
 457 0054 0349     		ldr	r1, .L29+4
 458 0056 FFF7FEFF 		bl	__aeabi_fmul
 459              	.LVL18:
  78:Core/Src/lsmds0.c ****     return (Gyro_X);
 460              		.loc 1 78 5 is_stmt 1 view .LVU74
  79:Core/Src/lsmds0.c **** }
 461              		.loc 1 79 1 is_stmt 0 view .LVU75
 462 005a 06B0     		add	sp, sp, #24
 463              	.LCFI20:
 464              		.cfi_def_cfa_offset 16
 465              		@ sp needed
 466 005c 70BD     		pop	{r4, r5, r6, pc}
 467              	.L30:
 468 005e 00BF     		.align	2
 469              	.L29:
 470 0060 00000000 		.word	hi2c1
 471 0064 00008C42 		.word	1116471296
 472              		.cfi_endproc
 473              	.LFE70:
 475              		.section	.text.LSM6DS0_ReadGyro_Y,"ax",%progbits
 476              		.align	1
 477              		.global	LSM6DS0_ReadGyro_Y
 478              		.syntax unified
 479              		.thumb
 480              		.thumb_func
 481              		.fpu softvfp
 483              	LSM6DS0_ReadGyro_Y:
 484              	.LFB71:
  80:Core/Src/lsmds0.c **** float LSM6DS0_ReadGyro_Y() {
 485              		.loc 1 80 28 is_stmt 1 view -0
 486              		.cfi_startproc
 487              		@ args = 0, pretend = 0, frame = 8
 488              		@ frame_needed = 0, uses_anonymous_args = 0
 489 0000 70B5     		push	{r4, r5, r6, lr}
 490              	.LCFI21:
 491              		.cfi_def_cfa_offset 16
 492              		.cfi_offset 4, -16
 493              		.cfi_offset 5, -12
 494              		.cfi_offset 6, -8
 495              		.cfi_offset 14, -4
 496 0002 86B0     		sub	sp, sp, #24
 497              	.LCFI22:
 498              		.cfi_def_cfa_offset 40
  81:Core/Src/lsmds0.c ****     uint8_t Out_Y_G_L = 0;
 499              		.loc 1 81 5 view .LVU77
ARM GAS  /tmp/cc8u3hvJ.s 			page 11


 500              		.loc 1 81 13 is_stmt 0 view .LVU78
 501 0004 0023     		movs	r3, #0
 502 0006 8DF81730 		strb	r3, [sp, #23]
  82:Core/Src/lsmds0.c **** 	  uint8_t Out_Y_G_H = 0;
 503              		.loc 1 82 4 is_stmt 1 view .LVU79
 504              		.loc 1 82 12 is_stmt 0 view .LVU80
 505 000a 8DF81630 		strb	r3, [sp, #22]
  83:Core/Src/lsmds0.c ****     int16_t Raw_Y = 0;
 506              		.loc 1 83 5 is_stmt 1 view .LVU81
 507              	.LVL19:
  84:Core/Src/lsmds0.c ****     float Gyro_Y = 0;
 508              		.loc 1 84 5 view .LVU82
  85:Core/Src/lsmds0.c **** 
  86:Core/Src/lsmds0.c ****     HAL_I2C_Mem_Read(&hi2c1, LSM6DS0_ADDR, LSM6DS0_OUT_Y_G_L, I2C_MEMADD_SIZE_8BIT, &Out_Y_G_L, 1, 
 509              		.loc 1 86 5 view .LVU83
 510 000e 144D     		ldr	r5, .L33
 511 0010 4FF0FF36 		mov	r6, #-1
 512 0014 0296     		str	r6, [sp, #8]
 513 0016 0124     		movs	r4, #1
 514 0018 0194     		str	r4, [sp, #4]
 515 001a 0DF11703 		add	r3, sp, #23
 516 001e 0093     		str	r3, [sp]
 517 0020 2346     		mov	r3, r4
 518 0022 2422     		movs	r2, #36
 519 0024 D621     		movs	r1, #214
 520 0026 2846     		mov	r0, r5
 521 0028 FFF7FEFF 		bl	HAL_I2C_Mem_Read
 522              	.LVL20:
  87:Core/Src/lsmds0.c ****     HAL_I2C_Mem_Read(&hi2c1, LSM6DS0_ADDR, LSM6DS0_OUT_Y_G_H, I2C_MEMADD_SIZE_8BIT, &Out_Y_G_H, 1, 
 523              		.loc 1 87 5 view .LVU84
 524 002c 0296     		str	r6, [sp, #8]
 525 002e 0194     		str	r4, [sp, #4]
 526 0030 0DF11603 		add	r3, sp, #22
 527 0034 0093     		str	r3, [sp]
 528 0036 2346     		mov	r3, r4
 529 0038 2522     		movs	r2, #37
 530 003a D621     		movs	r1, #214
 531 003c 2846     		mov	r0, r5
 532 003e FFF7FEFF 		bl	HAL_I2C_Mem_Read
 533              	.LVL21:
  88:Core/Src/lsmds0.c ****     Raw_Y = ((Out_Y_G_H<<8)| Out_Y_G_L);
 534              		.loc 1 88 5 view .LVU85
 535              		.loc 1 88 24 is_stmt 0 view .LVU86
 536 0042 9DF81630 		ldrb	r3, [sp, #22]	@ zero_extendqisi2
 537 0046 1B02     		lsls	r3, r3, #8
 538              		.loc 1 88 28 view .LVU87
 539 0048 1BB2     		sxth	r3, r3
 540 004a 9DF81700 		ldrb	r0, [sp, #23]	@ zero_extendqisi2
 541              	.LVL22:
  89:Core/Src/lsmds0.c ****     Gyro_Y = (float)Raw_Y*70;
 542              		.loc 1 89 5 is_stmt 1 view .LVU88
 543              		.loc 1 89 14 is_stmt 0 view .LVU89
 544 004e 1843     		orrs	r0, r0, r3
 545              	.LVL23:
 546              		.loc 1 89 14 view .LVU90
 547 0050 FFF7FEFF 		bl	__aeabi_i2f
 548              	.LVL24:
ARM GAS  /tmp/cc8u3hvJ.s 			page 12


 549              		.loc 1 89 12 view .LVU91
 550 0054 0349     		ldr	r1, .L33+4
 551 0056 FFF7FEFF 		bl	__aeabi_fmul
 552              	.LVL25:
  90:Core/Src/lsmds0.c ****     return (Gyro_Y);
 553              		.loc 1 90 5 is_stmt 1 view .LVU92
  91:Core/Src/lsmds0.c **** }
 554              		.loc 1 91 1 is_stmt 0 view .LVU93
 555 005a 06B0     		add	sp, sp, #24
 556              	.LCFI23:
 557              		.cfi_def_cfa_offset 16
 558              		@ sp needed
 559 005c 70BD     		pop	{r4, r5, r6, pc}
 560              	.L34:
 561 005e 00BF     		.align	2
 562              	.L33:
 563 0060 00000000 		.word	hi2c1
 564 0064 00008C42 		.word	1116471296
 565              		.cfi_endproc
 566              	.LFE71:
 568              		.section	.text.LSM6DS0_ReadGyro_Z,"ax",%progbits
 569              		.align	1
 570              		.global	LSM6DS0_ReadGyro_Z
 571              		.syntax unified
 572              		.thumb
 573              		.thumb_func
 574              		.fpu softvfp
 576              	LSM6DS0_ReadGyro_Z:
 577              	.LFB72:
  92:Core/Src/lsmds0.c **** float LSM6DS0_ReadGyro_Z() {
 578              		.loc 1 92 28 is_stmt 1 view -0
 579              		.cfi_startproc
 580              		@ args = 0, pretend = 0, frame = 8
 581              		@ frame_needed = 0, uses_anonymous_args = 0
 582 0000 70B5     		push	{r4, r5, r6, lr}
 583              	.LCFI24:
 584              		.cfi_def_cfa_offset 16
 585              		.cfi_offset 4, -16
 586              		.cfi_offset 5, -12
 587              		.cfi_offset 6, -8
 588              		.cfi_offset 14, -4
 589 0002 86B0     		sub	sp, sp, #24
 590              	.LCFI25:
 591              		.cfi_def_cfa_offset 40
  93:Core/Src/lsmds0.c ****     uint8_t Out_Z_G_L = 0;
 592              		.loc 1 93 5 view .LVU95
 593              		.loc 1 93 13 is_stmt 0 view .LVU96
 594 0004 0023     		movs	r3, #0
 595 0006 8DF81730 		strb	r3, [sp, #23]
  94:Core/Src/lsmds0.c **** 	  uint8_t Out_Z_G_H = 0;
 596              		.loc 1 94 4 is_stmt 1 view .LVU97
 597              		.loc 1 94 12 is_stmt 0 view .LVU98
 598 000a 8DF81630 		strb	r3, [sp, #22]
  95:Core/Src/lsmds0.c ****     int16_t Raw_Z = 0;
 599              		.loc 1 95 5 is_stmt 1 view .LVU99
 600              	.LVL26:
  96:Core/Src/lsmds0.c ****     float Gyro_Z = 0;
ARM GAS  /tmp/cc8u3hvJ.s 			page 13


 601              		.loc 1 96 5 view .LVU100
  97:Core/Src/lsmds0.c **** 
  98:Core/Src/lsmds0.c ****     HAL_I2C_Mem_Read(&hi2c1, LSM6DS0_ADDR, LSM6DS0_OUT_Z_G_L, I2C_MEMADD_SIZE_8BIT, &Out_Z_G_L, 1, 
 602              		.loc 1 98 5 view .LVU101
 603 000e 144D     		ldr	r5, .L37
 604 0010 4FF0FF36 		mov	r6, #-1
 605 0014 0296     		str	r6, [sp, #8]
 606 0016 0124     		movs	r4, #1
 607 0018 0194     		str	r4, [sp, #4]
 608 001a 0DF11703 		add	r3, sp, #23
 609 001e 0093     		str	r3, [sp]
 610 0020 2346     		mov	r3, r4
 611 0022 2622     		movs	r2, #38
 612 0024 D621     		movs	r1, #214
 613 0026 2846     		mov	r0, r5
 614 0028 FFF7FEFF 		bl	HAL_I2C_Mem_Read
 615              	.LVL27:
  99:Core/Src/lsmds0.c ****     HAL_I2C_Mem_Read(&hi2c1, LSM6DS0_ADDR, LSM6DS0_OUT_Z_G_H, I2C_MEMADD_SIZE_8BIT, &Out_Z_G_H, 1, 
 616              		.loc 1 99 5 view .LVU102
 617 002c 0296     		str	r6, [sp, #8]
 618 002e 0194     		str	r4, [sp, #4]
 619 0030 0DF11603 		add	r3, sp, #22
 620 0034 0093     		str	r3, [sp]
 621 0036 2346     		mov	r3, r4
 622 0038 2722     		movs	r2, #39
 623 003a D621     		movs	r1, #214
 624 003c 2846     		mov	r0, r5
 625 003e FFF7FEFF 		bl	HAL_I2C_Mem_Read
 626              	.LVL28:
 100:Core/Src/lsmds0.c ****     Raw_Z = ((Out_Z_G_H<<8)| Out_Z_G_L);
 627              		.loc 1 100 5 view .LVU103
 628              		.loc 1 100 24 is_stmt 0 view .LVU104
 629 0042 9DF81630 		ldrb	r3, [sp, #22]	@ zero_extendqisi2
 630 0046 1B02     		lsls	r3, r3, #8
 631              		.loc 1 100 28 view .LVU105
 632 0048 1BB2     		sxth	r3, r3
 633 004a 9DF81700 		ldrb	r0, [sp, #23]	@ zero_extendqisi2
 634              	.LVL29:
 101:Core/Src/lsmds0.c ****     Gyro_Z = (float)Raw_Z*70;
 635              		.loc 1 101 5 is_stmt 1 view .LVU106
 636              		.loc 1 101 14 is_stmt 0 view .LVU107
 637 004e 1843     		orrs	r0, r0, r3
 638              	.LVL30:
 639              		.loc 1 101 14 view .LVU108
 640 0050 FFF7FEFF 		bl	__aeabi_i2f
 641              	.LVL31:
 642              		.loc 1 101 12 view .LVU109
 643 0054 0349     		ldr	r1, .L37+4
 644 0056 FFF7FEFF 		bl	__aeabi_fmul
 645              	.LVL32:
 102:Core/Src/lsmds0.c ****     return (Gyro_Z);
 646              		.loc 1 102 5 is_stmt 1 view .LVU110
 103:Core/Src/lsmds0.c **** }
 647              		.loc 1 103 1 is_stmt 0 view .LVU111
 648 005a 06B0     		add	sp, sp, #24
 649              	.LCFI26:
 650              		.cfi_def_cfa_offset 16
ARM GAS  /tmp/cc8u3hvJ.s 			page 14


 651              		@ sp needed
 652 005c 70BD     		pop	{r4, r5, r6, pc}
 653              	.L38:
 654 005e 00BF     		.align	2
 655              	.L37:
 656 0060 00000000 		.word	hi2c1
 657 0064 00008C42 		.word	1116471296
 658              		.cfi_endproc
 659              	.LFE72:
 661              		.section	.text.LSM6DS0_ReadAccel_X,"ax",%progbits
 662              		.align	1
 663              		.global	LSM6DS0_ReadAccel_X
 664              		.syntax unified
 665              		.thumb
 666              		.thumb_func
 667              		.fpu softvfp
 669              	LSM6DS0_ReadAccel_X:
 670              	.LFB73:
 104:Core/Src/lsmds0.c **** 
 105:Core/Src/lsmds0.c **** 
 106:Core/Src/lsmds0.c **** float LSM6DS0_ReadAccel_X(void) {
 671              		.loc 1 106 33 is_stmt 1 view -0
 672              		.cfi_startproc
 673              		@ args = 0, pretend = 0, frame = 8
 674              		@ frame_needed = 0, uses_anonymous_args = 0
 675 0000 70B5     		push	{r4, r5, r6, lr}
 676              	.LCFI27:
 677              		.cfi_def_cfa_offset 16
 678              		.cfi_offset 4, -16
 679              		.cfi_offset 5, -12
 680              		.cfi_offset 6, -8
 681              		.cfi_offset 14, -4
 682 0002 86B0     		sub	sp, sp, #24
 683              	.LCFI28:
 684              		.cfi_def_cfa_offset 40
 107:Core/Src/lsmds0.c ****     uint8_t Out_X_XL_L = 0;
 685              		.loc 1 107 5 view .LVU113
 686              		.loc 1 107 13 is_stmt 0 view .LVU114
 687 0004 0023     		movs	r3, #0
 688 0006 8DF81730 		strb	r3, [sp, #23]
 108:Core/Src/lsmds0.c **** 	  uint8_t Out_X_XL_H = 0;
 689              		.loc 1 108 4 is_stmt 1 view .LVU115
 690              		.loc 1 108 12 is_stmt 0 view .LVU116
 691 000a 8DF81630 		strb	r3, [sp, #22]
 109:Core/Src/lsmds0.c ****     int16_t Raw_X = 0;
 692              		.loc 1 109 5 is_stmt 1 view .LVU117
 693              	.LVL33:
 110:Core/Src/lsmds0.c ****     float Acceleration_X = 0;
 694              		.loc 1 110 5 view .LVU118
 111:Core/Src/lsmds0.c **** 
 112:Core/Src/lsmds0.c ****     HAL_I2C_Mem_Read(&hi2c1, LSM6DS0_ADDR, OUT_X_L_XL, I2C_MEMADD_SIZE_8BIT, &Out_X_XL_L, 1, HAL_MA
 695              		.loc 1 112 5 view .LVU119
 696 000e 144D     		ldr	r5, .L41
 697 0010 4FF0FF36 		mov	r6, #-1
 698 0014 0296     		str	r6, [sp, #8]
 699 0016 0124     		movs	r4, #1
 700 0018 0194     		str	r4, [sp, #4]
ARM GAS  /tmp/cc8u3hvJ.s 			page 15


 701 001a 0DF11703 		add	r3, sp, #23
 702 001e 0093     		str	r3, [sp]
 703 0020 2346     		mov	r3, r4
 704 0022 2822     		movs	r2, #40
 705 0024 D621     		movs	r1, #214
 706 0026 2846     		mov	r0, r5
 707 0028 FFF7FEFF 		bl	HAL_I2C_Mem_Read
 708              	.LVL34:
 113:Core/Src/lsmds0.c ****     HAL_I2C_Mem_Read(&hi2c1, LSM6DS0_ADDR, OUT_X_H_XL, I2C_MEMADD_SIZE_8BIT, &Out_X_XL_H, 1, HAL_MA
 709              		.loc 1 113 5 view .LVU120
 710 002c 0296     		str	r6, [sp, #8]
 711 002e 0194     		str	r4, [sp, #4]
 712 0030 0DF11603 		add	r3, sp, #22
 713 0034 0093     		str	r3, [sp]
 714 0036 2346     		mov	r3, r4
 715 0038 2922     		movs	r2, #41
 716 003a D621     		movs	r1, #214
 717 003c 2846     		mov	r0, r5
 718 003e FFF7FEFF 		bl	HAL_I2C_Mem_Read
 719              	.LVL35:
 114:Core/Src/lsmds0.c **** 
 115:Core/Src/lsmds0.c ****     Raw_X = ((Out_X_XL_H << 8) | Out_X_XL_L);
 720              		.loc 1 115 5 view .LVU121
 721              		.loc 1 115 26 is_stmt 0 view .LVU122
 722 0042 9DF81630 		ldrb	r3, [sp, #22]	@ zero_extendqisi2
 723 0046 1B02     		lsls	r3, r3, #8
 724              		.loc 1 115 32 view .LVU123
 725 0048 1BB2     		sxth	r3, r3
 726 004a 9DF81700 		ldrb	r0, [sp, #23]	@ zero_extendqisi2
 727              	.LVL36:
 116:Core/Src/lsmds0.c ****     Acceleration_X = (float)Raw_X*0.061f;
 728              		.loc 1 116 5 is_stmt 1 view .LVU124
 729              		.loc 1 116 22 is_stmt 0 view .LVU125
 730 004e 1843     		orrs	r0, r0, r3
 731              	.LVL37:
 732              		.loc 1 116 22 view .LVU126
 733 0050 FFF7FEFF 		bl	__aeabi_i2f
 734              	.LVL38:
 735              		.loc 1 116 20 view .LVU127
 736 0054 0349     		ldr	r1, .L41+4
 737 0056 FFF7FEFF 		bl	__aeabi_fmul
 738              	.LVL39:
 117:Core/Src/lsmds0.c ****     return (Acceleration_X);
 739              		.loc 1 117 5 is_stmt 1 view .LVU128
 118:Core/Src/lsmds0.c **** }
 740              		.loc 1 118 1 is_stmt 0 view .LVU129
 741 005a 06B0     		add	sp, sp, #24
 742              	.LCFI29:
 743              		.cfi_def_cfa_offset 16
 744              		@ sp needed
 745 005c 70BD     		pop	{r4, r5, r6, pc}
 746              	.L42:
 747 005e 00BF     		.align	2
 748              	.L41:
 749 0060 00000000 		.word	hi2c1
 750 0064 23DB793D 		.word	1031396131
 751              		.cfi_endproc
ARM GAS  /tmp/cc8u3hvJ.s 			page 16


 752              	.LFE73:
 754              		.section	.text.LSM6DS0_ReadAccel_Y,"ax",%progbits
 755              		.align	1
 756              		.global	LSM6DS0_ReadAccel_Y
 757              		.syntax unified
 758              		.thumb
 759              		.thumb_func
 760              		.fpu softvfp
 762              	LSM6DS0_ReadAccel_Y:
 763              	.LFB74:
 119:Core/Src/lsmds0.c **** float LSM6DS0_ReadAccel_Y(void) {
 764              		.loc 1 119 33 is_stmt 1 view -0
 765              		.cfi_startproc
 766              		@ args = 0, pretend = 0, frame = 8
 767              		@ frame_needed = 0, uses_anonymous_args = 0
 768 0000 70B5     		push	{r4, r5, r6, lr}
 769              	.LCFI30:
 770              		.cfi_def_cfa_offset 16
 771              		.cfi_offset 4, -16
 772              		.cfi_offset 5, -12
 773              		.cfi_offset 6, -8
 774              		.cfi_offset 14, -4
 775 0002 86B0     		sub	sp, sp, #24
 776              	.LCFI31:
 777              		.cfi_def_cfa_offset 40
 120:Core/Src/lsmds0.c ****     uint8_t Out_Y_XL_L = 0;
 778              		.loc 1 120 5 view .LVU131
 779              		.loc 1 120 13 is_stmt 0 view .LVU132
 780 0004 0023     		movs	r3, #0
 781 0006 8DF81730 		strb	r3, [sp, #23]
 121:Core/Src/lsmds0.c **** 	  uint8_t Out_Y_XL_H = 0;
 782              		.loc 1 121 4 is_stmt 1 view .LVU133
 783              		.loc 1 121 12 is_stmt 0 view .LVU134
 784 000a 8DF81630 		strb	r3, [sp, #22]
 122:Core/Src/lsmds0.c ****     int16_t Raw_Y = 0;
 785              		.loc 1 122 5 is_stmt 1 view .LVU135
 786              	.LVL40:
 123:Core/Src/lsmds0.c ****     float Acceleration_Y = 0;
 787              		.loc 1 123 5 view .LVU136
 124:Core/Src/lsmds0.c **** 
 125:Core/Src/lsmds0.c ****     HAL_I2C_Mem_Read(&hi2c1, LSM6DS0_ADDR, OUT_Y_L_XL, I2C_MEMADD_SIZE_8BIT, &Out_Y_XL_L, 1, HAL_MA
 788              		.loc 1 125 5 view .LVU137
 789 000e 144D     		ldr	r5, .L45
 790 0010 4FF0FF36 		mov	r6, #-1
 791 0014 0296     		str	r6, [sp, #8]
 792 0016 0124     		movs	r4, #1
 793 0018 0194     		str	r4, [sp, #4]
 794 001a 0DF11703 		add	r3, sp, #23
 795 001e 0093     		str	r3, [sp]
 796 0020 2346     		mov	r3, r4
 797 0022 2A22     		movs	r2, #42
 798 0024 D621     		movs	r1, #214
 799 0026 2846     		mov	r0, r5
 800 0028 FFF7FEFF 		bl	HAL_I2C_Mem_Read
 801              	.LVL41:
 126:Core/Src/lsmds0.c ****     HAL_I2C_Mem_Read(&hi2c1, LSM6DS0_ADDR, OUT_Y_H_XL, I2C_MEMADD_SIZE_8BIT, &Out_Y_XL_H, 1, HAL_MA
 802              		.loc 1 126 5 view .LVU138
ARM GAS  /tmp/cc8u3hvJ.s 			page 17


 803 002c 0296     		str	r6, [sp, #8]
 804 002e 0194     		str	r4, [sp, #4]
 805 0030 0DF11603 		add	r3, sp, #22
 806 0034 0093     		str	r3, [sp]
 807 0036 2346     		mov	r3, r4
 808 0038 2B22     		movs	r2, #43
 809 003a D621     		movs	r1, #214
 810 003c 2846     		mov	r0, r5
 811 003e FFF7FEFF 		bl	HAL_I2C_Mem_Read
 812              	.LVL42:
 127:Core/Src/lsmds0.c **** 
 128:Core/Src/lsmds0.c ****     Raw_Y = ((Out_Y_XL_H << 8) | Out_Y_XL_L);
 813              		.loc 1 128 5 view .LVU139
 814              		.loc 1 128 26 is_stmt 0 view .LVU140
 815 0042 9DF81630 		ldrb	r3, [sp, #22]	@ zero_extendqisi2
 816 0046 1B02     		lsls	r3, r3, #8
 817              		.loc 1 128 32 view .LVU141
 818 0048 1BB2     		sxth	r3, r3
 819 004a 9DF81700 		ldrb	r0, [sp, #23]	@ zero_extendqisi2
 820              	.LVL43:
 129:Core/Src/lsmds0.c ****     Acceleration_Y = (float)Raw_Y*0.061f;
 821              		.loc 1 129 5 is_stmt 1 view .LVU142
 822              		.loc 1 129 22 is_stmt 0 view .LVU143
 823 004e 1843     		orrs	r0, r0, r3
 824              	.LVL44:
 825              		.loc 1 129 22 view .LVU144
 826 0050 FFF7FEFF 		bl	__aeabi_i2f
 827              	.LVL45:
 828              		.loc 1 129 20 view .LVU145
 829 0054 0349     		ldr	r1, .L45+4
 830 0056 FFF7FEFF 		bl	__aeabi_fmul
 831              	.LVL46:
 130:Core/Src/lsmds0.c ****     return (Acceleration_Y);
 832              		.loc 1 130 5 is_stmt 1 view .LVU146
 131:Core/Src/lsmds0.c **** }
 833              		.loc 1 131 1 is_stmt 0 view .LVU147
 834 005a 06B0     		add	sp, sp, #24
 835              	.LCFI32:
 836              		.cfi_def_cfa_offset 16
 837              		@ sp needed
 838 005c 70BD     		pop	{r4, r5, r6, pc}
 839              	.L46:
 840 005e 00BF     		.align	2
 841              	.L45:
 842 0060 00000000 		.word	hi2c1
 843 0064 23DB793D 		.word	1031396131
 844              		.cfi_endproc
 845              	.LFE74:
 847              		.section	.text.LSM6DS0_ReadAccel_Z,"ax",%progbits
 848              		.align	1
 849              		.global	LSM6DS0_ReadAccel_Z
 850              		.syntax unified
 851              		.thumb
 852              		.thumb_func
 853              		.fpu softvfp
 855              	LSM6DS0_ReadAccel_Z:
 856              	.LFB75:
ARM GAS  /tmp/cc8u3hvJ.s 			page 18


 132:Core/Src/lsmds0.c **** float LSM6DS0_ReadAccel_Z(void) {
 857              		.loc 1 132 33 is_stmt 1 view -0
 858              		.cfi_startproc
 859              		@ args = 0, pretend = 0, frame = 8
 860              		@ frame_needed = 0, uses_anonymous_args = 0
 861 0000 70B5     		push	{r4, r5, r6, lr}
 862              	.LCFI33:
 863              		.cfi_def_cfa_offset 16
 864              		.cfi_offset 4, -16
 865              		.cfi_offset 5, -12
 866              		.cfi_offset 6, -8
 867              		.cfi_offset 14, -4
 868 0002 86B0     		sub	sp, sp, #24
 869              	.LCFI34:
 870              		.cfi_def_cfa_offset 40
 133:Core/Src/lsmds0.c ****     uint8_t Out_Z_XL_L = 0;
 871              		.loc 1 133 5 view .LVU149
 872              		.loc 1 133 13 is_stmt 0 view .LVU150
 873 0004 0023     		movs	r3, #0
 874 0006 8DF81730 		strb	r3, [sp, #23]
 134:Core/Src/lsmds0.c **** 	  uint8_t Out_Z_XL_H = 0;
 875              		.loc 1 134 4 is_stmt 1 view .LVU151
 876              		.loc 1 134 12 is_stmt 0 view .LVU152
 877 000a 8DF81630 		strb	r3, [sp, #22]
 135:Core/Src/lsmds0.c ****     int16_t Raw_Z = 0;
 878              		.loc 1 135 5 is_stmt 1 view .LVU153
 879              	.LVL47:
 136:Core/Src/lsmds0.c ****     float Acceleration_Z = 0;
 880              		.loc 1 136 5 view .LVU154
 137:Core/Src/lsmds0.c **** 
 138:Core/Src/lsmds0.c ****     HAL_I2C_Mem_Read(&hi2c1, LSM6DS0_ADDR, OUT_Z_L_XL, I2C_MEMADD_SIZE_8BIT, &Out_Z_XL_L, 1, HAL_MA
 881              		.loc 1 138 5 view .LVU155
 882 000e 144D     		ldr	r5, .L49
 883 0010 4FF0FF36 		mov	r6, #-1
 884 0014 0296     		str	r6, [sp, #8]
 885 0016 0124     		movs	r4, #1
 886 0018 0194     		str	r4, [sp, #4]
 887 001a 0DF11703 		add	r3, sp, #23
 888 001e 0093     		str	r3, [sp]
 889 0020 2346     		mov	r3, r4
 890 0022 2C22     		movs	r2, #44
 891 0024 D621     		movs	r1, #214
 892 0026 2846     		mov	r0, r5
 893 0028 FFF7FEFF 		bl	HAL_I2C_Mem_Read
 894              	.LVL48:
 139:Core/Src/lsmds0.c ****     HAL_I2C_Mem_Read(&hi2c1, LSM6DS0_ADDR, OUT_Z_H_XL, I2C_MEMADD_SIZE_8BIT, &Out_Z_XL_H, 1, HAL_MA
 895              		.loc 1 139 5 view .LVU156
 896 002c 0296     		str	r6, [sp, #8]
 897 002e 0194     		str	r4, [sp, #4]
 898 0030 0DF11603 		add	r3, sp, #22
 899 0034 0093     		str	r3, [sp]
 900 0036 2346     		mov	r3, r4
 901 0038 2D22     		movs	r2, #45
 902 003a D621     		movs	r1, #214
 903 003c 2846     		mov	r0, r5
 904 003e FFF7FEFF 		bl	HAL_I2C_Mem_Read
 905              	.LVL49:
ARM GAS  /tmp/cc8u3hvJ.s 			page 19


 140:Core/Src/lsmds0.c **** 
 141:Core/Src/lsmds0.c ****     Raw_Z = ((Out_Z_XL_H << 8) | Out_Z_XL_L);
 906              		.loc 1 141 5 view .LVU157
 907              		.loc 1 141 26 is_stmt 0 view .LVU158
 908 0042 9DF81630 		ldrb	r3, [sp, #22]	@ zero_extendqisi2
 909 0046 1B02     		lsls	r3, r3, #8
 910              		.loc 1 141 32 view .LVU159
 911 0048 1BB2     		sxth	r3, r3
 912 004a 9DF81700 		ldrb	r0, [sp, #23]	@ zero_extendqisi2
 913              	.LVL50:
 142:Core/Src/lsmds0.c ****     Acceleration_Z = (float)Raw_Z*0.061f;
 914              		.loc 1 142 5 is_stmt 1 view .LVU160
 915              		.loc 1 142 22 is_stmt 0 view .LVU161
 916 004e 1843     		orrs	r0, r0, r3
 917              	.LVL51:
 918              		.loc 1 142 22 view .LVU162
 919 0050 FFF7FEFF 		bl	__aeabi_i2f
 920              	.LVL52:
 921              		.loc 1 142 20 view .LVU163
 922 0054 0349     		ldr	r1, .L49+4
 923 0056 FFF7FEFF 		bl	__aeabi_fmul
 924              	.LVL53:
 143:Core/Src/lsmds0.c ****     return (Acceleration_Z);
 925              		.loc 1 143 5 is_stmt 1 view .LVU164
 144:Core/Src/lsmds0.c **** }...
 926              		.loc 1 144 1 is_stmt 0 view .LVU165
 927 005a 06B0     		add	sp, sp, #24
 928              	.LCFI35:
 929              		.cfi_def_cfa_offset 16
 930              		@ sp needed
 931 005c 70BD     		pop	{r4, r5, r6, pc}
 932              	.L50:
 933 005e 00BF     		.align	2
 934              	.L49:
 935 0060 00000000 		.word	hi2c1
 936 0064 23DB793D 		.word	1031396131
 937              		.cfi_endproc
 938              	.LFE75:
 940              		.text
 941              	.Letext0:
 942              		.file 2 "/usr/lib/gcc/arm-none-eabi/10.3.1/include/stdint.h"
 943              		.file 3 "Drivers/CMSIS/Device/ST/STM32F1xx/Include/stm32f103x6.h"
 944              		.file 4 "Drivers/STM32F1xx_HAL_Driver/Inc/stm32f1xx_hal_def.h"
 945              		.file 5 "Drivers/STM32F1xx_HAL_Driver/Inc/stm32f1xx_hal_dma.h"
 946              		.file 6 "Drivers/STM32F1xx_HAL_Driver/Inc/stm32f1xx_hal_i2c.h"
 947              		.file 7 "Core/Inc/i2c.h"
ARM GAS  /tmp/cc8u3hvJ.s 			page 20


DEFINED SYMBOLS
                            *ABS*:0000000000000000 lsmds0.c
     /tmp/cc8u3hvJ.s:16     .text.LSM6DS0_begin:0000000000000000 $t
     /tmp/cc8u3hvJ.s:24     .text.LSM6DS0_begin:0000000000000000 LSM6DS0_begin
     /tmp/cc8u3hvJ.s:79     .text.LSM6DS0_begin:0000000000000038 $d
     /tmp/cc8u3hvJ.s:84     .text.LSM6DS0_Init:0000000000000000 $t
     /tmp/cc8u3hvJ.s:91     .text.LSM6DS0_Init:0000000000000000 LSM6DS0_Init
     /tmp/cc8u3hvJ.s:153    .text.LSM6DS0_Init:000000000000004c $d
     /tmp/cc8u3hvJ.s:158    .text.check_Gyro_Init:0000000000000000 $t
     /tmp/cc8u3hvJ.s:165    .text.check_Gyro_Init:0000000000000000 check_Gyro_Init
     /tmp/cc8u3hvJ.s:219    .text.check_Gyro_Init:0000000000000038 $d
     /tmp/cc8u3hvJ.s:224    .text.check_XL_Init:0000000000000000 $t
     /tmp/cc8u3hvJ.s:231    .text.check_XL_Init:0000000000000000 check_XL_Init
     /tmp/cc8u3hvJ.s:285    .text.check_XL_Init:0000000000000038 $d
     /tmp/cc8u3hvJ.s:292    .text.LSM6DS0_ReadTemperature_C:0000000000000000 $t
     /tmp/cc8u3hvJ.s:299    .text.LSM6DS0_ReadTemperature_C:0000000000000000 LSM6DS0_ReadTemperature_C
     /tmp/cc8u3hvJ.s:377    .text.LSM6DS0_ReadTemperature_C:0000000000000060 $d
     /tmp/cc8u3hvJ.s:383    .text.LSM6DS0_ReadGyro_X:0000000000000000 $t
     /tmp/cc8u3hvJ.s:390    .text.LSM6DS0_ReadGyro_X:0000000000000000 LSM6DS0_ReadGyro_X
     /tmp/cc8u3hvJ.s:470    .text.LSM6DS0_ReadGyro_X:0000000000000060 $d
     /tmp/cc8u3hvJ.s:476    .text.LSM6DS0_ReadGyro_Y:0000000000000000 $t
     /tmp/cc8u3hvJ.s:483    .text.LSM6DS0_ReadGyro_Y:0000000000000000 LSM6DS0_ReadGyro_Y
     /tmp/cc8u3hvJ.s:563    .text.LSM6DS0_ReadGyro_Y:0000000000000060 $d
     /tmp/cc8u3hvJ.s:569    .text.LSM6DS0_ReadGyro_Z:0000000000000000 $t
     /tmp/cc8u3hvJ.s:576    .text.LSM6DS0_ReadGyro_Z:0000000000000000 LSM6DS0_ReadGyro_Z
     /tmp/cc8u3hvJ.s:656    .text.LSM6DS0_ReadGyro_Z:0000000000000060 $d
     /tmp/cc8u3hvJ.s:662    .text.LSM6DS0_ReadAccel_X:0000000000000000 $t
     /tmp/cc8u3hvJ.s:669    .text.LSM6DS0_ReadAccel_X:0000000000000000 LSM6DS0_ReadAccel_X
     /tmp/cc8u3hvJ.s:749    .text.LSM6DS0_ReadAccel_X:0000000000000060 $d
     /tmp/cc8u3hvJ.s:755    .text.LSM6DS0_ReadAccel_Y:0000000000000000 $t
     /tmp/cc8u3hvJ.s:762    .text.LSM6DS0_ReadAccel_Y:0000000000000000 LSM6DS0_ReadAccel_Y
     /tmp/cc8u3hvJ.s:842    .text.LSM6DS0_ReadAccel_Y:0000000000000060 $d
     /tmp/cc8u3hvJ.s:848    .text.LSM6DS0_ReadAccel_Z:0000000000000000 $t
     /tmp/cc8u3hvJ.s:855    .text.LSM6DS0_ReadAccel_Z:0000000000000000 LSM6DS0_ReadAccel_Z
     /tmp/cc8u3hvJ.s:935    .text.LSM6DS0_ReadAccel_Z:0000000000000060 $d

UNDEFINED SYMBOLS
HAL_I2C_Mem_Read
hi2c1
HAL_I2C_Mem_Write
__aeabi_ui2f
__aeabi_fmul
__aeabi_i2f
