ARM GAS  /tmp/ccwNIbAi.s 			page 1


   1              		.cpu cortex-m3
   2              		.eabi_attribute 20, 1
   3              		.eabi_attribute 21, 1
   4              		.eabi_attribute 23, 3
   5              		.eabi_attribute 24, 1
   6              		.eabi_attribute 25, 1
   7              		.eabi_attribute 26, 1
   8              		.eabi_attribute 30, 1
   9              		.eabi_attribute 34, 1
  10              		.eabi_attribute 18, 4
  11              		.file	"main.c"
  12              		.text
  13              	.Ltext0:
  14              		.cfi_sections	.debug_frame
  15              		.section	.text._write,"ax",%progbits
  16              		.align	1
  17              		.global	_write
  18              		.arch armv7-m
  19              		.syntax unified
  20              		.thumb
  21              		.thumb_func
  22              		.fpu softvfp
  24              	_write:
  25              	.LVL0:
  26              	.LFB68:
  27              		.file 1 "Core/Src/main.c"
   1:Core/Src/main.c **** /* USER CODE BEGIN Header */
   2:Core/Src/main.c **** /**
   3:Core/Src/main.c ****   ******************************************************************************
   4:Core/Src/main.c ****   * @author         :Sarthak Chaudhary
   5:Core/Src/main.c ****   * @file           : main.c
   6:Core/Src/main.c ****   * @brief          : Main program body
   7:Core/Src/main.c ****   * @date           : Oct 23, 2024
   8:Core/Src/main.c ****   ******************************************************************************
   9:Core/Src/main.c ****   * @attention
  10:Core/Src/main.c ****   *
  11:Core/Src/main.c ****   * Copyright (c) 2024 STMicroelectronics.
  12:Core/Src/main.c ****   * All rights reserved.
  13:Core/Src/main.c ****   *
  14:Core/Src/main.c ****   * This software is licensed under terms that can be found in the LICENSE file
  15:Core/Src/main.c ****   * in the root directory of this software component.
  16:Core/Src/main.c ****   * If no LICENSE file comes with this software, it is provided AS-IS.
  17:Core/Src/main.c ****   *
  18:Core/Src/main.c ****   ******************************************************************************
  19:Core/Src/main.c ****   */
  20:Core/Src/main.c **** /* USER CODE END Header */
  21:Core/Src/main.c **** /* Includes ------------------------------------------------------------------*/
  22:Core/Src/main.c **** #include "main.h"
  23:Core/Src/main.c **** #include "i2c.h"
  24:Core/Src/main.c **** #include "usart.h"
  25:Core/Src/main.c **** #include "gpio.h"
  26:Core/Src/main.c **** #include <stdio.h>
  27:Core/Src/main.c **** #include "lsm6ds0.h"
  28:Core/Src/main.c **** 
  29:Core/Src/main.c **** /* Private includes ----------------------------------------------------------*/
  30:Core/Src/main.c **** /* USER CODE BEGIN Includes */
  31:Core/Src/main.c **** // #define LSM6DS0_ADDR        0xD6 // Change this if your I2C address is different D7 for read and
ARM GAS  /tmp/ccwNIbAi.s 			page 2


  32:Core/Src/main.c **** // #define WHO_AM_I            0x0F
  33:Core/Src/main.c **** // #define CTRL_REG2_G         0x11
  34:Core/Src/main.c **** // #define CTRL_REG1_XL        0x10
  35:Core/Src/main.c **** 
  36:Core/Src/main.c **** 
  37:Core/Src/main.c **** // /* Accelerometer*/
  38:Core/Src/main.c **** // #define OUT_X_L_G           0x22    //22
  39:Core/Src/main.c **** // #define OUT_X_L_XL          0x28
  40:Core/Src/main.c **** // #define OUT_X_H_XL          0x29
  41:Core/Src/main.c **** // #define OUT_Y_L_XL          0x2A
  42:Core/Src/main.c **** // #define OUT_Y_H_XL          0x2B
  43:Core/Src/main.c **** // #define OUT_Z_L_XL          0x2C
  44:Core/Src/main.c **** // #define OUT_Z_H_XL          0x2D
  45:Core/Src/main.c **** 
  46:Core/Src/main.c **** // /* Gyroscope*/
  47:Core/Src/main.c **** // #define LSM6DS0_OUT_X_G_L							0x22	 
  48:Core/Src/main.c **** // #define LSM6DS0_OUT_X_G_H							0x23	 
  49:Core/Src/main.c **** // #define LSM6DS0_OUT_Y_G_L							0x24		 
  50:Core/Src/main.c **** // #define LSM6DS0_OUT_Y_G_H							0x25		 
  51:Core/Src/main.c **** // #define LSM6DS0_OUT_Z_G_L							0x26		
  52:Core/Src/main.c **** // #define LSM6DS0_OUT_Z_G_H							0x27	
  53:Core/Src/main.c **** 
  54:Core/Src/main.c **** // /* Temperature*/
  55:Core/Src/main.c **** // #define OUT_TEMP_L          0X20
  56:Core/Src/main.c **** // #define OUT_TEMP_H          0X21
  57:Core/Src/main.c **** 
  58:Core/Src/main.c **** 
  59:Core/Src/main.c **** 
  60:Core/Src/main.c **** 
  61:Core/Src/main.c **** 
  62:Core/Src/main.c **** // #define STATUS_REG          0x1E
  63:Core/Src/main.c **** 
  64:Core/Src/main.c **** /* USER CODE END Includes */
  65:Core/Src/main.c **** 
  66:Core/Src/main.c **** /* Private typedef -----------------------------------------------------------*/
  67:Core/Src/main.c **** /* USER CODE BEGIN PTD */
  68:Core/Src/main.c **** int _write(int file, char *data, int len) {
  28              		.loc 1 68 43 view -0
  29              		.cfi_startproc
  30              		@ args = 0, pretend = 0, frame = 0
  31              		@ frame_needed = 0, uses_anonymous_args = 0
  32              		.loc 1 68 43 is_stmt 0 view .LVU1
  33 0000 10B5     		push	{r4, lr}
  34              	.LCFI0:
  35              		.cfi_def_cfa_offset 8
  36              		.cfi_offset 4, -8
  37              		.cfi_offset 14, -4
  38 0002 1446     		mov	r4, r2
  69:Core/Src/main.c ****     HAL_UART_Transmit(&huart1, (uint8_t*)data, len, HAL_MAX_DELAY);
  39              		.loc 1 69 5 is_stmt 1 view .LVU2
  40 0004 4FF0FF33 		mov	r3, #-1
  41 0008 92B2     		uxth	r2, r2
  42              	.LVL1:
  43              		.loc 1 69 5 is_stmt 0 view .LVU3
  44 000a 0248     		ldr	r0, .L3
  45              	.LVL2:
  46              		.loc 1 69 5 view .LVU4
ARM GAS  /tmp/ccwNIbAi.s 			page 3


  47 000c FFF7FEFF 		bl	HAL_UART_Transmit
  48              	.LVL3:
  70:Core/Src/main.c ****     return len;
  49              		.loc 1 70 5 is_stmt 1 view .LVU5
  71:Core/Src/main.c **** }
  50              		.loc 1 71 1 is_stmt 0 view .LVU6
  51 0010 2046     		mov	r0, r4
  52 0012 10BD     		pop	{r4, pc}
  53              	.LVL4:
  54              	.L4:
  55              		.loc 1 71 1 view .LVU7
  56              		.align	2
  57              	.L3:
  58 0014 00000000 		.word	huart1
  59              		.cfi_endproc
  60              	.LFE68:
  62              		.global	__aeabi_f2iz
  63              		.global	__aeabi_i2f
  64              		.global	__aeabi_fsub
  65              		.global	__aeabi_f2d
  66              		.global	__aeabi_i2d
  67              		.global	__aeabi_dmul
  68              		.global	__aeabi_d2iz
  69              		.section	.text.dissectFloat,"ax",%progbits
  70              		.align	1
  71              		.global	dissectFloat
  72              		.syntax unified
  73              		.thumb
  74              		.thumb_func
  75              		.fpu softvfp
  77              	dissectFloat:
  78              	.LVL5:
  79              	.LFB69:
  72:Core/Src/main.c **** void dissectFloat(float value, int *intPart, int *fracPart, int decimalPlaces) {
  80              		.loc 1 72 80 is_stmt 1 view -0
  81              		.cfi_startproc
  82              		@ args = 0, pretend = 0, frame = 0
  83              		@ frame_needed = 0, uses_anonymous_args = 0
  84              		.loc 1 72 80 is_stmt 0 view .LVU9
  85 0000 F8B5     		push	{r3, r4, r5, r6, r7, lr}
  86              	.LCFI1:
  87              		.cfi_def_cfa_offset 24
  88              		.cfi_offset 3, -24
  89              		.cfi_offset 4, -20
  90              		.cfi_offset 5, -16
  91              		.cfi_offset 6, -12
  92              		.cfi_offset 7, -8
  93              		.cfi_offset 14, -4
  94 0002 0646     		mov	r6, r0
  95 0004 0F46     		mov	r7, r1
  96 0006 1446     		mov	r4, r2
  97 0008 1D46     		mov	r5, r3
  73:Core/Src/main.c ****     *intPart = (int)value;  // Extract the integer part
  98              		.loc 1 73 5 is_stmt 1 view .LVU10
  99              		.loc 1 73 16 is_stmt 0 view .LVU11
 100 000a FFF7FEFF 		bl	__aeabi_f2iz
 101              	.LVL6:
ARM GAS  /tmp/ccwNIbAi.s 			page 4


 102              		.loc 1 73 14 view .LVU12
 103 000e 3860     		str	r0, [r7]
  74:Core/Src/main.c ****     *fracPart = (int)((fabs(value - *intPart)) * pow(10, decimalPlaces));  // Extract the fractiona
 104              		.loc 1 74 5 is_stmt 1 view .LVU13
 105              		.loc 1 74 35 is_stmt 0 view .LVU14
 106 0010 FFF7FEFF 		bl	__aeabi_i2f
 107              	.LVL7:
 108 0014 0146     		mov	r1, r0
 109 0016 3046     		mov	r0, r6
 110 0018 FFF7FEFF 		bl	__aeabi_fsub
 111              	.LVL8:
 112              		.loc 1 74 24 view .LVU15
 113 001c 20F00040 		bic	r0, r0, #-2147483648
 114 0020 FFF7FEFF 		bl	__aeabi_f2d
 115              	.LVL9:
 116 0024 0646     		mov	r6, r0
 117              	.LVL10:
 118              		.loc 1 74 24 view .LVU16
 119 0026 0F46     		mov	r7, r1
 120              	.LVL11:
 121              		.loc 1 74 50 view .LVU17
 122 0028 2846     		mov	r0, r5
 123 002a FFF7FEFF 		bl	__aeabi_i2d
 124              	.LVL12:
 125 002e 0246     		mov	r2, r0
 126 0030 0B46     		mov	r3, r1
 127 0032 0020     		movs	r0, #0
 128 0034 0849     		ldr	r1, .L9
 129 0036 FFF7FEFF 		bl	pow
 130              	.LVL13:
 131 003a 0246     		mov	r2, r0
 132 003c 0B46     		mov	r3, r1
 133              		.loc 1 74 48 view .LVU18
 134 003e 3046     		mov	r0, r6
 135 0040 3946     		mov	r1, r7
 136 0042 FFF7FEFF 		bl	__aeabi_dmul
 137              	.LVL14:
 138              		.loc 1 74 17 view .LVU19
 139 0046 FFF7FEFF 		bl	__aeabi_d2iz
 140              	.LVL15:
 141              		.loc 1 74 15 view .LVU20
 142 004a 2060     		str	r0, [r4]
  75:Core/Src/main.c **** 
  76:Core/Src/main.c ****     // If fractional part is negative, make it positive
  77:Core/Src/main.c ****     if (*fracPart < 0) {
 143              		.loc 1 77 5 is_stmt 1 view .LVU21
 144              		.loc 1 77 8 is_stmt 0 view .LVU22
 145 004c 0028     		cmp	r0, #0
 146 004e 00DB     		blt	.L8
 147              	.L5:
  78:Core/Src/main.c ****         *fracPart = -(*fracPart);
  79:Core/Src/main.c ****     }
  80:Core/Src/main.c **** }
 148              		.loc 1 80 1 view .LVU23
 149 0050 F8BD     		pop	{r3, r4, r5, r6, r7, pc}
 150              	.LVL16:
 151              	.L8:
ARM GAS  /tmp/ccwNIbAi.s 			page 5


  78:Core/Src/main.c ****         *fracPart = -(*fracPart);
 152              		.loc 1 78 9 is_stmt 1 view .LVU24
  78:Core/Src/main.c ****         *fracPart = -(*fracPart);
 153              		.loc 1 78 21 is_stmt 0 view .LVU25
 154 0052 4042     		rsbs	r0, r0, #0
  78:Core/Src/main.c ****         *fracPart = -(*fracPart);
 155              		.loc 1 78 19 view .LVU26
 156 0054 2060     		str	r0, [r4]
 157              		.loc 1 80 1 view .LVU27
 158 0056 FBE7     		b	.L5
 159              	.L10:
 160              		.align	2
 161              	.L9:
 162 0058 00002440 		.word	1076101120
 163              		.cfi_endproc
 164              	.LFE69:
 166              		.section	.text.Error_Handler,"ax",%progbits
 167              		.align	1
 168              		.global	Error_Handler
 169              		.syntax unified
 170              		.thumb
 171              		.thumb_func
 172              		.fpu softvfp
 174              	Error_Handler:
 175              	.LFB72:
  81:Core/Src/main.c **** /* USER CODE END PTD */
  82:Core/Src/main.c **** 
  83:Core/Src/main.c **** /* Private define ------------------------------------------------------------*/
  84:Core/Src/main.c **** /* USER CODE BEGIN PD */
  85:Core/Src/main.c **** 
  86:Core/Src/main.c **** // int LSM6DS0_begin(void){
  87:Core/Src/main.c **** //   uint8_t data=0;
  88:Core/Src/main.c **** 
  89:Core/Src/main.c **** //     // Check WHO_AM_I register
  90:Core/Src/main.c **** //   HAL_I2C_Mem_Read(&hi2c1, 0xD7, WHO_AM_I, 1, &data, 1, HAL_MAX_DELAY);
  91:Core/Src/main.c **** //   if (data != 0x6C) {
  92:Core/Src/main.c **** //       // Handle error
  93:Core/Src/main.c **** //       // HAL_GPIO_WritePin(LED_GPIO_Port,LED_Pin,SET);
  94:Core/Src/main.c **** //     return 0;
  95:Core/Src/main.c ****   
  96:Core/Src/main.c **** //   }
  97:Core/Src/main.c **** //   return 1;
  98:Core/Src/main.c **** // }
  99:Core/Src/main.c **** // void LSM6DS0_Init(void) {
 100:Core/Src/main.c **** //     uint8_t data=0;
 101:Core/Src/main.c **** 
 102:Core/Src/main.c **** //     // Initialize Gyroscope
 103:Core/Src/main.c **** //     data = 0x6C; // 416 Hz, 2000 dps
 104:Core/Src/main.c **** //     HAL_I2C_Mem_Write(&hi2c1, LSM6DS0_ADDR, CTRL_REG2_G, 1, &data, 1, HAL_MAX_DELAY);
 105:Core/Src/main.c **** 
 106:Core/Src/main.c **** //     // Initialize Accelerometer
 107:Core/Src/main.c **** //     // HAL_I2C_Mem_Write(&hi2c1, LSM6DS0_ADDR, CTRL_REG1_XL, 1, &data1, 1, HAL_MAX_DELAY);
 108:Core/Src/main.c **** //     data = 0x60; // 416 Hz, +/- 2g
 109:Core/Src/main.c **** //     HAL_I2C_Mem_Write(&hi2c1, LSM6DS0_ADDR, CTRL_REG1_XL, 1, &data, 1, HAL_MAX_DELAY);
 110:Core/Src/main.c **** // }
 111:Core/Src/main.c **** // int check_Gyro_Init(){
 112:Core/Src/main.c **** //   uint8_t data=0;
ARM GAS  /tmp/ccwNIbAi.s 			page 6


 113:Core/Src/main.c **** 
 114:Core/Src/main.c **** //     // Check WHO_AM_I register
 115:Core/Src/main.c **** //   HAL_I2C_Mem_Read(&hi2c1, 0xD7, CTRL_REG2_G, 1, &data, 1, HAL_MAX_DELAY);
 116:Core/Src/main.c **** //   if(data !=0x6C){
 117:Core/Src/main.c **** //     return 0;
 118:Core/Src/main.c **** //   }else{
 119:Core/Src/main.c **** //     return 1;
 120:Core/Src/main.c **** //   }
 121:Core/Src/main.c **** 
 122:Core/Src/main.c **** // }
 123:Core/Src/main.c **** // int check_XL_Init(){
 124:Core/Src/main.c **** //   uint8_t data=0;
 125:Core/Src/main.c **** 
 126:Core/Src/main.c **** //     // Check WHO_AM_I register
 127:Core/Src/main.c **** //   HAL_I2C_Mem_Read(&hi2c1, 0xD7, CTRL_REG1_XL, 1, &data, 1, HAL_MAX_DELAY);
 128:Core/Src/main.c **** //   if(data !=0x60){
 129:Core/Src/main.c **** //     return 0;
 130:Core/Src/main.c **** //   }else{
 131:Core/Src/main.c **** //     return 1;
 132:Core/Src/main.c **** //   }
 133:Core/Src/main.c **** 
 134:Core/Src/main.c **** // }
 135:Core/Src/main.c **** 
 136:Core/Src/main.c **** // float LSM6DS0_ReadTemperature_C() {
 137:Core/Src/main.c **** 
 138:Core/Src/main.c **** // 	  uint8_t Out_Temp_L = 0;
 139:Core/Src/main.c **** // 	  uint8_t Out_Temp_H = 0;
 140:Core/Src/main.c **** //     uint16_t Raw_Temp=0;
 141:Core/Src/main.c **** //     float degreeCelsius =0;
 142:Core/Src/main.c **** 
 143:Core/Src/main.c **** //     HAL_I2C_Mem_Read(&hi2c1, LSM6DS0_ADDR,OUT_TEMP_L, I2C_MEMADD_SIZE_8BIT, &Out_Temp_L, 1, HAL_
 144:Core/Src/main.c **** //     HAL_I2C_Mem_Read(&hi2c1, LSM6DS0_ADDR,OUT_TEMP_H, I2C_MEMADD_SIZE_8BIT, &Out_Temp_H, 1, HAL_
 145:Core/Src/main.c **** //     Raw_Temp = ((Out_Temp_H<<8)| Out_Temp_L);
 146:Core/Src/main.c **** //     degreeCelsius = (float)Raw_Temp/256;
 147:Core/Src/main.c **** //     return (degreeCelsius);
 148:Core/Src/main.c **** // }
 149:Core/Src/main.c **** 
 150:Core/Src/main.c **** // float LSM6DS0_ReadGyro_X() {
 151:Core/Src/main.c **** //     uint8_t Out_X_G_L = 0;
 152:Core/Src/main.c **** // 	  uint8_t Out_X_G_H = 0;
 153:Core/Src/main.c **** //     int16_t Raw_X = 0;
 154:Core/Src/main.c **** //     float Gyro_X = 0;
 155:Core/Src/main.c **** 
 156:Core/Src/main.c **** //     HAL_I2C_Mem_Read(&hi2c1, LSM6DS0_ADDR, LSM6DS0_OUT_X_G_L, I2C_MEMADD_SIZE_8BIT, &Out_X_G_L, 
 157:Core/Src/main.c **** //     HAL_I2C_Mem_Read(&hi2c1, LSM6DS0_ADDR, LSM6DS0_OUT_X_G_H, I2C_MEMADD_SIZE_8BIT, &Out_X_G_H, 
 158:Core/Src/main.c **** //     Raw_X = ((Out_X_G_H<<8)| Out_X_G_L);
 159:Core/Src/main.c **** //     Gyro_X = (float)Raw_X*70;
 160:Core/Src/main.c **** //     return (Gyro_X);
 161:Core/Src/main.c **** // }
 162:Core/Src/main.c **** // float LSM6DS0_ReadGyro_Y() {
 163:Core/Src/main.c **** //     uint8_t Out_Y_G_L = 0;
 164:Core/Src/main.c **** // 	  uint8_t Out_Y_G_H = 0;
 165:Core/Src/main.c **** //     int16_t Raw_Y = 0;
 166:Core/Src/main.c **** //     float Gyro_Y = 0;
 167:Core/Src/main.c **** 
 168:Core/Src/main.c **** //     HAL_I2C_Mem_Read(&hi2c1, LSM6DS0_ADDR, LSM6DS0_OUT_Y_G_L, I2C_MEMADD_SIZE_8BIT, &Out_Y_G_L, 
 169:Core/Src/main.c **** //     HAL_I2C_Mem_Read(&hi2c1, LSM6DS0_ADDR, LSM6DS0_OUT_Y_G_H, I2C_MEMADD_SIZE_8BIT, &Out_Y_G_H, 
ARM GAS  /tmp/ccwNIbAi.s 			page 7


 170:Core/Src/main.c **** //     Raw_Y = ((Out_Y_G_H<<8)| Out_Y_G_L);
 171:Core/Src/main.c **** //     Gyro_Y = (float)Raw_Y*70;
 172:Core/Src/main.c **** //     return (Gyro_Y);
 173:Core/Src/main.c **** // }
 174:Core/Src/main.c **** // float LSM6DS0_ReadGyro_Z() {
 175:Core/Src/main.c **** //     uint8_t Out_Z_G_L = 0;
 176:Core/Src/main.c **** // 	  uint8_t Out_Z_G_H = 0;
 177:Core/Src/main.c **** //     int16_t Raw_Z = 0;
 178:Core/Src/main.c **** //     float Gyro_Z = 0;
 179:Core/Src/main.c **** 
 180:Core/Src/main.c **** //     HAL_I2C_Mem_Read(&hi2c1, LSM6DS0_ADDR, LSM6DS0_OUT_Z_G_L, I2C_MEMADD_SIZE_8BIT, &Out_Z_G_L, 
 181:Core/Src/main.c **** //     HAL_I2C_Mem_Read(&hi2c1, LSM6DS0_ADDR, LSM6DS0_OUT_Z_G_H, I2C_MEMADD_SIZE_8BIT, &Out_Z_G_H, 
 182:Core/Src/main.c **** //     Raw_Z = ((Out_Z_G_H<<8)| Out_Z_G_L);
 183:Core/Src/main.c **** //     Gyro_Z = (float)Raw_Z*70;
 184:Core/Src/main.c **** //     return (Gyro_Z);
 185:Core/Src/main.c **** // }
 186:Core/Src/main.c **** 
 187:Core/Src/main.c **** 
 188:Core/Src/main.c **** // float LSM6DS0_ReadAccel_X(void) {
 189:Core/Src/main.c **** //     uint8_t Out_X_XL_L = 0;
 190:Core/Src/main.c **** // 	  uint8_t Out_X_XL_H = 0;
 191:Core/Src/main.c **** //     int16_t Raw_X = 0;
 192:Core/Src/main.c **** //     float Acceleration_X = 0;
 193:Core/Src/main.c **** 
 194:Core/Src/main.c **** //     HAL_I2C_Mem_Read(&hi2c1, LSM6DS0_ADDR, OUT_X_L_XL, I2C_MEMADD_SIZE_8BIT, &Out_X_XL_L, 1, HAL
 195:Core/Src/main.c **** //     HAL_I2C_Mem_Read(&hi2c1, LSM6DS0_ADDR, OUT_X_H_XL, I2C_MEMADD_SIZE_8BIT, &Out_X_XL_H, 1, HAL
 196:Core/Src/main.c **** 
 197:Core/Src/main.c **** //     Raw_X = ((Out_X_XL_H << 8) | Out_X_XL_L);
 198:Core/Src/main.c **** //     Acceleration_X = (float)Raw_X*0.061f;
 199:Core/Src/main.c **** //     return (Acceleration_X);
 200:Core/Src/main.c **** // }
 201:Core/Src/main.c **** // float LSM6DS0_ReadAccel_Y(void) {
 202:Core/Src/main.c **** //     uint8_t Out_Y_XL_L = 0;
 203:Core/Src/main.c **** // 	  uint8_t Out_Y_XL_H = 0;
 204:Core/Src/main.c **** //     int16_t Raw_Y = 0;
 205:Core/Src/main.c **** //     float Acceleration_Y = 0;
 206:Core/Src/main.c **** 
 207:Core/Src/main.c **** //     HAL_I2C_Mem_Read(&hi2c1, LSM6DS0_ADDR, OUT_Y_L_XL, I2C_MEMADD_SIZE_8BIT, &Out_Y_XL_L, 1, HAL
 208:Core/Src/main.c **** //     HAL_I2C_Mem_Read(&hi2c1, LSM6DS0_ADDR, OUT_Y_H_XL, I2C_MEMADD_SIZE_8BIT, &Out_Y_XL_H, 1, HAL
 209:Core/Src/main.c **** 
 210:Core/Src/main.c **** //     Raw_Y = ((Out_Y_XL_H << 8) | Out_Y_XL_L);
 211:Core/Src/main.c **** //     Acceleration_Y = (float)Raw_Y*0.061f;
 212:Core/Src/main.c **** //     return (Acceleration_Y);
 213:Core/Src/main.c **** // }
 214:Core/Src/main.c **** // float LSM6DS0_ReadAccel_Z(void) {
 215:Core/Src/main.c **** //     uint8_t Out_Z_XL_L = 0;
 216:Core/Src/main.c **** // 	  uint8_t Out_Z_XL_H = 0;
 217:Core/Src/main.c **** //     int16_t Raw_Z = 0;
 218:Core/Src/main.c **** //     float Acceleration_Z = 0;
 219:Core/Src/main.c **** 
 220:Core/Src/main.c **** //     HAL_I2C_Mem_Read(&hi2c1, LSM6DS0_ADDR, OUT_Z_L_XL, I2C_MEMADD_SIZE_8BIT, &Out_Z_XL_L, 1, HAL
 221:Core/Src/main.c **** //     HAL_I2C_Mem_Read(&hi2c1, LSM6DS0_ADDR, OUT_Z_H_XL, I2C_MEMADD_SIZE_8BIT, &Out_Z_XL_H, 1, HAL
 222:Core/Src/main.c **** 
 223:Core/Src/main.c **** //     Raw_Z = ((Out_Z_XL_H << 8) | Out_Z_XL_L);
 224:Core/Src/main.c **** //     Acceleration_Z = (float)Raw_Z*0.061f;
 225:Core/Src/main.c **** //     return (Acceleration_Z);
 226:Core/Src/main.c **** // }
ARM GAS  /tmp/ccwNIbAi.s 			page 8


 227:Core/Src/main.c **** 
 228:Core/Src/main.c ****  
 229:Core/Src/main.c **** /* USER CODE END PD */
 230:Core/Src/main.c **** 
 231:Core/Src/main.c **** /* Private macro -------------------------------------------------------------*/
 232:Core/Src/main.c **** /* USER CODE BEGIN PM */
 233:Core/Src/main.c **** 
 234:Core/Src/main.c **** /* USER CODE END PM */
 235:Core/Src/main.c **** 
 236:Core/Src/main.c **** /* Private variables ---------------------------------------------------------*/
 237:Core/Src/main.c **** 
 238:Core/Src/main.c **** /* USER CODE BEGIN PV */
 239:Core/Src/main.c **** 
 240:Core/Src/main.c **** /* USER CODE END PV */
 241:Core/Src/main.c **** 
 242:Core/Src/main.c **** /* Private function prototypes -----------------------------------------------*/
 243:Core/Src/main.c **** void SystemClock_Config(void);
 244:Core/Src/main.c **** /* USER CODE BEGIN PFP */
 245:Core/Src/main.c **** 
 246:Core/Src/main.c **** /* USER CODE END PFP */
 247:Core/Src/main.c **** 
 248:Core/Src/main.c **** /* Private user code ---------------------------------------------------------*/
 249:Core/Src/main.c **** /* USER CODE BEGIN 0 */
 250:Core/Src/main.c **** 
 251:Core/Src/main.c **** /* USER CODE END 0 */
 252:Core/Src/main.c **** 
 253:Core/Src/main.c **** /**
 254:Core/Src/main.c ****   * @brief  The application entry point.
 255:Core/Src/main.c ****   * @retval int
 256:Core/Src/main.c ****   */
 257:Core/Src/main.c **** int main(void)
 258:Core/Src/main.c **** {
 259:Core/Src/main.c **** 
 260:Core/Src/main.c ****   /* USER CODE BEGIN 1 */
 261:Core/Src/main.c **** 
 262:Core/Src/main.c ****   /* USER CODE END 1 */
 263:Core/Src/main.c **** 
 264:Core/Src/main.c ****   /* MCU Configuration--------------------------------------------------------*/
 265:Core/Src/main.c **** 
 266:Core/Src/main.c ****   /* Reset of all peripherals, Initializes the Flash interface and the Systick. */
 267:Core/Src/main.c ****   HAL_Init();
 268:Core/Src/main.c **** 
 269:Core/Src/main.c ****   /* USER CODE BEGIN Init */
 270:Core/Src/main.c **** 
 271:Core/Src/main.c ****   /* USER CODE END Init */
 272:Core/Src/main.c **** 
 273:Core/Src/main.c ****   /* Configure the system clock */
 274:Core/Src/main.c ****   SystemClock_Config();
 275:Core/Src/main.c **** 
 276:Core/Src/main.c ****   /* USER CODE BEGIN SysInit */
 277:Core/Src/main.c **** 
 278:Core/Src/main.c ****   /* USER CODE END SysInit */
 279:Core/Src/main.c **** 
 280:Core/Src/main.c ****   /* Initialize all configured peripherals */
 281:Core/Src/main.c ****   MX_GPIO_Init();
 282:Core/Src/main.c ****   MX_I2C1_Init();
 283:Core/Src/main.c ****   MX_USART1_UART_Init();
ARM GAS  /tmp/ccwNIbAi.s 			page 9


 284:Core/Src/main.c ****   /* USER CODE BEGIN 2 */
 285:Core/Src/main.c ****   if(LSM6DS0_begin()==0){
 286:Core/Src/main.c ****         printf("LSM_not_found\r\n");
 287:Core/Src/main.c ****   }else{
 288:Core/Src/main.c ****         printf("LSM_found..\r\n");
 289:Core/Src/main.c ****         printf("initializing six axis sensor....\r\n");
 290:Core/Src/main.c ****    }
 291:Core/Src/main.c ****   LSM6DS0_Init();
 292:Core/Src/main.c ****   if (check_Gyro_Init()!=1){
 293:Core/Src/main.c ****     printf("gyro_init_failed\r\n");
 294:Core/Src/main.c ****   }else{
 295:Core/Src/main.c ****     printf("gyro_init_successful\r\n");
 296:Core/Src/main.c ****   }
 297:Core/Src/main.c ****   if(check_XL_Init()!=1){
 298:Core/Src/main.c ****     printf("XL_init_failed\r\n");
 299:Core/Src/main.c ****   }
 300:Core/Src/main.c ****   else{
 301:Core/Src/main.c ****     printf("XL_init_successfull\r\n");
 302:Core/Src/main.c ****   }
 303:Core/Src/main.c **** 
 304:Core/Src/main.c ****   /* USER CODE END 2 */
 305:Core/Src/main.c **** 
 306:Core/Src/main.c ****   /* Infinite loop */
 307:Core/Src/main.c ****   /* USER CODE BEGIN WHILE */
 308:Core/Src/main.c ****   
 309:Core/Src/main.c ****     float Temp; 
 310:Core/Src/main.c ****     float gyro_data[3];
 311:Core/Src/main.c ****     float accel_data[3];
 312:Core/Src/main.c ****     int i;
 313:Core/Src/main.c ****     int intPart,fracPart;
 314:Core/Src/main.c ****     // uint8_t status;
 315:Core/Src/main.c ****     // HAL_I2C_Mem_Read(&hi2c1, LSM6DS0_ADDR, STATUS_REG, 1, &status, 6, HAL_MAX_DELAY);
 316:Core/Src/main.c ****   while (1)
 317:Core/Src/main.c ****   {
 318:Core/Src/main.c ****     // if(LSM6DS0_begin()==0){
 319:Core/Src/main.c ****     //     printf("LSM_not_found\r\n");
 320:Core/Src/main.c ****     // }else{
 321:Core/Src/main.c ****     //     printf("LSM_found..\r\n");
 322:Core/Src/main.c ****     //     printf("initializing six axis sensor....\r\n");
 323:Core/Src/main.c ****     // }
 324:Core/Src/main.c ****   
 325:Core/Src/main.c ****     // printf("hellow\r\n");
 326:Core/Src/main.c ****       gyro_data[0]= LSM6DS0_ReadGyro_X();
 327:Core/Src/main.c ****       gyro_data[1]= LSM6DS0_ReadGyro_Y();
 328:Core/Src/main.c ****       gyro_data[2]= LSM6DS0_ReadGyro_Z();
 329:Core/Src/main.c **** 
 330:Core/Src/main.c **** 
 331:Core/Src/main.c ****       accel_data[0]=LSM6DS0_ReadAccel_X();
 332:Core/Src/main.c ****       accel_data[1]=LSM6DS0_ReadAccel_Y();
 333:Core/Src/main.c ****       accel_data[2]=LSM6DS0_ReadAccel_Z();
 334:Core/Src/main.c **** 
 335:Core/Src/main.c **** 
 336:Core/Src/main.c ****       // Temp = LSM6DS0_ReadTemperature_C();
 337:Core/Src/main.c ****       // printf("Temp :%d\r\n",(int)Temp);
 338:Core/Src/main.c ****       // for(i=0; i < 4 ; i++)
 339:Core/Src/main.c ****       // {
 340:Core/Src/main.c ****       //   dissectFloat(gyro_data[i], &intPart, &fracPart, 1);
ARM GAS  /tmp/ccwNIbAi.s 			page 10


 341:Core/Src/main.c ****       //   if (i==0)
 342:Core/Src/main.c ****       //   {
 343:Core/Src/main.c ****       //   printf("gyro_x = %d.%01d \r\n", intPart, fracPart);
 344:Core/Src/main.c ****       //   }
 345:Core/Src/main.c ****       //   if (i==1)
 346:Core/Src/main.c ****       //   {
 347:Core/Src/main.c ****       //   printf("gyro_y= %d.%01d \r\n", intPart, fracPart);
 348:Core/Src/main.c ****       //   }
 349:Core/Src/main.c ****       //   if (i==2)
 350:Core/Src/main.c ****       //   {
 351:Core/Src/main.c ****       //   printf("gyro_z= %d.%01d \r\n", intPart, fracPart);
 352:Core/Src/main.c ****       //   printf("-----------------\r\n");
 353:Core/Src/main.c ****       //   }
 354:Core/Src/main.c **** 
 355:Core/Src/main.c ****       // }
 356:Core/Src/main.c ****       // HAL_Delay(1000);
 357:Core/Src/main.c **** 
 358:Core/Src/main.c ****     //   dissectFloat(bus_vol, &intPart, &fracPart, 3);
 359:Core/Src/main.c ****     // printf("Bus_voltage = %d.%03d \r\n", intPart, fracPart);
 360:Core/Src/main.c ****       // printf("Gyro: X=%d Y=%d Z=%d\r\n",(int)gyro_data[0],(int)gyro_data[1],(int)gyro_data[2]);
 361:Core/Src/main.c ****       printf("Accel: X=%d Y=%d Z=%d\r\n",(int)accel_data[0],(int)accel_data[1],(int)accel_data[2]);
 362:Core/Src/main.c ****       HAL_Delay(1000);
 363:Core/Src/main.c ****       
 364:Core/Src/main.c ****     /* USER CODE END WHILE */
 365:Core/Src/main.c **** 
 366:Core/Src/main.c ****     /* USER CODE BEGIN 3 */
 367:Core/Src/main.c ****   }
 368:Core/Src/main.c ****   
 369:Core/Src/main.c ****   /* USER CODE END 3 */
 370:Core/Src/main.c **** }
 371:Core/Src/main.c **** 
 372:Core/Src/main.c **** /**
 373:Core/Src/main.c ****   * @brief System Clock Configuration
 374:Core/Src/main.c ****   * @retval None
 375:Core/Src/main.c ****   */
 376:Core/Src/main.c **** void SystemClock_Config(void)
 377:Core/Src/main.c **** {
 378:Core/Src/main.c ****   RCC_OscInitTypeDef RCC_OscInitStruct = {0};
 379:Core/Src/main.c ****   RCC_ClkInitTypeDef RCC_ClkInitStruct = {0};
 380:Core/Src/main.c **** 
 381:Core/Src/main.c ****   /** Initializes the RCC Oscillators according to the specified parameters
 382:Core/Src/main.c ****   * in the RCC_OscInitTypeDef structure.
 383:Core/Src/main.c ****   */
 384:Core/Src/main.c ****   RCC_OscInitStruct.OscillatorType = RCC_OSCILLATORTYPE_HSE;
 385:Core/Src/main.c ****   RCC_OscInitStruct.HSEState = RCC_HSE_ON;
 386:Core/Src/main.c ****   RCC_OscInitStruct.PLL.PLLState = RCC_PLL_NONE;
 387:Core/Src/main.c ****   if (HAL_RCC_OscConfig(&RCC_OscInitStruct) != HAL_OK)
 388:Core/Src/main.c ****   {
 389:Core/Src/main.c ****     Error_Handler();
 390:Core/Src/main.c ****   }
 391:Core/Src/main.c **** 
 392:Core/Src/main.c ****   /** Initializes the CPU, AHB and APB buses clocks
 393:Core/Src/main.c ****   */
 394:Core/Src/main.c ****   RCC_ClkInitStruct.ClockType = RCC_CLOCKTYPE_HCLK|RCC_CLOCKTYPE_SYSCLK
 395:Core/Src/main.c ****                               |RCC_CLOCKTYPE_PCLK1|RCC_CLOCKTYPE_PCLK2;
 396:Core/Src/main.c ****   RCC_ClkInitStruct.SYSCLKSource = RCC_SYSCLKSOURCE_HSE;
 397:Core/Src/main.c ****   RCC_ClkInitStruct.AHBCLKDivider = RCC_SYSCLK_DIV1;
ARM GAS  /tmp/ccwNIbAi.s 			page 11


 398:Core/Src/main.c ****   RCC_ClkInitStruct.APB1CLKDivider = RCC_HCLK_DIV1;
 399:Core/Src/main.c ****   RCC_ClkInitStruct.APB2CLKDivider = RCC_HCLK_DIV1;
 400:Core/Src/main.c **** 
 401:Core/Src/main.c ****   if (HAL_RCC_ClockConfig(&RCC_ClkInitStruct, FLASH_LATENCY_0) != HAL_OK)
 402:Core/Src/main.c ****   {
 403:Core/Src/main.c ****     Error_Handler();
 404:Core/Src/main.c ****   }
 405:Core/Src/main.c **** }
 406:Core/Src/main.c **** 
 407:Core/Src/main.c **** /* USER CODE BEGIN 4 */
 408:Core/Src/main.c **** 
 409:Core/Src/main.c **** /* USER CODE END 4 */
 410:Core/Src/main.c **** 
 411:Core/Src/main.c **** /**
 412:Core/Src/main.c ****   * @brief  This function is executed in case of error occurrence.
 413:Core/Src/main.c ****   * @retval None
 414:Core/Src/main.c ****   */
 415:Core/Src/main.c **** void Error_Handler(void)
 416:Core/Src/main.c **** {
 176              		.loc 1 416 1 is_stmt 1 view -0
 177              		.cfi_startproc
 178              		@ Volatile: function does not return.
 179              		@ args = 0, pretend = 0, frame = 0
 180              		@ frame_needed = 0, uses_anonymous_args = 0
 181              		@ link register save eliminated.
 417:Core/Src/main.c ****   /* USER CODE BEGIN Error_Handler_Debug */
 418:Core/Src/main.c ****   /* User can add his own implementation to report the HAL error return state */
 419:Core/Src/main.c ****   __disable_irq();
 182              		.loc 1 419 3 view .LVU29
 183              	.LBB4:
 184              	.LBI4:
 185              		.file 2 "Drivers/CMSIS/Include/cmsis_gcc.h"
   1:Drivers/CMSIS/Include/cmsis_gcc.h **** /**************************************************************************//**
   2:Drivers/CMSIS/Include/cmsis_gcc.h ****  * @file     cmsis_gcc.h
   3:Drivers/CMSIS/Include/cmsis_gcc.h ****  * @brief    CMSIS compiler GCC header file
   4:Drivers/CMSIS/Include/cmsis_gcc.h ****  * @version  V5.0.4
   5:Drivers/CMSIS/Include/cmsis_gcc.h ****  * @date     09. April 2018
   6:Drivers/CMSIS/Include/cmsis_gcc.h ****  ******************************************************************************/
   7:Drivers/CMSIS/Include/cmsis_gcc.h **** /*
   8:Drivers/CMSIS/Include/cmsis_gcc.h ****  * Copyright (c) 2009-2018 Arm Limited. All rights reserved.
   9:Drivers/CMSIS/Include/cmsis_gcc.h ****  *
  10:Drivers/CMSIS/Include/cmsis_gcc.h ****  * SPDX-License-Identifier: Apache-2.0
  11:Drivers/CMSIS/Include/cmsis_gcc.h ****  *
  12:Drivers/CMSIS/Include/cmsis_gcc.h ****  * Licensed under the Apache License, Version 2.0 (the License); you may
  13:Drivers/CMSIS/Include/cmsis_gcc.h ****  * not use this file except in compliance with the License.
  14:Drivers/CMSIS/Include/cmsis_gcc.h ****  * You may obtain a copy of the License at
  15:Drivers/CMSIS/Include/cmsis_gcc.h ****  *
  16:Drivers/CMSIS/Include/cmsis_gcc.h ****  * www.apache.org/licenses/LICENSE-2.0
  17:Drivers/CMSIS/Include/cmsis_gcc.h ****  *
  18:Drivers/CMSIS/Include/cmsis_gcc.h ****  * Unless required by applicable law or agreed to in writing, software
  19:Drivers/CMSIS/Include/cmsis_gcc.h ****  * distributed under the License is distributed on an AS IS BASIS, WITHOUT
  20:Drivers/CMSIS/Include/cmsis_gcc.h ****  * WARRANTIES OR CONDITIONS OF ANY KIND, either express or implied.
  21:Drivers/CMSIS/Include/cmsis_gcc.h ****  * See the License for the specific language governing permissions and
  22:Drivers/CMSIS/Include/cmsis_gcc.h ****  * limitations under the License.
  23:Drivers/CMSIS/Include/cmsis_gcc.h ****  */
  24:Drivers/CMSIS/Include/cmsis_gcc.h **** 
  25:Drivers/CMSIS/Include/cmsis_gcc.h **** #ifndef __CMSIS_GCC_H
ARM GAS  /tmp/ccwNIbAi.s 			page 12


  26:Drivers/CMSIS/Include/cmsis_gcc.h **** #define __CMSIS_GCC_H
  27:Drivers/CMSIS/Include/cmsis_gcc.h **** 
  28:Drivers/CMSIS/Include/cmsis_gcc.h **** /* ignore some GCC warnings */
  29:Drivers/CMSIS/Include/cmsis_gcc.h **** #pragma GCC diagnostic push
  30:Drivers/CMSIS/Include/cmsis_gcc.h **** #pragma GCC diagnostic ignored "-Wsign-conversion"
  31:Drivers/CMSIS/Include/cmsis_gcc.h **** #pragma GCC diagnostic ignored "-Wconversion"
  32:Drivers/CMSIS/Include/cmsis_gcc.h **** #pragma GCC diagnostic ignored "-Wunused-parameter"
  33:Drivers/CMSIS/Include/cmsis_gcc.h **** 
  34:Drivers/CMSIS/Include/cmsis_gcc.h **** /* Fallback for __has_builtin */
  35:Drivers/CMSIS/Include/cmsis_gcc.h **** #ifndef __has_builtin
  36:Drivers/CMSIS/Include/cmsis_gcc.h ****   #define __has_builtin(x) (0)
  37:Drivers/CMSIS/Include/cmsis_gcc.h **** #endif
  38:Drivers/CMSIS/Include/cmsis_gcc.h **** 
  39:Drivers/CMSIS/Include/cmsis_gcc.h **** /* CMSIS compiler specific defines */
  40:Drivers/CMSIS/Include/cmsis_gcc.h **** #ifndef   __ASM
  41:Drivers/CMSIS/Include/cmsis_gcc.h ****   #define __ASM                                  __asm
  42:Drivers/CMSIS/Include/cmsis_gcc.h **** #endif
  43:Drivers/CMSIS/Include/cmsis_gcc.h **** #ifndef   __INLINE
  44:Drivers/CMSIS/Include/cmsis_gcc.h ****   #define __INLINE                               inline
  45:Drivers/CMSIS/Include/cmsis_gcc.h **** #endif
  46:Drivers/CMSIS/Include/cmsis_gcc.h **** #ifndef   __STATIC_INLINE
  47:Drivers/CMSIS/Include/cmsis_gcc.h ****   #define __STATIC_INLINE                        static inline
  48:Drivers/CMSIS/Include/cmsis_gcc.h **** #endif
  49:Drivers/CMSIS/Include/cmsis_gcc.h **** #ifndef   __STATIC_FORCEINLINE                 
  50:Drivers/CMSIS/Include/cmsis_gcc.h ****   #define __STATIC_FORCEINLINE                   __attribute__((always_inline)) static inline
  51:Drivers/CMSIS/Include/cmsis_gcc.h **** #endif                                           
  52:Drivers/CMSIS/Include/cmsis_gcc.h **** #ifndef   __NO_RETURN
  53:Drivers/CMSIS/Include/cmsis_gcc.h ****   #define __NO_RETURN                            __attribute__((__noreturn__))
  54:Drivers/CMSIS/Include/cmsis_gcc.h **** #endif
  55:Drivers/CMSIS/Include/cmsis_gcc.h **** #ifndef   __USED
  56:Drivers/CMSIS/Include/cmsis_gcc.h ****   #define __USED                                 __attribute__((used))
  57:Drivers/CMSIS/Include/cmsis_gcc.h **** #endif
  58:Drivers/CMSIS/Include/cmsis_gcc.h **** #ifndef   __WEAK
  59:Drivers/CMSIS/Include/cmsis_gcc.h ****   #define __WEAK                                 __attribute__((weak))
  60:Drivers/CMSIS/Include/cmsis_gcc.h **** #endif
  61:Drivers/CMSIS/Include/cmsis_gcc.h **** #ifndef   __PACKED
  62:Drivers/CMSIS/Include/cmsis_gcc.h ****   #define __PACKED                               __attribute__((packed, aligned(1)))
  63:Drivers/CMSIS/Include/cmsis_gcc.h **** #endif
  64:Drivers/CMSIS/Include/cmsis_gcc.h **** #ifndef   __PACKED_STRUCT
  65:Drivers/CMSIS/Include/cmsis_gcc.h ****   #define __PACKED_STRUCT                        struct __attribute__((packed, aligned(1)))
  66:Drivers/CMSIS/Include/cmsis_gcc.h **** #endif
  67:Drivers/CMSIS/Include/cmsis_gcc.h **** #ifndef   __PACKED_UNION
  68:Drivers/CMSIS/Include/cmsis_gcc.h ****   #define __PACKED_UNION                         union __attribute__((packed, aligned(1)))
  69:Drivers/CMSIS/Include/cmsis_gcc.h **** #endif
  70:Drivers/CMSIS/Include/cmsis_gcc.h **** #ifndef   __UNALIGNED_UINT32        /* deprecated */
  71:Drivers/CMSIS/Include/cmsis_gcc.h ****   #pragma GCC diagnostic push
  72:Drivers/CMSIS/Include/cmsis_gcc.h ****   #pragma GCC diagnostic ignored "-Wpacked"
  73:Drivers/CMSIS/Include/cmsis_gcc.h ****   #pragma GCC diagnostic ignored "-Wattributes"
  74:Drivers/CMSIS/Include/cmsis_gcc.h ****   struct __attribute__((packed)) T_UINT32 { uint32_t v; };
  75:Drivers/CMSIS/Include/cmsis_gcc.h ****   #pragma GCC diagnostic pop
  76:Drivers/CMSIS/Include/cmsis_gcc.h ****   #define __UNALIGNED_UINT32(x)                  (((struct T_UINT32 *)(x))->v)
  77:Drivers/CMSIS/Include/cmsis_gcc.h **** #endif
  78:Drivers/CMSIS/Include/cmsis_gcc.h **** #ifndef   __UNALIGNED_UINT16_WRITE
  79:Drivers/CMSIS/Include/cmsis_gcc.h ****   #pragma GCC diagnostic push
  80:Drivers/CMSIS/Include/cmsis_gcc.h ****   #pragma GCC diagnostic ignored "-Wpacked"
  81:Drivers/CMSIS/Include/cmsis_gcc.h ****   #pragma GCC diagnostic ignored "-Wattributes"
  82:Drivers/CMSIS/Include/cmsis_gcc.h ****   __PACKED_STRUCT T_UINT16_WRITE { uint16_t v; };
ARM GAS  /tmp/ccwNIbAi.s 			page 13


  83:Drivers/CMSIS/Include/cmsis_gcc.h ****   #pragma GCC diagnostic pop
  84:Drivers/CMSIS/Include/cmsis_gcc.h ****   #define __UNALIGNED_UINT16_WRITE(addr, val)    (void)((((struct T_UINT16_WRITE *)(void *)(addr))-
  85:Drivers/CMSIS/Include/cmsis_gcc.h **** #endif
  86:Drivers/CMSIS/Include/cmsis_gcc.h **** #ifndef   __UNALIGNED_UINT16_READ
  87:Drivers/CMSIS/Include/cmsis_gcc.h ****   #pragma GCC diagnostic push
  88:Drivers/CMSIS/Include/cmsis_gcc.h ****   #pragma GCC diagnostic ignored "-Wpacked"
  89:Drivers/CMSIS/Include/cmsis_gcc.h ****   #pragma GCC diagnostic ignored "-Wattributes"
  90:Drivers/CMSIS/Include/cmsis_gcc.h ****   __PACKED_STRUCT T_UINT16_READ { uint16_t v; };
  91:Drivers/CMSIS/Include/cmsis_gcc.h ****   #pragma GCC diagnostic pop
  92:Drivers/CMSIS/Include/cmsis_gcc.h ****   #define __UNALIGNED_UINT16_READ(addr)          (((const struct T_UINT16_READ *)(const void *)(add
  93:Drivers/CMSIS/Include/cmsis_gcc.h **** #endif
  94:Drivers/CMSIS/Include/cmsis_gcc.h **** #ifndef   __UNALIGNED_UINT32_WRITE
  95:Drivers/CMSIS/Include/cmsis_gcc.h ****   #pragma GCC diagnostic push
  96:Drivers/CMSIS/Include/cmsis_gcc.h ****   #pragma GCC diagnostic ignored "-Wpacked"
  97:Drivers/CMSIS/Include/cmsis_gcc.h ****   #pragma GCC diagnostic ignored "-Wattributes"
  98:Drivers/CMSIS/Include/cmsis_gcc.h ****   __PACKED_STRUCT T_UINT32_WRITE { uint32_t v; };
  99:Drivers/CMSIS/Include/cmsis_gcc.h ****   #pragma GCC diagnostic pop
 100:Drivers/CMSIS/Include/cmsis_gcc.h ****   #define __UNALIGNED_UINT32_WRITE(addr, val)    (void)((((struct T_UINT32_WRITE *)(void *)(addr))-
 101:Drivers/CMSIS/Include/cmsis_gcc.h **** #endif
 102:Drivers/CMSIS/Include/cmsis_gcc.h **** #ifndef   __UNALIGNED_UINT32_READ
 103:Drivers/CMSIS/Include/cmsis_gcc.h ****   #pragma GCC diagnostic push
 104:Drivers/CMSIS/Include/cmsis_gcc.h ****   #pragma GCC diagnostic ignored "-Wpacked"
 105:Drivers/CMSIS/Include/cmsis_gcc.h ****   #pragma GCC diagnostic ignored "-Wattributes"
 106:Drivers/CMSIS/Include/cmsis_gcc.h ****   __PACKED_STRUCT T_UINT32_READ { uint32_t v; };
 107:Drivers/CMSIS/Include/cmsis_gcc.h ****   #pragma GCC diagnostic pop
 108:Drivers/CMSIS/Include/cmsis_gcc.h ****   #define __UNALIGNED_UINT32_READ(addr)          (((const struct T_UINT32_READ *)(const void *)(add
 109:Drivers/CMSIS/Include/cmsis_gcc.h **** #endif
 110:Drivers/CMSIS/Include/cmsis_gcc.h **** #ifndef   __ALIGNED
 111:Drivers/CMSIS/Include/cmsis_gcc.h ****   #define __ALIGNED(x)                           __attribute__((aligned(x)))
 112:Drivers/CMSIS/Include/cmsis_gcc.h **** #endif
 113:Drivers/CMSIS/Include/cmsis_gcc.h **** #ifndef   __RESTRICT
 114:Drivers/CMSIS/Include/cmsis_gcc.h ****   #define __RESTRICT                             __restrict
 115:Drivers/CMSIS/Include/cmsis_gcc.h **** #endif
 116:Drivers/CMSIS/Include/cmsis_gcc.h **** 
 117:Drivers/CMSIS/Include/cmsis_gcc.h **** 
 118:Drivers/CMSIS/Include/cmsis_gcc.h **** /* ###########################  Core Function Access  ########################### */
 119:Drivers/CMSIS/Include/cmsis_gcc.h **** /** \ingroup  CMSIS_Core_FunctionInterface
 120:Drivers/CMSIS/Include/cmsis_gcc.h ****     \defgroup CMSIS_Core_RegAccFunctions CMSIS Core Register Access Functions
 121:Drivers/CMSIS/Include/cmsis_gcc.h ****   @{
 122:Drivers/CMSIS/Include/cmsis_gcc.h ****  */
 123:Drivers/CMSIS/Include/cmsis_gcc.h **** 
 124:Drivers/CMSIS/Include/cmsis_gcc.h **** /**
 125:Drivers/CMSIS/Include/cmsis_gcc.h ****   \brief   Enable IRQ Interrupts
 126:Drivers/CMSIS/Include/cmsis_gcc.h ****   \details Enables IRQ interrupts by clearing the I-bit in the CPSR.
 127:Drivers/CMSIS/Include/cmsis_gcc.h ****            Can only be executed in Privileged modes.
 128:Drivers/CMSIS/Include/cmsis_gcc.h ****  */
 129:Drivers/CMSIS/Include/cmsis_gcc.h **** __STATIC_FORCEINLINE void __enable_irq(void)
 130:Drivers/CMSIS/Include/cmsis_gcc.h **** {
 131:Drivers/CMSIS/Include/cmsis_gcc.h ****   __ASM volatile ("cpsie i" : : : "memory");
 132:Drivers/CMSIS/Include/cmsis_gcc.h **** }
 133:Drivers/CMSIS/Include/cmsis_gcc.h **** 
 134:Drivers/CMSIS/Include/cmsis_gcc.h **** 
 135:Drivers/CMSIS/Include/cmsis_gcc.h **** /**
 136:Drivers/CMSIS/Include/cmsis_gcc.h ****   \brief   Disable IRQ Interrupts
 137:Drivers/CMSIS/Include/cmsis_gcc.h ****   \details Disables IRQ interrupts by setting the I-bit in the CPSR.
 138:Drivers/CMSIS/Include/cmsis_gcc.h ****            Can only be executed in Privileged modes.
 139:Drivers/CMSIS/Include/cmsis_gcc.h ****  */
ARM GAS  /tmp/ccwNIbAi.s 			page 14


 140:Drivers/CMSIS/Include/cmsis_gcc.h **** __STATIC_FORCEINLINE void __disable_irq(void)
 186              		.loc 2 140 27 view .LVU30
 187              	.LBB5:
 141:Drivers/CMSIS/Include/cmsis_gcc.h **** {
 142:Drivers/CMSIS/Include/cmsis_gcc.h ****   __ASM volatile ("cpsid i" : : : "memory");
 188              		.loc 2 142 3 view .LVU31
 189              		.syntax unified
 190              	@ 142 "Drivers/CMSIS/Include/cmsis_gcc.h" 1
 191 0000 72B6     		cpsid i
 192              	@ 0 "" 2
 193              		.thumb
 194              		.syntax unified
 195              	.L12:
 196              	.LBE5:
 197              	.LBE4:
 420:Core/Src/main.c ****   while (1)
 198              		.loc 1 420 3 discriminator 1 view .LVU32
 421:Core/Src/main.c ****   {
 422:Core/Src/main.c ****   }
 199              		.loc 1 422 3 discriminator 1 view .LVU33
 420:Core/Src/main.c ****   while (1)
 200              		.loc 1 420 9 discriminator 1 view .LVU34
 201 0002 FEE7     		b	.L12
 202              		.cfi_endproc
 203              	.LFE72:
 205              		.section	.text.SystemClock_Config,"ax",%progbits
 206              		.align	1
 207              		.global	SystemClock_Config
 208              		.syntax unified
 209              		.thumb
 210              		.thumb_func
 211              		.fpu softvfp
 213              	SystemClock_Config:
 214              	.LFB71:
 377:Core/Src/main.c ****   RCC_OscInitTypeDef RCC_OscInitStruct = {0};
 215              		.loc 1 377 1 view -0
 216              		.cfi_startproc
 217              		@ args = 0, pretend = 0, frame = 64
 218              		@ frame_needed = 0, uses_anonymous_args = 0
 219 0000 00B5     		push	{lr}
 220              	.LCFI2:
 221              		.cfi_def_cfa_offset 4
 222              		.cfi_offset 14, -4
 223 0002 91B0     		sub	sp, sp, #68
 224              	.LCFI3:
 225              		.cfi_def_cfa_offset 72
 378:Core/Src/main.c ****   RCC_ClkInitTypeDef RCC_ClkInitStruct = {0};
 226              		.loc 1 378 3 view .LVU36
 378:Core/Src/main.c ****   RCC_ClkInitTypeDef RCC_ClkInitStruct = {0};
 227              		.loc 1 378 22 is_stmt 0 view .LVU37
 228 0004 2822     		movs	r2, #40
 229 0006 0021     		movs	r1, #0
 230 0008 06A8     		add	r0, sp, #24
 231 000a FFF7FEFF 		bl	memset
 232              	.LVL17:
 379:Core/Src/main.c **** 
 233              		.loc 1 379 3 is_stmt 1 view .LVU38
ARM GAS  /tmp/ccwNIbAi.s 			page 15


 379:Core/Src/main.c **** 
 234              		.loc 1 379 22 is_stmt 0 view .LVU39
 235 000e 0023     		movs	r3, #0
 236 0010 0193     		str	r3, [sp, #4]
 237 0012 0293     		str	r3, [sp, #8]
 238 0014 0393     		str	r3, [sp, #12]
 239 0016 0493     		str	r3, [sp, #16]
 240 0018 0593     		str	r3, [sp, #20]
 384:Core/Src/main.c ****   RCC_OscInitStruct.HSEState = RCC_HSE_ON;
 241              		.loc 1 384 3 is_stmt 1 view .LVU40
 384:Core/Src/main.c ****   RCC_OscInitStruct.HSEState = RCC_HSE_ON;
 242              		.loc 1 384 36 is_stmt 0 view .LVU41
 243 001a 0123     		movs	r3, #1
 244 001c 0693     		str	r3, [sp, #24]
 385:Core/Src/main.c ****   RCC_OscInitStruct.PLL.PLLState = RCC_PLL_NONE;
 245              		.loc 1 385 3 is_stmt 1 view .LVU42
 385:Core/Src/main.c ****   RCC_OscInitStruct.PLL.PLLState = RCC_PLL_NONE;
 246              		.loc 1 385 30 is_stmt 0 view .LVU43
 247 001e 4FF48033 		mov	r3, #65536
 248 0022 0793     		str	r3, [sp, #28]
 386:Core/Src/main.c ****   if (HAL_RCC_OscConfig(&RCC_OscInitStruct) != HAL_OK)
 249              		.loc 1 386 3 is_stmt 1 view .LVU44
 387:Core/Src/main.c ****   {
 250              		.loc 1 387 3 view .LVU45
 387:Core/Src/main.c ****   {
 251              		.loc 1 387 7 is_stmt 0 view .LVU46
 252 0024 06A8     		add	r0, sp, #24
 253 0026 FFF7FEFF 		bl	HAL_RCC_OscConfig
 254              	.LVL18:
 387:Core/Src/main.c ****   {
 255              		.loc 1 387 6 view .LVU47
 256 002a 70B9     		cbnz	r0, .L17
 394:Core/Src/main.c ****                               |RCC_CLOCKTYPE_PCLK1|RCC_CLOCKTYPE_PCLK2;
 257              		.loc 1 394 3 is_stmt 1 view .LVU48
 394:Core/Src/main.c ****                               |RCC_CLOCKTYPE_PCLK1|RCC_CLOCKTYPE_PCLK2;
 258              		.loc 1 394 31 is_stmt 0 view .LVU49
 259 002c 0F23     		movs	r3, #15
 260 002e 0193     		str	r3, [sp, #4]
 396:Core/Src/main.c ****   RCC_ClkInitStruct.AHBCLKDivider = RCC_SYSCLK_DIV1;
 261              		.loc 1 396 3 is_stmt 1 view .LVU50
 396:Core/Src/main.c ****   RCC_ClkInitStruct.AHBCLKDivider = RCC_SYSCLK_DIV1;
 262              		.loc 1 396 34 is_stmt 0 view .LVU51
 263 0030 0123     		movs	r3, #1
 264 0032 0293     		str	r3, [sp, #8]
 397:Core/Src/main.c ****   RCC_ClkInitStruct.APB1CLKDivider = RCC_HCLK_DIV1;
 265              		.loc 1 397 3 is_stmt 1 view .LVU52
 397:Core/Src/main.c ****   RCC_ClkInitStruct.APB1CLKDivider = RCC_HCLK_DIV1;
 266              		.loc 1 397 35 is_stmt 0 view .LVU53
 267 0034 0021     		movs	r1, #0
 268 0036 0391     		str	r1, [sp, #12]
 398:Core/Src/main.c ****   RCC_ClkInitStruct.APB2CLKDivider = RCC_HCLK_DIV1;
 269              		.loc 1 398 3 is_stmt 1 view .LVU54
 398:Core/Src/main.c ****   RCC_ClkInitStruct.APB2CLKDivider = RCC_HCLK_DIV1;
 270              		.loc 1 398 36 is_stmt 0 view .LVU55
 271 0038 0491     		str	r1, [sp, #16]
 399:Core/Src/main.c **** 
 272              		.loc 1 399 3 is_stmt 1 view .LVU56
ARM GAS  /tmp/ccwNIbAi.s 			page 16


 399:Core/Src/main.c **** 
 273              		.loc 1 399 36 is_stmt 0 view .LVU57
 274 003a 0591     		str	r1, [sp, #20]
 401:Core/Src/main.c ****   {
 275              		.loc 1 401 3 is_stmt 1 view .LVU58
 401:Core/Src/main.c ****   {
 276              		.loc 1 401 7 is_stmt 0 view .LVU59
 277 003c 01A8     		add	r0, sp, #4
 278 003e FFF7FEFF 		bl	HAL_RCC_ClockConfig
 279              	.LVL19:
 401:Core/Src/main.c ****   {
 280              		.loc 1 401 6 view .LVU60
 281 0042 20B9     		cbnz	r0, .L18
 405:Core/Src/main.c **** 
 282              		.loc 1 405 1 view .LVU61
 283 0044 11B0     		add	sp, sp, #68
 284              	.LCFI4:
 285              		.cfi_remember_state
 286              		.cfi_def_cfa_offset 4
 287              		@ sp needed
 288 0046 5DF804FB 		ldr	pc, [sp], #4
 289              	.L17:
 290              	.LCFI5:
 291              		.cfi_restore_state
 389:Core/Src/main.c ****   }
 292              		.loc 1 389 5 is_stmt 1 view .LVU62
 293 004a FFF7FEFF 		bl	Error_Handler
 294              	.LVL20:
 295              	.L18:
 403:Core/Src/main.c ****   }
 296              		.loc 1 403 5 view .LVU63
 297 004e FFF7FEFF 		bl	Error_Handler
 298              	.LVL21:
 299              		.cfi_endproc
 300              	.LFE71:
 302              		.section	.rodata.main.str1.4,"aMS",%progbits,1
 303              		.align	2
 304              	.LC0:
 305 0000 4C534D5F 		.ascii	"LSM_not_found\015\000"
 305      6E6F745F 
 305      666F756E 
 305      640D00
 306 000f 00       		.align	2
 307              	.LC1:
 308 0010 4C534D5F 		.ascii	"LSM_found..\015\000"
 308      666F756E 
 308      642E2E0D 
 308      00
 309 001d 000000   		.align	2
 310              	.LC2:
 311 0020 696E6974 		.ascii	"initializing six axis sensor....\015\000"
 311      69616C69 
 311      7A696E67 
 311      20736978 
 311      20617869 
 312 0042 0000     		.align	2
 313              	.LC3:
ARM GAS  /tmp/ccwNIbAi.s 			page 17


 314 0044 6779726F 		.ascii	"gyro_init_failed\015\000"
 314      5F696E69 
 314      745F6661 
 314      696C6564 
 314      0D00
 315 0056 0000     		.align	2
 316              	.LC4:
 317 0058 6779726F 		.ascii	"gyro_init_successful\015\000"
 317      5F696E69 
 317      745F7375 
 317      63636573 
 317      7366756C 
 318 006e 0000     		.align	2
 319              	.LC5:
 320 0070 584C5F69 		.ascii	"XL_init_failed\015\000"
 320      6E69745F 
 320      6661696C 
 320      65640D00 
 321              		.align	2
 322              	.LC6:
 323 0080 584C5F69 		.ascii	"XL_init_successfull\015\000"
 323      6E69745F 
 323      73756363 
 323      65737366 
 323      756C6C0D 
 324 0095 000000   		.align	2
 325              	.LC7:
 326 0098 41636365 		.ascii	"Accel: X=%d Y=%d Z=%d\015\012\000"
 326      6C3A2058 
 326      3D256420 
 326      593D2564 
 326      205A3D25 
 327              		.section	.text.main,"ax",%progbits
 328              		.align	1
 329              		.global	main
 330              		.syntax unified
 331              		.thumb
 332              		.thumb_func
 333              		.fpu softvfp
 335              	main:
 336              	.LFB70:
 258:Core/Src/main.c **** 
 337              		.loc 1 258 1 view -0
 338              		.cfi_startproc
 339              		@ Volatile: function does not return.
 340              		@ args = 0, pretend = 0, frame = 24
 341              		@ frame_needed = 0, uses_anonymous_args = 0
 342 0000 00B5     		push	{lr}
 343              	.LCFI6:
 344              		.cfi_def_cfa_offset 4
 345              		.cfi_offset 14, -4
 346 0002 87B0     		sub	sp, sp, #28
 347              	.LCFI7:
 348              		.cfi_def_cfa_offset 32
 267:Core/Src/main.c **** 
 349              		.loc 1 267 3 view .LVU65
 350 0004 FFF7FEFF 		bl	HAL_Init
ARM GAS  /tmp/ccwNIbAi.s 			page 18


 351              	.LVL22:
 274:Core/Src/main.c **** 
 352              		.loc 1 274 3 view .LVU66
 353 0008 FFF7FEFF 		bl	SystemClock_Config
 354              	.LVL23:
 281:Core/Src/main.c ****   MX_I2C1_Init();
 355              		.loc 1 281 3 view .LVU67
 356 000c FFF7FEFF 		bl	MX_GPIO_Init
 357              	.LVL24:
 282:Core/Src/main.c ****   MX_USART1_UART_Init();
 358              		.loc 1 282 3 view .LVU68
 359 0010 FFF7FEFF 		bl	MX_I2C1_Init
 360              	.LVL25:
 283:Core/Src/main.c ****   /* USER CODE BEGIN 2 */
 361              		.loc 1 283 3 view .LVU69
 362 0014 FFF7FEFF 		bl	MX_USART1_UART_Init
 363              	.LVL26:
 285:Core/Src/main.c ****         printf("LSM_not_found\r\n");
 364              		.loc 1 285 3 view .LVU70
 285:Core/Src/main.c ****         printf("LSM_not_found\r\n");
 365              		.loc 1 285 6 is_stmt 0 view .LVU71
 366 0018 FFF7FEFF 		bl	LSM6DS0_begin
 367              	.LVL27:
 285:Core/Src/main.c ****         printf("LSM_not_found\r\n");
 368              		.loc 1 285 5 view .LVU72
 369 001c 0028     		cmp	r0, #0
 370 001e 3BD1     		bne	.L20
 286:Core/Src/main.c ****   }else{
 371              		.loc 1 286 9 is_stmt 1 view .LVU73
 372 0020 2548     		ldr	r0, .L28
 373 0022 FFF7FEFF 		bl	puts
 374              	.LVL28:
 375              	.L21:
 291:Core/Src/main.c ****   if (check_Gyro_Init()!=1){
 376              		.loc 1 291 3 view .LVU74
 377 0026 FFF7FEFF 		bl	LSM6DS0_Init
 378              	.LVL29:
 292:Core/Src/main.c ****     printf("gyro_init_failed\r\n");
 379              		.loc 1 292 3 view .LVU75
 292:Core/Src/main.c ****     printf("gyro_init_failed\r\n");
 380              		.loc 1 292 7 is_stmt 0 view .LVU76
 381 002a FFF7FEFF 		bl	check_Gyro_Init
 382              	.LVL30:
 292:Core/Src/main.c ****     printf("gyro_init_failed\r\n");
 383              		.loc 1 292 6 view .LVU77
 384 002e 0128     		cmp	r0, #1
 385 0030 39D0     		beq	.L22
 293:Core/Src/main.c ****   }else{
 386              		.loc 1 293 5 is_stmt 1 view .LVU78
 387 0032 2248     		ldr	r0, .L28+4
 388 0034 FFF7FEFF 		bl	puts
 389              	.LVL31:
 390              	.L23:
 297:Core/Src/main.c ****     printf("XL_init_failed\r\n");
 391              		.loc 1 297 3 view .LVU79
 297:Core/Src/main.c ****     printf("XL_init_failed\r\n");
 392              		.loc 1 297 6 is_stmt 0 view .LVU80
ARM GAS  /tmp/ccwNIbAi.s 			page 19


 393 0038 FFF7FEFF 		bl	check_XL_Init
 394              	.LVL32:
 297:Core/Src/main.c ****     printf("XL_init_failed\r\n");
 395              		.loc 1 297 5 view .LVU81
 396 003c 0128     		cmp	r0, #1
 397 003e 36D0     		beq	.L24
 298:Core/Src/main.c ****   }
 398              		.loc 1 298 5 is_stmt 1 view .LVU82
 399 0040 1F48     		ldr	r0, .L28+8
 400 0042 FFF7FEFF 		bl	puts
 401              	.LVL33:
 402              	.L25:
 309:Core/Src/main.c ****     float gyro_data[3];
 403              		.loc 1 309 5 discriminator 1 view .LVU83
 310:Core/Src/main.c ****     float accel_data[3];
 404              		.loc 1 310 5 discriminator 1 view .LVU84
 311:Core/Src/main.c ****     int i;
 405              		.loc 1 311 5 discriminator 1 view .LVU85
 312:Core/Src/main.c ****     int intPart,fracPart;
 406              		.loc 1 312 5 discriminator 1 view .LVU86
 313:Core/Src/main.c ****     // uint8_t status;
 407              		.loc 1 313 5 discriminator 1 view .LVU87
 316:Core/Src/main.c ****   {
 408              		.loc 1 316 3 discriminator 1 view .LVU88
 326:Core/Src/main.c ****       gyro_data[1]= LSM6DS0_ReadGyro_Y();
 409              		.loc 1 326 7 discriminator 1 view .LVU89
 326:Core/Src/main.c ****       gyro_data[1]= LSM6DS0_ReadGyro_Y();
 410              		.loc 1 326 21 is_stmt 0 discriminator 1 view .LVU90
 411 0046 FFF7FEFF 		bl	LSM6DS0_ReadGyro_X
 412              	.LVL34:
 326:Core/Src/main.c ****       gyro_data[1]= LSM6DS0_ReadGyro_Y();
 413              		.loc 1 326 19 discriminator 1 view .LVU91
 414 004a 0390     		str	r0, [sp, #12]	@ float
 327:Core/Src/main.c ****       gyro_data[2]= LSM6DS0_ReadGyro_Z();
 415              		.loc 1 327 7 is_stmt 1 discriminator 1 view .LVU92
 327:Core/Src/main.c ****       gyro_data[2]= LSM6DS0_ReadGyro_Z();
 416              		.loc 1 327 21 is_stmt 0 discriminator 1 view .LVU93
 417 004c FFF7FEFF 		bl	LSM6DS0_ReadGyro_Y
 418              	.LVL35:
 327:Core/Src/main.c ****       gyro_data[2]= LSM6DS0_ReadGyro_Z();
 419              		.loc 1 327 19 discriminator 1 view .LVU94
 420 0050 0490     		str	r0, [sp, #16]	@ float
 328:Core/Src/main.c **** 
 421              		.loc 1 328 7 is_stmt 1 discriminator 1 view .LVU95
 328:Core/Src/main.c **** 
 422              		.loc 1 328 21 is_stmt 0 discriminator 1 view .LVU96
 423 0052 FFF7FEFF 		bl	LSM6DS0_ReadGyro_Z
 424              	.LVL36:
 328:Core/Src/main.c **** 
 425              		.loc 1 328 19 discriminator 1 view .LVU97
 426 0056 0590     		str	r0, [sp, #20]	@ float
 331:Core/Src/main.c ****       accel_data[1]=LSM6DS0_ReadAccel_Y();
 427              		.loc 1 331 7 is_stmt 1 discriminator 1 view .LVU98
 331:Core/Src/main.c ****       accel_data[1]=LSM6DS0_ReadAccel_Y();
 428              		.loc 1 331 21 is_stmt 0 discriminator 1 view .LVU99
 429 0058 FFF7FEFF 		bl	LSM6DS0_ReadAccel_X
 430              	.LVL37:
ARM GAS  /tmp/ccwNIbAi.s 			page 20


 431 005c 0446     		mov	r4, r0
 331:Core/Src/main.c ****       accel_data[1]=LSM6DS0_ReadAccel_Y();
 432              		.loc 1 331 20 discriminator 1 view .LVU100
 433 005e 0090     		str	r0, [sp]	@ float
 332:Core/Src/main.c ****       accel_data[2]=LSM6DS0_ReadAccel_Z();
 434              		.loc 1 332 7 is_stmt 1 discriminator 1 view .LVU101
 332:Core/Src/main.c ****       accel_data[2]=LSM6DS0_ReadAccel_Z();
 435              		.loc 1 332 21 is_stmt 0 discriminator 1 view .LVU102
 436 0060 FFF7FEFF 		bl	LSM6DS0_ReadAccel_Y
 437              	.LVL38:
 438 0064 0546     		mov	r5, r0
 332:Core/Src/main.c ****       accel_data[2]=LSM6DS0_ReadAccel_Z();
 439              		.loc 1 332 20 discriminator 1 view .LVU103
 440 0066 0190     		str	r0, [sp, #4]	@ float
 333:Core/Src/main.c **** 
 441              		.loc 1 333 7 is_stmt 1 discriminator 1 view .LVU104
 333:Core/Src/main.c **** 
 442              		.loc 1 333 21 is_stmt 0 discriminator 1 view .LVU105
 443 0068 FFF7FEFF 		bl	LSM6DS0_ReadAccel_Z
 444              	.LVL39:
 333:Core/Src/main.c **** 
 445              		.loc 1 333 20 discriminator 1 view .LVU106
 446 006c 0290     		str	r0, [sp, #8]	@ float
 361:Core/Src/main.c ****       HAL_Delay(1000);
 447              		.loc 1 361 7 is_stmt 1 discriminator 1 view .LVU107
 448 006e FFF7FEFF 		bl	__aeabi_f2iz
 449              	.LVL40:
 450 0072 0646     		mov	r6, r0
 451 0074 2846     		mov	r0, r5
 452 0076 FFF7FEFF 		bl	__aeabi_f2iz
 453              	.LVL41:
 454 007a 0546     		mov	r5, r0
 455 007c 2046     		mov	r0, r4
 456 007e FFF7FEFF 		bl	__aeabi_f2iz
 457              	.LVL42:
 458 0082 0146     		mov	r1, r0
 459 0084 3346     		mov	r3, r6
 460 0086 2A46     		mov	r2, r5
 461 0088 0E48     		ldr	r0, .L28+12
 462 008a FFF7FEFF 		bl	printf
 463              	.LVL43:
 362:Core/Src/main.c ****       
 464              		.loc 1 362 7 discriminator 1 view .LVU108
 465 008e 4FF47A70 		mov	r0, #1000
 466 0092 FFF7FEFF 		bl	HAL_Delay
 467              	.LVL44:
 316:Core/Src/main.c ****   {
 468              		.loc 1 316 9 discriminator 1 view .LVU109
 469 0096 D6E7     		b	.L25
 470              	.L20:
 288:Core/Src/main.c ****         printf("initializing six axis sensor....\r\n");
 471              		.loc 1 288 9 view .LVU110
 472 0098 0B48     		ldr	r0, .L28+16
 473 009a FFF7FEFF 		bl	puts
 474              	.LVL45:
 289:Core/Src/main.c ****    }
 475              		.loc 1 289 9 view .LVU111
ARM GAS  /tmp/ccwNIbAi.s 			page 21


 476 009e 0B48     		ldr	r0, .L28+20
 477 00a0 FFF7FEFF 		bl	puts
 478              	.LVL46:
 479 00a4 BFE7     		b	.L21
 480              	.L22:
 295:Core/Src/main.c ****   }
 481              		.loc 1 295 5 view .LVU112
 482 00a6 0A48     		ldr	r0, .L28+24
 483 00a8 FFF7FEFF 		bl	puts
 484              	.LVL47:
 485 00ac C4E7     		b	.L23
 486              	.L24:
 301:Core/Src/main.c ****   }
 487              		.loc 1 301 5 view .LVU113
 488 00ae 0948     		ldr	r0, .L28+28
 489 00b0 FFF7FEFF 		bl	puts
 490              	.LVL48:
 491 00b4 C7E7     		b	.L25
 492              	.L29:
 493 00b6 00BF     		.align	2
 494              	.L28:
 495 00b8 00000000 		.word	.LC0
 496 00bc 44000000 		.word	.LC3
 497 00c0 70000000 		.word	.LC5
 498 00c4 98000000 		.word	.LC7
 499 00c8 10000000 		.word	.LC1
 500 00cc 20000000 		.word	.LC2
 501 00d0 58000000 		.word	.LC4
 502 00d4 80000000 		.word	.LC6
 503              		.cfi_endproc
 504              	.LFE70:
 506              		.text
 507              	.Letext0:
 508              		.file 3 "/usr/lib/gcc/arm-none-eabi/10.3.1/include/stdint.h"
 509              		.file 4 "Drivers/CMSIS/Device/ST/STM32F1xx/Include/stm32f103x6.h"
 510              		.file 5 "Drivers/STM32F1xx_HAL_Driver/Inc/stm32f1xx_hal_def.h"
 511              		.file 6 "Drivers/STM32F1xx_HAL_Driver/Inc/stm32f1xx_hal_rcc.h"
 512              		.file 7 "Drivers/STM32F1xx_HAL_Driver/Inc/stm32f1xx_hal_rcc_ex.h"
 513              		.file 8 "Drivers/STM32F1xx_HAL_Driver/Inc/stm32f1xx_hal_dma.h"
 514              		.file 9 "Drivers/STM32F1xx_HAL_Driver/Inc/stm32f1xx_hal_uart.h"
 515              		.file 10 "Drivers/STM32F1xx_HAL_Driver/Inc/stm32f1xx_hal.h"
 516              		.file 11 "Core/Inc/gpio.h"
 517              		.file 12 "Core/Inc/i2c.h"
 518              		.file 13 "Core/Inc/usart.h"
 519              		.file 14 "Core/Inc/lsm6ds0.h"
 520              		.file 15 "<built-in>"
 521              		.file 16 "/usr/include/newlib/stdio.h"
 522              		.file 17 "/usr/include/newlib/math.h"
ARM GAS  /tmp/ccwNIbAi.s 			page 22


DEFINED SYMBOLS
                            *ABS*:0000000000000000 main.c
     /tmp/ccwNIbAi.s:16     .text._write:0000000000000000 $t
     /tmp/ccwNIbAi.s:24     .text._write:0000000000000000 _write
     /tmp/ccwNIbAi.s:58     .text._write:0000000000000014 $d
     /tmp/ccwNIbAi.s:70     .text.dissectFloat:0000000000000000 $t
     /tmp/ccwNIbAi.s:77     .text.dissectFloat:0000000000000000 dissectFloat
     /tmp/ccwNIbAi.s:162    .text.dissectFloat:0000000000000058 $d
     /tmp/ccwNIbAi.s:167    .text.Error_Handler:0000000000000000 $t
     /tmp/ccwNIbAi.s:174    .text.Error_Handler:0000000000000000 Error_Handler
     /tmp/ccwNIbAi.s:206    .text.SystemClock_Config:0000000000000000 $t
     /tmp/ccwNIbAi.s:213    .text.SystemClock_Config:0000000000000000 SystemClock_Config
     /tmp/ccwNIbAi.s:303    .rodata.main.str1.4:0000000000000000 $d
     /tmp/ccwNIbAi.s:328    .text.main:0000000000000000 $t
     /tmp/ccwNIbAi.s:335    .text.main:0000000000000000 main
     /tmp/ccwNIbAi.s:495    .text.main:00000000000000b8 $d

UNDEFINED SYMBOLS
HAL_UART_Transmit
huart1
__aeabi_f2iz
__aeabi_i2f
__aeabi_fsub
__aeabi_f2d
__aeabi_i2d
__aeabi_dmul
__aeabi_d2iz
pow
memset
HAL_RCC_OscConfig
HAL_RCC_ClockConfig
HAL_Init
MX_GPIO_Init
MX_I2C1_Init
MX_USART1_UART_Init
LSM6DS0_begin
puts
LSM6DS0_Init
check_Gyro_Init
check_XL_Init
LSM6DS0_ReadGyro_X
LSM6DS0_ReadGyro_Y
LSM6DS0_ReadGyro_Z
LSM6DS0_ReadAccel_X
LSM6DS0_ReadAccel_Y
LSM6DS0_ReadAccel_Z
printf
HAL_Delay
